Resource Usage Report for MSS_sys_i2c_sb 

Mapping to part: m2s005vf400std
Cell usage:
CCC             1 use
CLKINT          5 uses
MSS_005         1 use
RCOSC_25_50MHZ  1 use
RCOSC_25_50MHZ_FAB  1 use
SYSRESET        1 use
CFG1           4 uses
CFG2           66 uses
CFG3           97 uses
CFG4           203 uses

Carry cells:
ARI1            0 uses - used for arithmetic functions
ARI1            10 uses - used for Wide-Mux implementation
Total ARI1      10 uses


Sequential Cells: 
SLE            162 uses

DSP Blocks:    0 of 11 (0%)

I/O ports: 12
I/O primitives: 11
BIBUF          4 uses
INBUF          1 use
OUTBUF         6 uses


Global Clock Buffers: 5

Total LUTs:    380

Extra resources required for RAM and MACC interface logic during P&R:

RAM64x18 Interface Logic : SLEs = 0; LUTs = 0;
RAM1K18  Interface Logic : SLEs = 0; LUTs = 0;
MACC     Interface Logic : SLEs = 0; LUTs = 0;

Total number of SLEs after P&R:  162 + 0 + 0 + 0 = 162;
Total number of LUTs after P&R:  380 + 0 + 0 + 0 = 380;

