Archive member included because of file (symbol)

c:/microsemi/softconsole_v4.0/arm-none-eabi-gcc/bin/../lib/gcc/arm-none-eabi/4.9.3/../../../../arm-none-eabi/lib/armv7-m\libg.a(lib_a-errno.o)
                              ./CMSIS/startup_gcc/newlib_stubs.o (__errno)
c:/microsemi/softconsole_v4.0/arm-none-eabi-gcc/bin/../lib/gcc/arm-none-eabi/4.9.3/../../../../arm-none-eabi/lib/armv7-m\libg.a(lib_a-exit.o)
                              c:/microsemi/softconsole_v4.0/arm-none-eabi-gcc/bin/../lib/gcc/arm-none-eabi/4.9.3/../../../../arm-none-eabi/lib/armv7-m/crt0.o (exit)
c:/microsemi/softconsole_v4.0/arm-none-eabi-gcc/bin/../lib/gcc/arm-none-eabi/4.9.3/../../../../arm-none-eabi/lib/armv7-m\libg.a(lib_a-impure.o)
                              c:/microsemi/softconsole_v4.0/arm-none-eabi-gcc/bin/../lib/gcc/arm-none-eabi/4.9.3/../../../../arm-none-eabi/lib/armv7-m\libg.a(lib_a-exit.o) (_global_impure_ptr)
c:/microsemi/softconsole_v4.0/arm-none-eabi-gcc/bin/../lib/gcc/arm-none-eabi/4.9.3/../../../../arm-none-eabi/lib/armv7-m\libg.a(lib_a-init.o)
                              c:/microsemi/softconsole_v4.0/arm-none-eabi-gcc/bin/../lib/gcc/arm-none-eabi/4.9.3/../../../../arm-none-eabi/lib/armv7-m/crt0.o (__libc_init_array)
c:/microsemi/softconsole_v4.0/arm-none-eabi-gcc/bin/../lib/gcc/arm-none-eabi/4.9.3/../../../../arm-none-eabi/lib/armv7-m\libg.a(lib_a-memcpy.o)
                              ./drivers/mss_sys_services/mss_sys_services.o (memcpy)
c:/microsemi/softconsole_v4.0/arm-none-eabi-gcc/bin/../lib/gcc/arm-none-eabi/4.9.3/../../../../arm-none-eabi/lib/armv7-m\libg.a(lib_a-memset.o)
                              c:/microsemi/softconsole_v4.0/arm-none-eabi-gcc/bin/../lib/gcc/arm-none-eabi/4.9.3/../../../../arm-none-eabi/lib/armv7-m/crt0.o (memset)
c:/microsemi/softconsole_v4.0/arm-none-eabi-gcc/bin/../lib/gcc/arm-none-eabi/4.9.3/../../../../arm-none-eabi/lib/armv7-m\libg.a(lib_a-__call_atexit.o)
                              c:/microsemi/softconsole_v4.0/arm-none-eabi-gcc/bin/../lib/gcc/arm-none-eabi/4.9.3/../../../../arm-none-eabi/lib/armv7-m\libg.a(lib_a-exit.o) (__call_exitprocs)
c:/microsemi/softconsole_v4.0/arm-none-eabi-gcc/bin/../lib/gcc/arm-none-eabi/4.9.3/../../../../arm-none-eabi/lib/armv7-m\libg.a(lib_a-atexit.o)
                              c:/microsemi/softconsole_v4.0/arm-none-eabi-gcc/bin/../lib/gcc/arm-none-eabi/4.9.3/../../../../arm-none-eabi/lib/armv7-m\libg.a(lib_a-__call_atexit.o) (atexit)
c:/microsemi/softconsole_v4.0/arm-none-eabi-gcc/bin/../lib/gcc/arm-none-eabi/4.9.3/../../../../arm-none-eabi/lib/armv7-m\libg.a(lib_a-fini.o)
                              c:/microsemi/softconsole_v4.0/arm-none-eabi-gcc/bin/../lib/gcc/arm-none-eabi/4.9.3/../../../../arm-none-eabi/lib/armv7-m\libg.a(lib_a-__call_atexit.o) (__libc_fini_array)
c:/microsemi/softconsole_v4.0/arm-none-eabi-gcc/bin/../lib/gcc/arm-none-eabi/4.9.3/../../../../arm-none-eabi/lib/armv7-m\libg.a(lib_a-__atexit.o)
                              c:/microsemi/softconsole_v4.0/arm-none-eabi-gcc/bin/../lib/gcc/arm-none-eabi/4.9.3/../../../../arm-none-eabi/lib/armv7-m\libg.a(lib_a-atexit.o) (__register_exitproc)

Allocating common symbols
Common symbol       size              file

g_mss_uart1         0x40              ./drivers/mss_uart/mss_uart.o
g_mss_i2c0          0x74              ./drivers/mss_i2c/mss_i2c.o
g_mss_uart0         0x40              ./drivers/mss_uart/mss_uart.o
g_mss_i2c1          0x74              ./drivers/mss_i2c/mss_i2c.o

Discarded input sections

 .text          0x00000000        0x0 c:/microsemi/softconsole_v4.0/arm-none-eabi-gcc/bin/../lib/gcc/arm-none-eabi/4.9.3/armv7-m/crti.o
 .data          0x00000000        0x0 c:/microsemi/softconsole_v4.0/arm-none-eabi-gcc/bin/../lib/gcc/arm-none-eabi/4.9.3/armv7-m/crti.o
 .bss           0x00000000        0x0 c:/microsemi/softconsole_v4.0/arm-none-eabi-gcc/bin/../lib/gcc/arm-none-eabi/4.9.3/armv7-m/crti.o
 .data          0x00000000        0x4 c:/microsemi/softconsole_v4.0/arm-none-eabi-gcc/bin/../lib/gcc/arm-none-eabi/4.9.3/armv7-m/crtbegin.o
 .text          0x00000000       0x74 c:/microsemi/softconsole_v4.0/arm-none-eabi-gcc/bin/../lib/gcc/arm-none-eabi/4.9.3/../../../../arm-none-eabi/lib/armv7-m/crt0.o
 .data          0x00000000        0x0 c:/microsemi/softconsole_v4.0/arm-none-eabi-gcc/bin/../lib/gcc/arm-none-eabi/4.9.3/../../../../arm-none-eabi/lib/armv7-m/crt0.o
 .bss           0x00000000        0x0 c:/microsemi/softconsole_v4.0/arm-none-eabi-gcc/bin/../lib/gcc/arm-none-eabi/4.9.3/../../../../arm-none-eabi/lib/armv7-m/crt0.o
 .ARM.extab     0x00000000        0x0 c:/microsemi/softconsole_v4.0/arm-none-eabi-gcc/bin/../lib/gcc/arm-none-eabi/4.9.3/../../../../arm-none-eabi/lib/armv7-m/crt0.o
 .ARM.exidx     0x00000000        0x8 c:/microsemi/softconsole_v4.0/arm-none-eabi-gcc/bin/../lib/gcc/arm-none-eabi/4.9.3/../../../../arm-none-eabi/lib/armv7-m/crt0.o
 .text          0x00000000        0xe ./hal/CortexM3/GNU/hal.o
[...]
Memory Configuration

Name             Origin             Length             Attributes
ram              0x20000000         0x00010000         xrw
*default*        0x00000000         0xffffffff

Linker script and memory map

LOAD c:/microsemi/softconsole_v4.0/arm-none-eabi-gcc/bin/../lib/gcc/arm-none-eabi/4.9.3/armv7-m/crti.o
LOAD c:/microsemi/softconsole_v4.0/arm-none-eabi-gcc/bin/../lib/gcc/arm-none-eabi/4.9.3/armv7-m/crtbegin.o
LOAD c:/microsemi/softconsole_v4.0/arm-none-eabi-gcc/bin/../lib/gcc/arm-none-eabi/4.9.3/../../../../arm-none-eabi/lib/armv7-m/crt0.o
LOAD ./hal/CortexM3/GNU/hal.o
LOAD ./hal/CortexM3/GNU/hw_reg_access.o
LOAD ./hal/CortexM3/cortex_nvic.o
LOAD ./drivers_config/sys_config/sys_config.o
LOAD ./drivers/mss_uart/mss_uart.o
LOAD ./drivers/mss_sys_services/mss_comblk.o
LOAD ./drivers/mss_sys_services/mss_sys_services.o
LOAD ./drivers/mss_nvm/mss_nvm.o
LOAD ./drivers/mss_i2c/mss_i2c.o
LOAD ./drivers/mss_hpdma/mss_hpdma.o
LOAD ./drivers/CoreI2C/core_i2c.o
LOAD ./drivers/CoreI2C/i2c_interrupt.o
LOAD ./CMSIS/startup_gcc/newlib_stubs.o
LOAD ./CMSIS/startup_gcc/startup_m2sxxx.o
LOAD ./CMSIS/system_m2sxxx.o
LOAD ./main.o
LOAD ./main1.o
LOAD ./main2.o
START GROUP
LOAD c:/microsemi/softconsole_v4.0/arm-none-eabi-gcc/bin/../lib/gcc/arm-none-eabi/4.9.3/armv7-m\libgcc.a
LOAD c:/microsemi/softconsole_v4.0/arm-none-eabi-gcc/bin/../lib/gcc/arm-none-eabi/4.9.3/../../../../arm-none-eabi/lib/armv7-m\libg.a
LOAD c:/microsemi/softconsole_v4.0/arm-none-eabi-gcc/bin/../lib/gcc/arm-none-eabi/4.9.3/../../../../arm-none-eabi/lib/armv7-m\libc.a
END GROUP
LOAD c:/microsemi/softconsole_v4.0/arm-none-eabi-gcc/bin/../lib/gcc/arm-none-eabi/4.9.3/armv7-m/crtend.o
LOAD c:/microsemi/softconsole_v4.0/arm-none-eabi-gcc/bin/../lib/gcc/arm-none-eabi/4.9.3/armv7-m/crtn.o
START GROUP
LOAD c:/microsemi/softconsole_v4.0/arm-none-eabi-gcc/bin/../lib/gcc/arm-none-eabi/4.9.3/../../../../arm-none-eabi/lib/armv7-m\libc.a
LOAD c:/microsemi/softconsole_v4.0/arm-none-eabi-gcc/bin/../lib/gcc/arm-none-eabi/4.9.3/armv7-m\libgcc.a
LOAD c:/microsemi/softconsole_v4.0/arm-none-eabi-gcc/bin/../lib/gcc/arm-none-eabi/4.9.3/../../../../arm-none-eabi/lib/armv7-m\libm.a
END GROUP
                0x00000000                __DYNAMIC = 0x0
                0x20000000                RAM_START_ADDRESS = 0x20000000
                0x00010000                RAM_SIZE = 0x10000
                0x00001000                MAIN_STACK_SIZE = 0x1000
                0x00001000                MIN_SIZE_HEAP = 0x1000
                0x20010000                PROVIDE (__main_stack_start, (RAM_START_ADDRESS + RAM_SIZE))
                0x20010000                PROVIDE (_estack, __main_stack_start)
                0x00000000                PROVIDE (__mirrored_nvm, 0x0)
                0x00000000                PROVIDE (__smartfusion2_memory_remap, 0x0)

.vector_table   0x20000000      0x190
                0x20000000                __vector_table_load = LOADADDR (.vector_table)
                0x20000000                __vector_table_start = .
                0x20000000                __vector_table_vma_base_address = .
 *(.isr_vector)
 .isr_vector    0x20000000      0x190 ./CMSIS/startup_gcc/startup_m2sxxx.o
                0x20000000                g_pfnVectors
                0x20000190                . = ALIGN (0x10)
                0x20000190                _evector_table = .

.boot_code      0x20000190      0x330
 *(.boot_code)
 .boot_code     0x20000190      0x324 ./CMSIS/startup_gcc/startup_m2sxxx.o
                0x20000190                Reset_Handler
                0x2000037e                NMI_Handler
                0x20000380                HardFault_Handler
                0x20000382                MemManage_Handler
                0x20000384                BusFault_Handler
                0x20000386                UsageFault_Handler
                0x20000388                SVC_Handler
                0x2000038a                DebugMon_Handler
                0x2000038c                PendSV_Handler
                0x2000038e                SysTick_Handler
                0x20000390                WdogWakeup_IRQHandler
                0x20000392                RTC_Wakeup_IRQHandler
                0x20000394                SPI0_IRQHandler
                0x20000396                SPI1_IRQHandler
                0x2000039a                I2C0_SMBAlert_IRQHandler
                0x2000039c                I2C0_SMBus_IRQHandler
                0x200003a0                I2C1_SMBAlert_IRQHandler
                0x200003a2                I2C1_SMBus_IRQHandler
                0x200003a8                EthernetMAC_IRQHandler
                0x200003aa                DMA_IRQHandler
                0x200003ac                Timer1_IRQHandler
                0x200003ae                Timer2_IRQHandler
                0x200003b0                CAN_IRQHandler
                0x200003b2                ENVM0_IRQHandler
                0x200003b4                ENVM1_IRQHandler
                0x200003b8                USB_IRQHandler
                0x200003ba                USB_DMA_IRQHandler
                0x200003bc                PLL_Lock_IRQHandler
                0x200003be                PLL_LockLost_IRQHandler
                0x200003c0                CommSwitchError_IRQHandler
                0x200003c2                CacheError_IRQHandler
                0x200003c4                DDR_IRQHandler
                0x200003ca                ECC_Error_IRQHandler
                0x200003cc                MDDR_IOCalib_IRQHandler
                0x200003ce                FAB_PLL_Lock_IRQHandler
                0x200003d0                FAB_PLL_LockLost_IRQHandler
                0x200003d2                FIC64_IRQHandler
                0x200003d4                FabricIrq0_IRQHandler
                0x200003d6                FabricIrq1_IRQHandler
                0x200003d8                FabricIrq2_IRQHandler
                0x200003da                FabricIrq3_IRQHandler
                0x200003dc                FabricIrq4_IRQHandler
                0x200003de                FabricIrq5_IRQHandler
                0x200003e0                FabricIrq6_IRQHandler
                0x200003e2                FabricIrq7_IRQHandler
                0x200003e4                FabricIrq8_IRQHandler
                0x200003e6                FabricIrq9_IRQHandler
                0x200003e8                FabricIrq10_IRQHandler
                0x200003ea                FabricIrq11_IRQHandler
                0x200003ec                FabricIrq12_IRQHandler
                0x200003ee                FabricIrq13_IRQHandler
                0x200003f0                FabricIrq14_IRQHandler
                0x200003f2                FabricIrq15_IRQHandler
                0x200003f4                GPIO0_IRQHandler
                0x200003f6                GPIO1_IRQHandler
                0x200003f8                GPIO2_IRQHandler
                0x200003fa                GPIO3_IRQHandler
                0x200003fc                GPIO4_IRQHandler
                0x200003fe                GPIO5_IRQHandler
                0x20000400                GPIO6_IRQHandler
                0x20000402                GPIO7_IRQHandler
                0x20000404                GPIO8_IRQHandler
                0x20000406                GPIO9_IRQHandler
                0x20000408                GPIO10_IRQHandler
                0x2000040a                GPIO11_IRQHandler
                0x2000040c                GPIO12_IRQHandler
                0x2000040e                GPIO13_IRQHandler
                0x20000410                GPIO14_IRQHandler
                0x20000412                GPIO15_IRQHandler
                0x20000414                GPIO16_IRQHandler
                0x20000416                GPIO17_IRQHandler
                0x20000418                GPIO18_IRQHandler
                0x2000041a                GPIO19_IRQHandler
                0x2000041c                GPIO20_IRQHandler
                0x2000041e                GPIO21_IRQHandler
                0x20000420                GPIO22_IRQHandler
                0x20000422                GPIO23_IRQHandler
                0x20000424                GPIO24_IRQHandler
                0x20000426                GPIO25_IRQHandler
                0x20000428                GPIO26_IRQHandler
                0x2000042a                GPIO27_IRQHandler
                0x2000042c                GPIO28_IRQHandler
                0x2000042e                GPIO29_IRQHandler
                0x20000430                GPIO30_IRQHandler
                0x20000432                GPIO31_IRQHandler
                0x20000434                mscc_post_hw_cfg_init
                0x200004c0                . = ALIGN (0x10)
 *fill*         0x200004b4        0xc 

.text           0x200004c0     0x16c0
 CREATE_OBJECT_SYMBOLS
                0x200004c0                __text_load = LOADADDR (.text)
                0x200004c0                __text_start = .
 *(.text .text.* .gnu.linkonce.t.*)
 .text          0x200004c0       0x5c c:/microsemi/softconsole_v4.0/arm-none-eabi-gcc/bin/../lib/gcc/arm-none-eabi/4.9.3/armv7-m/crtbegin.o
 .text.read_bit_reg8
                0x2000051c       0x38 ./drivers/mss_uart/mss_uart.o
 .text.UART0_IRQHandler
                0x20000554       0x20 ./drivers/mss_uart/mss_uart.o
                0x20000554                UART0_IRQHandler
 .text.UART1_IRQHandler
                0x20000574       0x20 ./drivers/mss_uart/mss_uart.o
                0x20000574                UART1_IRQHandler
 .text.MSS_UART_isr
                0x20000594      0x1f0 ./drivers/mss_uart/mss_uart.o
 .text.ComBlk_IRQHandler
                0x20000784       0x48 ./drivers/mss_sys_services/mss_comblk.o
                0x20000784                ComBlk_IRQHandler
 .text.handle_tx_okay_irq
                0x200007cc      0x1b0 ./drivers/mss_sys_services/mss_comblk.o
 .text.handle_rx_okay_irq
                0x2000097c      0x204 ./drivers/mss_sys_services/mss_comblk.o
 .text.complete_request
                0x20000b80       0x40 ./drivers/mss_sys_services/mss_comblk.o
 .text.abort_current_cmd
                0x20000bc0       0x4c ./drivers/mss_sys_services/mss_comblk.o
 .text.fill_tx_fifo
                0x20000c0c       0x64 ./drivers/mss_sys_services/mss_comblk.o
 .text.process_sys_ctrl_command
                0x20000c70       0x28 ./drivers/mss_sys_services/mss_comblk.o
 .text.NVIC_DisableIRQ
                0x20000c98       0x34 ./drivers/mss_i2c/mss_i2c.o
 .text.enable_slave_if_required
                0x20000ccc       0x24 ./drivers/mss_i2c/mss_i2c.o
 .text.mss_i2c_isr
                0x20000cf0      0x844 ./drivers/mss_i2c/mss_i2c.o
 .text.I2C0_IRQHandler
                0x20001534       0x20 ./drivers/mss_i2c/mss_i2c.o
                0x20001534                I2C0_IRQHandler
 .text.I2C1_IRQHandler
                0x20001554       0x20 ./drivers/mss_i2c/mss_i2c.o
                0x20001554                I2C1_IRQHandler
 .text.start_transfer
                0x20001574      0x14c ./drivers/mss_hpdma/mss_hpdma.o
 .text.HPDMA_Complete_IRQHandler
                0x200016c0       0xf4 ./drivers/mss_hpdma/mss_hpdma.o
                0x200016c0                HPDMA_Complete_IRQHandler
 .text.HPDMA_Error_IRQHandler
                0x200017b4      0x100 ./drivers/mss_hpdma/mss_hpdma.o
                0x200017b4                HPDMA_Error_IRQHandler
 .text.SystemInit
                0x200018b4       0x20 ./CMSIS/system_m2sxxx.o
                0x200018b4                SystemInit
 .text.get_silicon_revision
                0x200018d4       0x48 ./CMSIS/system_m2sxxx.o
 .text.silicon_workarounds
                0x2000191c       0x20 ./CMSIS/system_m2sxxx.o
 .text.m2s050_rev_a_workarounds
                0x2000193c       0x30 ./CMSIS/system_m2sxxx.o
 .text.i2c_init
                0x2000196c       0x14 ./main.o
                0x2000196c                i2c_init
 .text.i2c_read_register
                0x20001980       0x7c ./main.o
                0x20001980                i2c_read_register
 .text.main     0x200019fc       0x18 ./main.o
                0x200019fc                main
 .text.__libc_init_array
                0x20001a14       0x50 c:/microsemi/softconsole_v4.0/arm-none-eabi-gcc/bin/../lib/gcc/arm-none-eabi/4.9.3/../../../../arm-none-eabi/lib/armv7-m\libg.a(lib_a-init.o)
                0x20001a14                __libc_init_array
 .text.startup.register_fini
                0x20001a64       0x14 c:/microsemi/softconsole_v4.0/arm-none-eabi-gcc/bin/../lib/gcc/arm-none-eabi/4.9.3/../../../../arm-none-eabi/lib/armv7-m\libg.a(lib_a-__call_atexit.o)
 .text.atexit   0x20001a78        0xc c:/microsemi/softconsole_v4.0/arm-none-eabi-gcc/bin/../lib/gcc/arm-none-eabi/4.9.3/../../../../arm-none-eabi/lib/armv7-m\libg.a(lib_a-atexit.o)
                0x20001a78                atexit
 .text.__libc_fini_array
                0x20001a84       0x2c c:/microsemi/softconsole_v4.0/arm-none-eabi-gcc/bin/../lib/gcc/arm-none-eabi/4.9.3/../../../../arm-none-eabi/lib/armv7-m\libg.a(lib_a-fini.o)
                0x20001a84                __libc_fini_array
 .text.__register_exitproc
                0x20001ab0       0xa4 c:/microsemi/softconsole_v4.0/arm-none-eabi-gcc/bin/../lib/gcc/arm-none-eabi/4.9.3/../../../../arm-none-eabi/lib/armv7-m\libg.a(lib_a-__atexit.o)
                0x20001ab0                __register_exitproc
 *(.plt)
 *(.gnu.warning)
 *(.glue_7t)
 .glue_7t       0x00000000        0x0 linker stubs
 *(.glue_7)
 .glue_7        0x00000000        0x0 linker stubs
 *(.vfp11_veneer)
 .vfp11_veneer  0x00000000        0x0 linker stubs
                0x20001b54                . = ALIGN (0x4)
 *crtbegin.o(.ctors)
 *(EXCLUDE_FILE(*crtend.o) .ctors)
 *(SORT(.ctors.*))
 *crtend.o(.ctors)
 *crtbegin.o(.dtors)
 *(EXCLUDE_FILE(*crtend.o) .dtors)
 *(SORT(.dtors.*))
 *crtend.o(.dtors)
 *(.rodata .rodata.* .gnu.linkonce.r.*)
 .rodata.str1.4
                0x20001b54        0x4 c:/microsemi/softconsole_v4.0/arm-none-eabi-gcc/bin/../lib/gcc/arm-none-eabi/4.9.3/../../../../arm-none-eabi/lib/armv7-m\libg.a(lib_a-impure.o)
                                  0x2 (size before relaxing)
 .rodata._global_impure_ptr
                0x20001b58        0x4 c:/microsemi/softconsole_v4.0/arm-none-eabi-gcc/bin/../lib/gcc/arm-none-eabi/4.9.3/../../../../arm-none-eabi/lib/armv7-m\libg.a(lib_a-impure.o)
                0x20001b58                _global_impure_ptr
 *(.ARM.extab* .gnu.linkonce.armextab.*)
 *(.gcc_except_table)
 *(.eh_frame_hdr)
 *(.eh_frame)
 .eh_frame      0x20001b5c        0x0 c:/microsemi/softconsole_v4.0/arm-none-eabi-gcc/bin/../lib/gcc/arm-none-eabi/4.9.3/armv7-m/crtbegin.o
 *(.vector_table)
 *(.init)
 .init          0x20001b5c        0x4 c:/microsemi/softconsole_v4.0/arm-none-eabi-gcc/bin/../lib/gcc/arm-none-eabi/4.9.3/armv7-m/crti.o
                0x20001b5c                _init
 .init          0x20001b60        0x8 c:/microsemi/softconsole_v4.0/arm-none-eabi-gcc/bin/../lib/gcc/arm-none-eabi/4.9.3/armv7-m/crtn.o
 *(.fini)
 .fini          0x20001b68        0x4 c:/microsemi/softconsole_v4.0/arm-none-eabi-gcc/bin/../lib/gcc/arm-none-eabi/4.9.3/armv7-m/crti.o
                0x20001b68                _fini
 .fini          0x20001b6c        0x8 c:/microsemi/softconsole_v4.0/arm-none-eabi-gcc/bin/../lib/gcc/arm-none-eabi/4.9.3/armv7-m/crtn.o
                0x20001b74                PROVIDE (__preinit_array_start, .)
 *(.preinit_array)
                0x20001b74                PROVIDE (__preinit_array_end, .)
                0x20001b74                PROVIDE (__init_array_start, .)
 *(SORT(.init_array.*))
 .init_array.00000
                0x20001b74        0x4 c:/microsemi/softconsole_v4.0/arm-none-eabi-gcc/bin/../lib/gcc/arm-none-eabi/4.9.3/../../../../arm-none-eabi/lib/armv7-m\libg.a(lib_a-__call_atexit.o)
 *(.init_array)
 .init_array    0x20001b78        0x4 c:/microsemi/softconsole_v4.0/arm-none-eabi-gcc/bin/../lib/gcc/arm-none-eabi/4.9.3/armv7-m/crtbegin.o
                0x20001b7c                PROVIDE (__init_array_end, .)
                0x20001b7c                PROVIDE (__fini_array_start, .)
 *(.fini_array)
 .fini_array    0x20001b7c        0x4 c:/microsemi/softconsole_v4.0/arm-none-eabi-gcc/bin/../lib/gcc/arm-none-eabi/4.9.3/armv7-m/crtbegin.o
 *(SORT(.fini_array.*))
                0x20001b80                PROVIDE (__fini_array_end, .)
                0x20001b80                . = ALIGN (0x10)
                0x20001b80                __exidx_start = .

.v4_bx          0x20001b80        0x0
 .v4_bx         0x00000000        0x0 linker stubs

.iplt           0x20001b80        0x0
 .iplt          0x00000000        0x0 c:/microsemi/softconsole_v4.0/arm-none-eabi-gcc/bin/../lib/gcc/arm-none-eabi/4.9.3/armv7-m/crtbegin.o

.rel.dyn        0x20001b80        0x0
 .rel.iplt      0x00000000        0x0 c:/microsemi/softconsole_v4.0/arm-none-eabi-gcc/bin/../lib/gcc/arm-none-eabi/4.9.3/armv7-m/crtbegin.o

.ARM.exidx
 *(.ARM.exidx* .gnu.linkonce.armexidx.*)
                0x20001b80                __exidx_end = .
                0x20001b80                _etext = .
                0x20001b80                PROVIDE (__text_end, .)

.data           0x20001b80      0x430
                0x20001b80                __data_load = LOADADDR (.data)
                0x20001b80                _sidata = LOADADDR (.data)
                0x20001b80                __data_start = .
                0x20001b80                _sdata = .
 *(.jcr)
 .jcr           0x20001b80        0x0 c:/microsemi/softconsole_v4.0/arm-none-eabi-gcc/bin/../lib/gcc/arm-none-eabi/4.9.3/armv7-m/crtbegin.o
 .jcr           0x20001b80        0x4 c:/microsemi/softconsole_v4.0/arm-none-eabi-gcc/bin/../lib/gcc/arm-none-eabi/4.9.3/armv7-m/crtend.o
 *(.got.plt)
 *(.got)
 *(.shdata)
 *(.data .data.* .gnu.linkonce.d.*)
 *fill*         0x20001b84        0x4 
 .data.impure_data
                0x20001b88      0x428 c:/microsemi/softconsole_v4.0/arm-none-eabi-gcc/bin/../lib/gcc/arm-none-eabi/4.9.3/../../../../arm-none-eabi/lib/armv7-m\libg.a(lib_a-impure.o)
                0x20001fb0                . = ALIGN (0x10)
                0x20001fb0                _edata = .

.igot.plt       0x20001fb0        0x0
 .igot.plt      0x00000000        0x0 c:/microsemi/softconsole_v4.0/arm-none-eabi-gcc/bin/../lib/gcc/arm-none-eabi/4.9.3/armv7-m/crtbegin.o

.bss            0x20001fb0      0x1d0
                0x20001fb0                __bss_start__ = .
                0x20001fb0                _sbss = .
 *(.shbss)
 *(.bss .bss.* .gnu.linkonce.b.*)
 .bss           0x20001fb0       0x1c c:/microsemi/softconsole_v4.0/arm-none-eabi-gcc/bin/../lib/gcc/arm-none-eabi/4.9.3/armv7-m/crtbegin.o
 .bss.g_comblk_cmd_opcode
                0x20001fcc        0x1 ./drivers/mss_sys_services/mss_comblk.o
 *fill*         0x20001fcd        0x3 
 .bss.g_comblk_p_cmd
                0x20001fd0        0x4 ./drivers/mss_sys_services/mss_comblk.o
 .bss.g_comblk_cmd_size
                0x20001fd4        0x2 ./drivers/mss_sys_services/mss_comblk.o
 *fill*         0x20001fd6        0x2 
 .bss.g_comblk_p_data
                0x20001fd8        0x4 ./drivers/mss_sys_services/mss_comblk.o
 .bss.g_comblk_data_size
                0x20001fdc        0x4 ./drivers/mss_sys_services/mss_comblk.o
 .bss.g_comblk_p_response
                0x20001fe0        0x4 ./drivers/mss_sys_services/mss_comblk.o
 .bss.g_comblk_response_size
                0x20001fe4        0x2 ./drivers/mss_sys_services/mss_comblk.o
 .bss.g_comblk_response_idx
                0x20001fe6        0x2 ./drivers/mss_sys_services/mss_comblk.o
 .bss.g_comblk_completion_handler
                0x20001fe8        0x4 ./drivers/mss_sys_services/mss_comblk.o
 .bss.g_comblk_page_handler
                0x20001fec        0x4 ./drivers/mss_sys_services/mss_comblk.o
 .bss.g_request_in_progress
                0x20001ff0        0x1 ./drivers/mss_sys_services/mss_comblk.o
 .bss.g_comblk_state
                0x20001ff1        0x1 ./drivers/mss_sys_services/mss_comblk.o
 *fill*         0x20001ff2        0x2 
 .bss.g_async_event_handler
                0x20001ff4        0x4 ./drivers/mss_sys_services/mss_comblk.o
 .bss.g_transfer
                0x20001ff8       0x18 ./drivers/mss_hpdma/mss_hpdma.o
 .bss.g_hpdma_end_desc
                0x20002010        0x4 ./drivers/mss_hpdma/mss_hpdma.o
 .bss.g_hpdma_current_desc
                0x20002014        0x4 ./drivers/mss_hpdma/mss_hpdma.o
 *(COMMON)
 COMMON         0x20002018       0x80 ./drivers/mss_uart/mss_uart.o
                0x20002018                g_mss_uart1
                0x20002058                g_mss_uart0
 COMMON         0x20002098       0xe8 ./drivers/mss_i2c/mss_i2c.o
                0x20002098                g_mss_i2c0
                0x2000210c                g_mss_i2c1
                0x20002180                . = ALIGN (0x10)
                0x20002180                __bss_end__ = .
                0x20002180                _end = .
                0x20002180                __end = _end
                0x20002180                _ebss = .
                0x20002180                PROVIDE (end, .)

.heap           0x20002180     0xce80
                0x20002180                __heap_start__ = .
                0x20003180                . = (. + MIN_SIZE_HEAP)
 *fill*         0x20002180     0x1000 
                0x2000f000                . = (. + (((ABSOLUTE (RAM_START_ADDRESS) + RAM_SIZE) - MAIN_STACK_SIZE) - .))
 *fill*         0x20003180     0xbe80 
                0x2000f000                _eheap = .

.stack          0x2000f000     0x1000
                0x2000f000                __stack_start__ = .
                0x20010000                . = (. + MAIN_STACK_SIZE)
 *fill*         0x2000f000     0x1000 
                0x20010000                _estack = .

.stab
 *(.stab)

.stabstr
 *(.stabstr)

.debug
 *(.debug)

.line
 *(.line)

.debug_srcinfo
 *(.debug_srcinfo)

.debug_sfnames
 *(.debug_sfnames)

.debug_aranges  0x00000000      0x9a0
 *(.debug_aranges)
 .debug_aranges
                0x00000000       0x20 ./hal/CortexM3/GNU/hal.o
 .debug_aranges
                0x00000020       0x20 ./hal/CortexM3/GNU/hw_reg_access.o
 .debug_aranges
                0x00000040       0x48 ./hal/CortexM3/cortex_nvic.o
 .debug_aranges
                0x00000088       0x18 ./drivers_config/sys_config/sys_config.o
 .debug_aranges
                0x000000a0      0x1d0 ./drivers/mss_uart/mss_uart.o
 .debug_aranges
                0x00000270       0x90 ./drivers/mss_sys_services/mss_comblk.o
 .debug_aranges
                0x00000300      0x1c8 ./drivers/mss_sys_services/mss_sys_services.o
 .debug_aranges
                0x000004c8       0x80 ./drivers/mss_nvm/mss_nvm.o
 .debug_aranges
                0x00000548      0x128 ./drivers/mss_i2c/mss_i2c.o
 .debug_aranges
                0x00000670       0x80 ./drivers/mss_hpdma/mss_hpdma.o
 .debug_aranges
                0x000006f0      0x110 ./drivers/CoreI2C/core_i2c.o
 .debug_aranges
                0x00000800       0x28 ./drivers/CoreI2C/i2c_interrupt.o
 .debug_aranges
                0x00000828       0xa8 ./CMSIS/startup_gcc/newlib_stubs.o
 .debug_aranges
                0x000008d0       0x20 ./CMSIS/startup_gcc/startup_m2sxxx.o
 .debug_aranges
                0x000008f0       0x50 ./CMSIS/system_m2sxxx.o
 .debug_aranges
                0x00000940       0x30 ./main.o
 .debug_aranges
                0x00000970       0x18 ./main1.o
 .debug_aranges
                0x00000988       0x18 ./main2.o

.debug_pubnames
 *(.debug_pubnames)

.debug_info     0x00000000     0xa78e
 *(.debug_info .gnu.linkonce.wi.*)
 .debug_info    0x00000000       0x91 ./hal/CortexM3/GNU/hal.o
 .debug_info    0x00000091       0x9b ./hal/CortexM3/GNU/hw_reg_access.o
 .debug_info    0x0000012c      0x18b ./hal/CortexM3/cortex_nvic.o
 .debug_info    0x000002b7       0x96 ./drivers_config/sys_config/sys_config.o
 .debug_info    0x0000034d     0x1cc5 ./drivers/mss_uart/mss_uart.o
 .debug_info    0x00002012      0xb0d ./drivers/mss_sys_services/mss_comblk.o
 .debug_info    0x00002b1f     0x1e16 ./drivers/mss_sys_services/mss_sys_services.o
 .debug_info    0x00004935     0x1158 ./drivers/mss_nvm/mss_nvm.o
 .debug_info    0x00005a8d     0x18a2 ./drivers/mss_i2c/mss_i2c.o
 .debug_info    0x0000732f     0x1169 ./drivers/mss_hpdma/mss_hpdma.o
 .debug_info    0x00008498      0xc82 ./drivers/CoreI2C/core_i2c.o
 .debug_info    0x0000911a      0x34b ./drivers/CoreI2C/i2c_interrupt.o
 .debug_info    0x00009465      0x692 ./CMSIS/startup_gcc/newlib_stubs.o
 .debug_info    0x00009af7       0x9d ./CMSIS/startup_gcc/startup_m2sxxx.o
 .debug_info    0x00009b94      0xaa3 ./CMSIS/system_m2sxxx.o
 .debug_info    0x0000a637      0x115 ./main.o
 .debug_info    0x0000a74c       0x21 ./main1.o
 .debug_info    0x0000a76d       0x21 ./main2.o

.debug_abbrev   0x00000000     0x15f3
 *(.debug_abbrev)
 .debug_abbrev  0x00000000       0x14 ./hal/CortexM3/GNU/hal.o
 .debug_abbrev  0x00000014       0x14 ./hal/CortexM3/GNU/hw_reg_access.o
 .debug_abbrev  0x00000028       0xa3 ./hal/CortexM3/cortex_nvic.o
 .debug_abbrev  0x000000cb       0x4e ./drivers_config/sys_config/sys_config.o
 .debug_abbrev  0x00000119      0x2e6 ./drivers/mss_uart/mss_uart.o
 .debug_abbrev  0x000003ff      0x1d2 ./drivers/mss_sys_services/mss_comblk.o
 .debug_abbrev  0x000005d1      0x251 ./drivers/mss_sys_services/mss_sys_services.o
 .debug_abbrev  0x00000822      0x1cb ./drivers/mss_nvm/mss_nvm.o
 .debug_abbrev  0x000009ed      0x2dd ./drivers/mss_i2c/mss_i2c.o
 .debug_abbrev  0x00000cca      0x246 ./drivers/mss_hpdma/mss_hpdma.o
 .debug_abbrev  0x00000f10      0x1b9 ./drivers/CoreI2C/core_i2c.o
 .debug_abbrev  0x000010c9       0xfd ./drivers/CoreI2C/i2c_interrupt.o
 .debug_abbrev  0x000011c6      0x1c4 ./CMSIS/startup_gcc/newlib_stubs.o
 .debug_abbrev  0x0000138a       0x14 ./CMSIS/startup_gcc/startup_m2sxxx.o
 .debug_abbrev  0x0000139e      0x189 ./CMSIS/system_m2sxxx.o
 .debug_abbrev  0x00001527       0xa6 ./main.o
 .debug_abbrev  0x000015cd       0x13 ./main1.o
 .debug_abbrev  0x000015e0       0x13 ./main2.o

.debug_line     0x00000000     0x4ed5
 *(.debug_line)
 .debug_line    0x00000000       0x4d ./hal/CortexM3/GNU/hal.o
 .debug_line    0x0000004d       0x8b ./hal/CortexM3/GNU/hw_reg_access.o
 .debug_line    0x000000d8      0x2b0 ./hal/CortexM3/cortex_nvic.o
 .debug_line    0x00000388      0x2aa ./drivers_config/sys_config/sys_config.o
 .debug_line    0x00000632      0xe31 ./drivers/mss_uart/mss_uart.o
 .debug_line    0x00001463      0x53d ./drivers/mss_sys_services/mss_comblk.o
 .debug_line    0x000019a0      0xdaf ./drivers/mss_sys_services/mss_sys_services.o
 .debug_line    0x0000274f      0x689 ./drivers/mss_nvm/mss_nvm.o
 .debug_line    0x00002dd8      0x7f1 ./drivers/mss_i2c/mss_i2c.o
 .debug_line    0x000035c9      0x467 ./drivers/mss_hpdma/mss_hpdma.o
 .debug_line    0x00003a30      0x6b2 ./drivers/CoreI2C/core_i2c.o
 .debug_line    0x000040e2      0x2aa ./drivers/CoreI2C/i2c_interrupt.o
 .debug_line    0x0000438c      0x41a ./CMSIS/startup_gcc/newlib_stubs.o
 .debug_line    0x000047a6      0x190 ./CMSIS/startup_gcc/startup_m2sxxx.o
 .debug_line    0x00004936      0x354 ./CMSIS/system_m2sxxx.o
 .debug_line    0x00004c8a      0x1f5 ./main.o
 .debug_line    0x00004e7f       0x2b ./main1.o
 .debug_line    0x00004eaa       0x2b ./main2.o

.debug_frame    0x00000000     0x271c
 *(.debug_frame)
 .debug_frame   0x00000000       0xf8 ./hal/CortexM3/cortex_nvic.o
 .debug_frame   0x000000f8      0x820 ./drivers/mss_uart/mss_uart.o
 .debug_frame   0x00000918      0x240 ./drivers/mss_sys_services/mss_comblk.o
 .debug_frame   0x00000b58      0x7e0 ./drivers/mss_sys_services/mss_sys_services.o
 .debug_frame   0x00001338      0x208 ./drivers/mss_nvm/mss_nvm.o
 .debug_frame   0x00001540      0x540 ./drivers/mss_i2c/mss_i2c.o
 .debug_frame   0x00001a80      0x210 ./drivers/mss_hpdma/mss_hpdma.o
 .debug_frame   0x00001c90      0x480 ./drivers/CoreI2C/core_i2c.o
 .debug_frame   0x00002110       0x60 ./drivers/CoreI2C/i2c_interrupt.o
 .debug_frame   0x00002170      0x2a8 ./CMSIS/startup_gcc/newlib_stubs.o
 .debug_frame   0x00002418      0x10c ./CMSIS/system_m2sxxx.o
 .debug_frame   0x00002524       0x78 ./main.o
 .debug_frame   0x0000259c       0x20 c:/microsemi/softconsole_v4.0/arm-none-eabi-gcc/bin/../lib/gcc/arm-none-eabi/4.9.3/../../../../arm-none-eabi/lib/armv7-m\libg.a(lib_a-errno.o)
 .debug_frame   0x000025bc       0x28 c:/microsemi/softconsole_v4.0/arm-none-eabi-gcc/bin/../lib/gcc/arm-none-eabi/4.9.3/../../../../arm-none-eabi/lib/armv7-m\libg.a(lib_a-exit.o)
 .debug_frame   0x000025e4       0x2c c:/microsemi/softconsole_v4.0/arm-none-eabi-gcc/bin/../lib/gcc/arm-none-eabi/4.9.3/../../../../arm-none-eabi/lib/armv7-m\libg.a(lib_a-init.o)
 .debug_frame   0x00002610       0x34 c:/microsemi/softconsole_v4.0/arm-none-eabi-gcc/bin/../lib/gcc/arm-none-eabi/4.9.3/../../../../arm-none-eabi/lib/armv7-m\libg.a(lib_a-memset.o)
 .debug_frame   0x00002644       0x50 c:/microsemi/softconsole_v4.0/arm-none-eabi-gcc/bin/../lib/gcc/arm-none-eabi/4.9.3/../../../../arm-none-eabi/lib/armv7-m\libg.a(lib_a-__call_atexit.o)
 .debug_frame   0x00002694       0x20 c:/microsemi/softconsole_v4.0/arm-none-eabi-gcc/bin/../lib/gcc/arm-none-eabi/4.9.3/../../../../arm-none-eabi/lib/armv7-m\libg.a(lib_a-atexit.o)
 .debug_frame   0x000026b4       0x34 c:/microsemi/softconsole_v4.0/arm-none-eabi-gcc/bin/../lib/gcc/arm-none-eabi/4.9.3/../../../../arm-none-eabi/lib/armv7-m\libg.a(lib_a-fini.o)
 .debug_frame   0x000026e8       0x34 c:/microsemi/softconsole_v4.0/arm-none-eabi-gcc/bin/../lib/gcc/arm-none-eabi/4.9.3/../../../../arm-none-eabi/lib/armv7-m\libg.a(lib_a-__atexit.o)

.debug_str      0x00000000    0x14da7
 *(.debug_str)
 .debug_str     0x00000000     0x349d ./hal/CortexM3/cortex_nvic.o
                               0x3625 (size before relaxing)
 .debug_str     0x0000349d     0x5709 ./drivers_config/sys_config/sys_config.o
                               0x871a (size before relaxing)
 .debug_str     0x00008ba6     0x255c ./drivers/mss_uart/mss_uart.o
                               0xb0a3 (size before relaxing)
 .debug_str     0x0000b102      0x4be ./drivers/mss_sys_services/mss_comblk.o
                               0x94e2 (size before relaxing)
 .debug_str     0x0000b5c0     0x4192 ./drivers/mss_sys_services/mss_sys_services.o
                               0xd704 (size before relaxing)
 .debug_str     0x0000f752      0xcc9 ./drivers/mss_nvm/mss_nvm.o
                               0x9e52 (size before relaxing)
 .debug_str     0x0001041b      0xc3c ./drivers/mss_i2c/mss_i2c.o
                               0xc3d4 (size before relaxing)
 .debug_str     0x00011057      0x762 ./drivers/mss_hpdma/mss_hpdma.o
                               0x9dfc (size before relaxing)
 .debug_str     0x000117b9      0xf73 ./drivers/CoreI2C/core_i2c.o
                               0x6e5f (size before relaxing)
 .debug_str     0x0001272c       0x42 ./drivers/CoreI2C/i2c_interrupt.o
                               0x4038 (size before relaxing)
 .debug_str     0x0001276e     0x1ee6 ./CMSIS/startup_gcc/newlib_stubs.o
                               0x6a34 (size before relaxing)
 .debug_str     0x00014654      0x530 ./CMSIS/system_m2sxxx.o
                               0x93c9 (size before relaxing)
 .debug_str     0x00014b84      0x20d ./main.o
                               0x3251 (size before relaxing)
 .debug_str     0x00014d91        0xb ./main1.o
                               0x2473 (size before relaxing)
 .debug_str     0x00014d9c        0xb ./main2.o
                               0x2473 (size before relaxing)

.debug_loc
 *(.debug_loc)

.debug_macinfo
 *(.debug_macinfo)

.debug_weaknames
 *(.debug_weaknames)

.debug_funcnames
 *(.debug_funcnames)

.debug_typenames
 *(.debug_typenames)

.debug_varnames
 *(.debug_varnames)

.note.gnu.arm.ident
 *(.note.gnu.arm.ident)

.ARM.attributes
                0x00000000       0x29
 *(.ARM.attributes)
 .ARM.attributes
                0x00000000       0x1d c:/microsemi/softconsole_v4.0/arm-none-eabi-gcc/bin/../lib/gcc/arm-none-eabi/4.9.3/armv7-m/crti.o
 .ARM.attributes
                0x0000001d       0x2d c:/microsemi/softconsole_v4.0/arm-none-eabi-gcc/bin/../lib/gcc/arm-none-eabi/4.9.3/armv7-m/crtbegin.o
 .ARM.attributes
                0x0000004a       0x1b c:/microsemi/softconsole_v4.0/arm-none-eabi-gcc/bin/../lib/gcc/arm-none-eabi/4.9.3/../../../../arm-none-eabi/lib/armv7-m/crt0.o
 .ARM.attributes
                0x00000065       0x21 ./hal/CortexM3/GNU/hal.o
 .ARM.attributes
                0x00000086       0x21 ./hal/CortexM3/GNU/hw_reg_access.o
 .ARM.attributes
                0x000000a7       0x33 ./hal/CortexM3/cortex_nvic.o
 .ARM.attributes
                0x000000da       0x33 ./drivers_config/sys_config/sys_config.o
 .ARM.attributes
                0x0000010d       0x33 ./drivers/mss_uart/mss_uart.o
 .ARM.attributes
                0x00000140       0x33 ./drivers/mss_sys_services/mss_comblk.o
 .ARM.attributes
                0x00000173       0x33 ./drivers/mss_sys_services/mss_sys_services.o
 .ARM.attributes
                0x000001a6       0x33 ./drivers/mss_nvm/mss_nvm.o
 .ARM.attributes
                0x000001d9       0x33 ./drivers/mss_i2c/mss_i2c.o
 .ARM.attributes
                0x0000020c       0x33 ./drivers/mss_hpdma/mss_hpdma.o
 .ARM.attributes
                0x0000023f       0x33 ./drivers/CoreI2C/core_i2c.o
 .ARM.attributes
                0x00000272       0x33 ./drivers/CoreI2C/i2c_interrupt.o
 .ARM.attributes
                0x000002a5       0x33 ./CMSIS/startup_gcc/newlib_stubs.o
 .ARM.attributes
                0x000002d8       0x21 ./CMSIS/startup_gcc/startup_m2sxxx.o
 .ARM.attributes
                0x000002f9       0x33 ./CMSIS/system_m2sxxx.o
 .ARM.attributes
                0x0000032c       0x33 ./main.o
 .ARM.attributes
                0x0000035f       0x33 ./main1.o
 .ARM.attributes
                0x00000392       0x33 ./main2.o
 .ARM.attributes
                0x000003c5       0x2d c:/microsemi/softconsole_v4.0/arm-none-eabi-gcc/bin/../lib/gcc/arm-none-eabi/4.9.3/../../../../arm-none-eabi/lib/armv7-m\libg.a(lib_a-errno.o)
 .ARM.attributes
                0x000003f2       0x2d c:/microsemi/softconsole_v4.0/arm-none-eabi-gcc/bin/../lib/gcc/arm-none-eabi/4.9.3/../../../../arm-none-eabi/lib/armv7-m\libg.a(lib_a-exit.o)
 .ARM.attributes
                0x0000041f       0x2d c:/microsemi/softconsole_v4.0/arm-none-eabi-gcc/bin/../lib/gcc/arm-none-eabi/4.9.3/../../../../arm-none-eabi/lib/armv7-m\libg.a(lib_a-impure.o)
 .ARM.attributes
                0x0000044c       0x2d c:/microsemi/softconsole_v4.0/arm-none-eabi-gcc/bin/../lib/gcc/arm-none-eabi/4.9.3/../../../../arm-none-eabi/lib/armv7-m\libg.a(lib_a-init.o)
 .ARM.attributes
                0x00000479       0x1b c:/microsemi/softconsole_v4.0/arm-none-eabi-gcc/bin/../lib/gcc/arm-none-eabi/4.9.3/../../../../arm-none-eabi/lib/armv7-m\libg.a(lib_a-memcpy.o)
 .ARM.attributes
                0x00000494       0x2d c:/microsemi/softconsole_v4.0/arm-none-eabi-gcc/bin/../lib/gcc/arm-none-eabi/4.9.3/../../../../arm-none-eabi/lib/armv7-m\libg.a(lib_a-memset.o)
 .ARM.attributes
                0x000004c1       0x2d c:/microsemi/softconsole_v4.0/arm-none-eabi-gcc/bin/../lib/gcc/arm-none-eabi/4.9.3/../../../../arm-none-eabi/lib/armv7-m\libg.a(lib_a-__call_atexit.o)
 .ARM.attributes
                0x000004ee       0x2d c:/microsemi/softconsole_v4.0/arm-none-eabi-gcc/bin/../lib/gcc/arm-none-eabi/4.9.3/../../../../arm-none-eabi/lib/armv7-m\libg.a(lib_a-atexit.o)
 .ARM.attributes
                0x0000051b       0x2d c:/microsemi/softconsole_v4.0/arm-none-eabi-gcc/bin/../lib/gcc/arm-none-eabi/4.9.3/../../../../arm-none-eabi/lib/armv7-m\libg.a(lib_a-fini.o)
 .ARM.attributes
                0x00000548       0x2d c:/microsemi/softconsole_v4.0/arm-none-eabi-gcc/bin/../lib/gcc/arm-none-eabi/4.9.3/../../../../arm-none-eabi/lib/armv7-m\libg.a(lib_a-__atexit.o)
 .ARM.attributes
                0x00000575       0x2d c:/microsemi/softconsole_v4.0/arm-none-eabi-gcc/bin/../lib/gcc/arm-none-eabi/4.9.3/armv7-m/crtend.o
 .ARM.attributes
                0x000005a2       0x1d c:/microsemi/softconsole_v4.0/arm-none-eabi-gcc/bin/../lib/gcc/arm-none-eabi/4.9.3/armv7-m/crtn.o

/DISCARD/
 *(.note.GNU-stack)
 *(.isr_vector)
OUTPUT(I2C_master_slave.elf elf32-littlearm)

.debug_ranges   0x00000000      0x838
 .debug_ranges  0x00000000       0x38 ./hal/CortexM3/cortex_nvic.o
 .debug_ranges  0x00000038      0x1c0 ./drivers/mss_uart/mss_uart.o
 .debug_ranges  0x000001f8       0x80 ./drivers/mss_sys_services/mss_comblk.o
 .debug_ranges  0x00000278      0x1b8 ./drivers/mss_sys_services/mss_sys_services.o
 .debug_ranges  0x00000430       0x70 ./drivers/mss_nvm/mss_nvm.o
 .debug_ranges  0x000004a0      0x118 ./drivers/mss_i2c/mss_i2c.o
 .debug_ranges  0x000005b8       0x70 ./drivers/mss_hpdma/mss_hpdma.o
 .debug_ranges  0x00000628      0x100 ./drivers/CoreI2C/core_i2c.o
 .debug_ranges  0x00000728       0x18 ./drivers/CoreI2C/i2c_interrupt.o
 .debug_ranges  0x00000740       0x98 ./CMSIS/startup_gcc/newlib_stubs.o
 .debug_ranges  0x000007d8       0x40 ./CMSIS/system_m2sxxx.o
 .debug_ranges  0x00000818       0x20 ./main.o

.debug_macro    0x00000000     0x4b30
 .debug_macro   0x00000000       0xa8 ./hal/CortexM3/cortex_nvic.o
 .debug_macro   0x000000a8      0x862 ./hal/CortexM3/cortex_nvic.o
 .debug_macro   0x0000090a       0x22 ./hal/CortexM3/cortex_nvic.o
 .debug_macro   0x0000092c       0x44 ./hal/CortexM3/cortex_nvic.o
 .debug_macro   0x00000970       0x58 ./hal/CortexM3/cortex_nvic.o
 .debug_macro   0x000009c8       0x22 ./hal/CortexM3/cortex_nvic.o
 .debug_macro   0x000009ea      0x1df ./hal/CortexM3/cortex_nvic.o
 .debug_macro   0x00000bc9       0x58 ./hal/CortexM3/cortex_nvic.o
 .debug_macro   0x00000c21       0x35 ./hal/CortexM3/cortex_nvic.o
 .debug_macro   0x00000c56       0x9c ./hal/CortexM3/cortex_nvic.o
 .debug_macro   0x00000cf2       0x1c ./hal/CortexM3/cortex_nvic.o
 .debug_macro   0x00000d0e       0xa9 ./drivers_config/sys_config/sys_config.o
 .debug_macro   0x00000db7       0x26 ./drivers_config/sys_config/sys_config.o
 .debug_macro   0x00000ddd       0x3a ./drivers_config/sys_config/sys_config.o
 .debug_macro   0x00000e17       0x34 ./drivers_config/sys_config/sys_config.o
 .debug_macro   0x00000e4b      0xc83 ./drivers_config/sys_config/sys_config.o
 .debug_macro   0x00001ace      0x265 ./drivers_config/sys_config/sys_config.o
 .debug_macro   0x00001d33       0x3a ./drivers_config/sys_config/sys_config.o
 .debug_macro   0x00001d6d       0x34 ./drivers_config/sys_config/sys_config.o
 .debug_macro   0x00001da1      0x168 ./drivers/mss_uart/mss_uart.o
 .debug_macro   0x00001f09      0x16d ./drivers/mss_uart/mss_uart.o
 .debug_macro   0x00002076      0x177 ./drivers/mss_uart/mss_uart.o
 .debug_macro   0x000021ed       0xe2 ./drivers/mss_uart/mss_uart.o
 .debug_macro   0x000022cf       0x22 ./drivers/mss_uart/mss_uart.o
 .debug_macro   0x000022f1      0x14b ./drivers/mss_sys_services/mss_comblk.o
 .debug_macro   0x0000243c      0x3bd ./drivers/mss_sys_services/mss_sys_services.o
 .debug_macro   0x000027f9      0x2f8 ./drivers/mss_sys_services/mss_sys_services.o
 .debug_macro   0x00002af1       0x52 ./drivers/mss_sys_services/mss_sys_services.o
 .debug_macro   0x00002b43       0x16 ./drivers/mss_sys_services/mss_sys_services.o
 .debug_macro   0x00002b59       0x43 ./drivers/mss_sys_services/mss_sys_services.o
 .debug_macro   0x00002b9c      0x180 ./drivers/mss_sys_services/mss_sys_services.o
 .debug_macro   0x00002d1c      0x27a ./drivers/mss_sys_services/mss_sys_services.o
 .debug_macro   0x00002f96       0x10 ./drivers/mss_sys_services/mss_sys_services.o
 .debug_macro   0x00002fa6       0x35 ./drivers/mss_sys_services/mss_sys_services.o
 .debug_macro   0x00002fdb      0x292 ./drivers/mss_nvm/mss_nvm.o
 .debug_macro   0x0000326d       0x16 ./drivers/mss_nvm/mss_nvm.o
 .debug_macro   0x00003283      0x262 ./drivers/mss_i2c/mss_i2c.o
 .debug_macro   0x000034e5       0x27 ./drivers/mss_i2c/mss_i2c.o
 .debug_macro   0x0000350c      0x134 ./drivers/mss_hpdma/mss_hpdma.o
 .debug_macro   0x00003640       0x4a ./drivers/mss_hpdma/mss_hpdma.o
 .debug_macro   0x0000368a       0x10 ./drivers/mss_hpdma/mss_hpdma.o
 .debug_macro   0x0000369a      0x257 ./drivers/CoreI2C/core_i2c.o
 .debug_macro   0x000038f1      0x1c1 ./drivers/CoreI2C/core_i2c.o
 .debug_macro   0x00003ab2       0x3c ./drivers/CoreI2C/core_i2c.o
 .debug_macro   0x00003aee       0x64 ./drivers/CoreI2C/core_i2c.o
 .debug_macro   0x00003b52       0xda ./drivers/CoreI2C/i2c_interrupt.o
 .debug_macro   0x00003c2c      0x186 ./CMSIS/startup_gcc/newlib_stubs.o
 .debug_macro   0x00003db2       0x16 ./CMSIS/startup_gcc/newlib_stubs.o
 .debug_macro   0x00003dc8      0x10e ./CMSIS/startup_gcc/newlib_stubs.o
 .debug_macro   0x00003ed6       0x86 ./CMSIS/startup_gcc/newlib_stubs.o
 .debug_macro   0x00003f5c       0x16 ./CMSIS/startup_gcc/newlib_stubs.o
 .debug_macro   0x00003f72       0x29 ./CMSIS/startup_gcc/newlib_stubs.o
 .debug_macro   0x00003f9b       0x16 ./CMSIS/startup_gcc/newlib_stubs.o
 .debug_macro   0x00003fb1       0x10 ./CMSIS/startup_gcc/newlib_stubs.o
 .debug_macro   0x00003fc1       0x22 ./CMSIS/startup_gcc/newlib_stubs.o
 .debug_macro   0x00003fe3       0xbe ./CMSIS/startup_gcc/newlib_stubs.o
 .debug_macro   0x000040a1      0x48e ./CMSIS/startup_gcc/newlib_stubs.o
 .debug_macro   0x0000452f       0x16 ./CMSIS/startup_gcc/newlib_stubs.o
 .debug_macro   0x00004545       0x10 ./CMSIS/startup_gcc/newlib_stubs.o
 .debug_macro   0x00004555       0x10 ./CMSIS/startup_gcc/newlib_stubs.o
 .debug_macro   0x00004565       0x10 ./CMSIS/startup_gcc/newlib_stubs.o
 .debug_macro   0x00004575       0x35 ./CMSIS/startup_gcc/newlib_stubs.o
 .debug_macro   0x000045aa      0x122 ./CMSIS/startup_gcc/newlib_stubs.o
 .debug_macro   0x000046cc       0x10 ./CMSIS/startup_gcc/newlib_stubs.o
 .debug_macro   0x000046dc      0x241 ./CMSIS/startup_gcc/newlib_stubs.o
 .debug_macro   0x0000491d      0x155 ./CMSIS/system_m2sxxx.o
 .debug_macro   0x00004a72       0x9c ./main.o
 .debug_macro   0x00004b0e       0x11 ./main1.o
 .debug_macro   0x00004b1f       0x11 ./main2.o

.comment        0x00000000       0x70
 .comment       0x00000000       0x70 ./hal/CortexM3/cortex_nvic.o
                                 0x71 (size before relaxing)
 .comment       0x00000000       0x71 ./drivers_config/sys_config/sys_config.o
 .comment       0x00000000       0x71 ./drivers/mss_uart/mss_uart.o
 .comment       0x00000000       0x71 ./drivers/mss_sys_services/mss_comblk.o
 .comment       0x00000000       0x71 ./drivers/mss_sys_services/mss_sys_services.o
 .comment       0x00000000       0x71 ./drivers/mss_nvm/mss_nvm.o
 .comment       0x00000000       0x71 ./drivers/mss_i2c/mss_i2c.o
 .comment       0x00000000       0x71 ./drivers/mss_hpdma/mss_hpdma.o
 .comment       0x00000000       0x71 ./drivers/CoreI2C/core_i2c.o
 .comment       0x00000000       0x71 ./drivers/CoreI2C/i2c_interrupt.o
 .comment       0x00000000       0x71 ./CMSIS/startup_gcc/newlib_stubs.o
 .comment       0x00000000       0x71 ./CMSIS/system_m2sxxx.o
 .comment       0x00000000       0x71 ./main.o
 .comment       0x00000000       0x71 ./main1.o
 .comment       0x00000000       0x71 ./main2.o
