----------------------------------------------------------------
-Pin Report - Date: Wed Aug 28 19:57:02 2024 Pinchecksum: NOT-AVAILABLE
-Product: Designer
-Release: v2024.1
-Version: 2024.1.0.3
-Design Name: eth_dummy
-Family: SmartFusion2
-Die: M2S005
-Package: 400 VF
-----------------------------------------------------------------

Port           |Pin |Fixed |Function                                     |Bank     |I/O Std   |Direction                      |I/O state in Flash*Freeze mode |Resistor Pull                      |I/O available in Flash*Freeze mode |Schmitt Trigger |Odt_Static    |Odt Imp (Ohm)  |Low Power Exit |Input Delay |Slew         |Pre-Emphasis      |Output Drive (mA) |Output Load (pF) |
---------------|----|------|---------------------------------------------|---------|----------|-------------------------------|-------------------------------|-----------------------------------|-----------------------------------|----------------|--------------|---------------|---------------|------------|-------------|------------------|------------------|-----------------|
MAC_MII_COL     A19  No     MSIO18NB1/I2C_0_SCL/GPIO_31_B/USB_DATA1_C     Bank1     LVCMOS33   Input                           TRISTATE                        None                                No                                  Off              ---            ---             Off             Off          ---           ---                ---                ---               
MAC_MII_CRS     B19  No     MSIO17NB1/MMUART_0_CLK/GPIO_29_B/USB_NXT_C    Bank1     LVCMOS33   Input                           TRISTATE                        None                                No                                  Off              ---            ---             Off             Off          ---           ---                ---                ---               
MAC_MII_RX_CLK  M19  No     MSIO8NB2/CAN_TX_EN_N/GPIO_4_A/USB_DATA2_A     Bank2     LVCMOS33   Input                           TRISTATE                        None                                No                                  Off              ---            ---             Off             Off          ---           ---                ---                ---               
MAC_MII_RX_DV   A20  No     MSIO18PB1/I2C_0_SDA/GPIO_30_B/USB_DATA0_C     Bank1     LVCMOS33   Input                           TRISTATE                        None                                No                                  Off              ---            ---             Off             Off          ---           ---                ---                ---               
MAC_MII_RX_ER   L19  No     MSIO13NB2/SPI_0_SS0/GPIO_7_A/USB_NXT_A        Bank2     LVCMOS33   Input                           TRISTATE                        None                                No                                  Off              ---            ---             Off             Off          ---           ---                ---                ---               
MAC_MII_RXD[0]  R15  No     MSIO7NB2/CAN_TX/GPIO_2_A/USB_DATA0_A          Bank2     LVCMOS33   Input                           TRISTATE                        None                                No                                  Off              ---            ---             Off             Off          ---           ---                ---                ---               
MAC_MII_RXD[1]  D18  No     MSI16NB1/MMUART_0_TXD/GPIO_27_B/USB_DIR_C     Bank1     LVCMOS33   Input                           TRISTATE                        None                                No                                  Off              ---            ---             Off             Off          ---           ---                ---                ---               
MAC_MII_RXD[2]  C19  No     MSIO17PB1/MMUART_0_RXD/GPIO_28_B/USB_STP_C    Bank1     LVCMOS33   Input                           TRISTATE                        None                                No                                  Off              ---            ---             Off             Off          ---           ---                ---                ---               
MAC_MII_RXD[3]  N15  No     MSIO12NB2/SPI_0_SDI/GPIO_5_A/USB_DIR_A        Bank2     LVCMOS33   Input                           TRISTATE                        None                                No                                  Off              ---            ---             Off             Off          ---           ---                ---                ---               
MAC_MII_TX_CLK  N20  No     MSIO8PB2/CAN_RX/GPIO_3_A/USB_DATA1_A          Bank2     LVCMOS33   Input                           TRISTATE                        None                                No                                  Off              ---            ---             Off             Off          ---           ---                ---                ---               
MAC_MII_TX_EN   R13  No     MSIO97PB4                                     Bank4     LVCMOS33   Output                          TRISTATE                        None                                No                                  ---              ---            ---             ---             ---          ---           ---                4                  5                 
MAC_MII_TX_ER   T15  No     MSIO101NB4                                    Bank4     LVCMOS33   Output                          TRISTATE                        None                                No                                  ---              ---            ---             ---             ---          ---           ---                4                  5                 
MAC_MII_TXD[0]  V19  No     MSIO0NB2/USB_DATA7_B                          Bank2     LVCMOS33   Output                          TRISTATE                        None                                No                                  ---              ---            ---             ---             ---          ---           ---                4                  5                 
MAC_MII_TXD[1]  N19  No     MSIO4NB2/USB_DATA3_B                          Bank2     LVCMOS33   Output                          TRISTATE                        None                                No                                  ---              ---            ---             ---             ---          ---           ---                4                  5                 
MAC_MII_TXD[2]  R18  No     MSIO5NB2/USB_DATA5_B                          Bank2     LVCMOS33   Output                          TRISTATE                        None                                No                                  ---              ---            ---             ---             ---          ---           ---                4                  5                 
MAC_MII_TXD[3]  T19  No     MSIO2NB2/USB_NXT_B                            Bank2     LVCMOS33   Output                          TRISTATE                        None                                No                                  ---              ---            ---             ---             ---          ---           ---                4                  5                 
MMUART_1_RXD    F18  Yes    MSIO15NB1/MMUART_1_RXD/GPIO_26_B/USB_DATA3_C  Bank1     LVCMOS33   Input                           TRISTATE                        None                                No                                  Off              ---            ---             Off             Off          ---           ---                ---                ---               
MMUART_1_TXD    G16  Yes    MSIO14NB1/MMUART_1_TXD/GPIO_24_B/USB_DATA2_C  Bank1     LVCMOS33   Output                          TRISTATE                        None                                No                                  ---              ---            ---             ---             ---          ---           ---                4                  5                 
