----------------------------------------------------------------
-Pin Report - Date: Tue Aug 27 11:31:01 2024 Pinchecksum: NOT-AVAILABLE
-Product: Designer
-Release: v2024.1
-Version: 2024.1.0.3
-Design Name: MSS_sys_i2c_sb
-Family: SmartFusion2
-Die: M2S005
-Package: 400 VF
-----------------------------------------------------------------

Port               |Pin |Fixed |Function                                               |Bank     |I/O Std   |Direction                      |I/O state in Flash*Freeze mode |Resistor Pull                      |I/O available in Flash*Freeze mode |Schmitt Trigger |Odt_Static    |Odt Imp (Ohm)  |Low Power Exit |Input Delay |Slew         |Pre-Emphasis      |Output Drive (mA) |Output Load (pF) |
-------------------|----|------|-------------------------------------------------------|---------|----------|-------------------------------|-------------------------------|-----------------------------------|-----------------------------------|----------------|--------------|---------------|---------------|------------|-------------|------------------|------------------|-----------------|
COREI2C_0_0_SCL_IO  R16  Yes    MSIO7PB2                                                Bank2     LVCMOS33   Inout                           TRISTATE                        None                                No                                  Off              ---            ---             Off             Off          ---           ---                4                  5                 
COREI2C_0_0_SDA_IO  R17  Yes    MSIO5PB2/USB_DATA4_B                                    Bank2     LVCMOS33   Inout                           TRISTATE                        None                                No                                  Off              ---            ---             Off             Off          ---           ---                4                  5                 
DEVRST_N            U17  Fixed  DEVRST_N                                                ---       
FAB_CCC_GL0         U19  No     MSIO1NB2/USB_DIR_B                                      Bank2     LVCMOS33   Output                          TRISTATE                        None                                No                                  ---              ---            ---             ---             ---          ---           ---                4                  5                 
FAB_CCC_LOCK        F18  No     MSIO15NB1/MMUART_1_RXD/GPIO_26_B/USB_DATA3_C            Bank1     LVCMOS33   Output                          TRISTATE                        None                                No                                  ---              ---            ---             ---             ---          ---           ---                4                  5                 
FAB_RESET_N         A20  No     MSIO18PB1/I2C_0_SDA/GPIO_30_B/USB_DATA0_C               Bank1     LVCMOS33   Input                           TRISTATE                        None                                No                                  Off              ---            ---             Off             Off          ---           ---                ---                ---               
I2C_1_SCL           M17  Yes    MSIO11NB2/CCC_NE0_CLKI2/I2C_1_SCL/GPIO_1_A/USB_DATA4_A  Bank2     LVCMOS33   Inout                           TRISTATE                        None                                No                                  Off              ---            ---             Off             Off          ---           ---                4                  5                 
I2C_1_SDA           N16  Yes    MSIO11PB2/CCC_NE0_CLKI1/I2C_1_SDA/GPIO_0_A/USB_DATA3_A  Bank2     LVCMOS33   Inout                           TRISTATE                        None                                No                                  Off              ---            ---             Off             Off          ---           ---                4                  5                 
INIT_DONE           U18  No     MSIO1PB2/USB_XCLK_B                                     Bank2     LVCMOS33   Output                          TRISTATE                        None                                No                                  ---              ---            ---             ---             ---          ---           ---                4                  5                 
MSS_READY           M19  No     MSIO8NB2/CAN_TX_EN_N/GPIO_4_A/USB_DATA2_A               Bank2     LVCMOS33   Output                          TRISTATE                        None                                No                                  ---              ---            ---             ---             ---          ---           ---                4                  5                 
POWER_ON_RESET_N    A19  No     MSIO18NB1/I2C_0_SCL/GPIO_31_B/USB_DATA1_C               Bank1     LVCMOS33   Output                          TRISTATE                        None                                No                                  ---              ---            ---             ---             ---          ---           ---                4                  5                 
RCOSC_25_50MHZ_O2F  C1   No     MSIO52PB6                                               Bank6     LVCMOS33   Output                          TRISTATE                        None                                No                                  ---              ---            ---             ---             ---          ---           ---                4                  5                 
