Archive member included because of file (symbol)

c:/microsemi/softconsole_v4.0/arm-none-eabi-gcc/bin/../lib/gcc/arm-none-eabi/4.9.3/../../../../arm-none-eabi/lib/armv7-m\libg.a(lib_a-errno.o)
                              ./CMSIS/startup_gcc/newlib_stubs.o (__errno)
c:/microsemi/softconsole_v4.0/arm-none-eabi-gcc/bin/../lib/gcc/arm-none-eabi/4.9.3/../../../../arm-none-eabi/lib/armv7-m\libg.a(lib_a-exit.o)
                              c:/microsemi/softconsole_v4.0/arm-none-eabi-gcc/bin/../lib/gcc/arm-none-eabi/4.9.3/../../../../arm-none-eabi/lib/armv7-m/crt0.o (exit)
c:/microsemi/softconsole_v4.0/arm-none-eabi-gcc/bin/../lib/gcc/arm-none-eabi/4.9.3/../../../../arm-none-eabi/lib/armv7-m\libg.a(lib_a-impure.o)
                              c:/microsemi/softconsole_v4.0/arm-none-eabi-gcc/bin/../lib/gcc/arm-none-eabi/4.9.3/../../../../arm-none-eabi/lib/armv7-m\libg.a(lib_a-exit.o) (_global_impure_ptr)
c:/microsemi/softconsole_v4.0/arm-none-eabi-gcc/bin/../lib/gcc/arm-none-eabi/4.9.3/../../../../arm-none-eabi/lib/armv7-m\libg.a(lib_a-init.o)
                              c:/microsemi/softconsole_v4.0/arm-none-eabi-gcc/bin/../lib/gcc/arm-none-eabi/4.9.3/../../../../arm-none-eabi/lib/armv7-m/crt0.o (__libc_init_array)
c:/microsemi/softconsole_v4.0/arm-none-eabi-gcc/bin/../lib/gcc/arm-none-eabi/4.9.3/../../../../arm-none-eabi/lib/armv7-m\libg.a(lib_a-malloc.o)
                              ./drivers/w25q64fvssig/w25q64fvssig.o (malloc)
c:/microsemi/softconsole_v4.0/arm-none-eabi-gcc/bin/../lib/gcc/arm-none-eabi/4.9.3/../../../../arm-none-eabi/lib/armv7-m\libg.a(lib_a-mallocr.o)
                              c:/microsemi/softconsole_v4.0/arm-none-eabi-gcc/bin/../lib/gcc/arm-none-eabi/4.9.3/../../../../arm-none-eabi/lib/armv7-m\libg.a(lib_a-malloc.o) (_malloc_r)
c:/microsemi/softconsole_v4.0/arm-none-eabi-gcc/bin/../lib/gcc/arm-none-eabi/4.9.3/../../../../arm-none-eabi/lib/armv7-m\libg.a(lib_a-memcpy.o)
                              ./drivers/mss_sys_services/mss_sys_services.o (memcpy)
c:/microsemi/softconsole_v4.0/arm-none-eabi-gcc/bin/../lib/gcc/arm-none-eabi/4.9.3/../../../../arm-none-eabi/lib/armv7-m\libg.a(lib_a-memset.o)
                              c:/microsemi/softconsole_v4.0/arm-none-eabi-gcc/bin/../lib/gcc/arm-none-eabi/4.9.3/../../../../arm-none-eabi/lib/armv7-m/crt0.o (memset)
c:/microsemi/softconsole_v4.0/arm-none-eabi-gcc/bin/../lib/gcc/arm-none-eabi/4.9.3/../../../../arm-none-eabi/lib/armv7-m\libg.a(lib_a-mlock.o)
                              c:/microsemi/softconsole_v4.0/arm-none-eabi-gcc/bin/../lib/gcc/arm-none-eabi/4.9.3/../../../../arm-none-eabi/lib/armv7-m\libg.a(lib_a-mallocr.o) (__malloc_lock)
c:/microsemi/softconsole_v4.0/arm-none-eabi-gcc/bin/../lib/gcc/arm-none-eabi/4.9.3/../../../../arm-none-eabi/lib/armv7-m\libg.a(lib_a-sbrkr.o)
                              c:/microsemi/softconsole_v4.0/arm-none-eabi-gcc/bin/../lib/gcc/arm-none-eabi/4.9.3/../../../../arm-none-eabi/lib/armv7-m\libg.a(lib_a-mallocr.o) (_sbrk_r)
c:/microsemi/softconsole_v4.0/arm-none-eabi-gcc/bin/../lib/gcc/arm-none-eabi/4.9.3/../../../../arm-none-eabi/lib/armv7-m\libg.a(lib_a-__call_atexit.o)
                              c:/microsemi/softconsole_v4.0/arm-none-eabi-gcc/bin/../lib/gcc/arm-none-eabi/4.9.3/../../../../arm-none-eabi/lib/armv7-m\libg.a(lib_a-exit.o) (__call_exitprocs)
c:/microsemi/softconsole_v4.0/arm-none-eabi-gcc/bin/../lib/gcc/arm-none-eabi/4.9.3/../../../../arm-none-eabi/lib/armv7-m\libg.a(lib_a-atexit.o)
                              c:/microsemi/softconsole_v4.0/arm-none-eabi-gcc/bin/../lib/gcc/arm-none-eabi/4.9.3/../../../../arm-none-eabi/lib/armv7-m\libg.a(lib_a-__call_atexit.o) (atexit)
c:/microsemi/softconsole_v4.0/arm-none-eabi-gcc/bin/../lib/gcc/arm-none-eabi/4.9.3/../../../../arm-none-eabi/lib/armv7-m\libg.a(lib_a-fini.o)
                              c:/microsemi/softconsole_v4.0/arm-none-eabi-gcc/bin/../lib/gcc/arm-none-eabi/4.9.3/../../../../arm-none-eabi/lib/armv7-m\libg.a(lib_a-__call_atexit.o) (__libc_fini_array)
c:/microsemi/softconsole_v4.0/arm-none-eabi-gcc/bin/../lib/gcc/arm-none-eabi/4.9.3/../../../../arm-none-eabi/lib/armv7-m\libg.a(lib_a-freer.o)
                              c:/microsemi/softconsole_v4.0/arm-none-eabi-gcc/bin/../lib/gcc/arm-none-eabi/4.9.3/../../../../arm-none-eabi/lib/armv7-m\libg.a(lib_a-malloc.o) (_free_r)
c:/microsemi/softconsole_v4.0/arm-none-eabi-gcc/bin/../lib/gcc/arm-none-eabi/4.9.3/../../../../arm-none-eabi/lib/armv7-m\libg.a(lib_a-reent.o)
                              c:/microsemi/softconsole_v4.0/arm-none-eabi-gcc/bin/../lib/gcc/arm-none-eabi/4.9.3/../../../../arm-none-eabi/lib/armv7-m\libg.a(lib_a-sbrkr.o) (errno)
c:/microsemi/softconsole_v4.0/arm-none-eabi-gcc/bin/../lib/gcc/arm-none-eabi/4.9.3/../../../../arm-none-eabi/lib/armv7-m\libg.a(lib_a-__atexit.o)
                              c:/microsemi/softconsole_v4.0/arm-none-eabi-gcc/bin/../lib/gcc/arm-none-eabi/4.9.3/../../../../arm-none-eabi/lib/armv7-m\libg.a(lib_a-atexit.o) (__register_exitproc)

[...]
Memory Configuration

Name             Origin             Length             Attributes
ram              0x20000000         0x00010000         xrw
*default*        0x00000000         0xffffffff

Linker script and memory map

LOAD c:/microsemi/softconsole_v4.0/arm-none-eabi-gcc/bin/../lib/gcc/arm-none-eabi/4.9.3/armv7-m/crti.o
LOAD c:/microsemi/softconsole_v4.0/arm-none-eabi-gcc/bin/../lib/gcc/arm-none-eabi/4.9.3/armv7-m/crtbegin.o
LOAD c:/microsemi/softconsole_v4.0/arm-none-eabi-gcc/bin/../lib/gcc/arm-none-eabi/4.9.3/../../../../arm-none-eabi/lib/armv7-m/crt0.o
LOAD ./hal/CortexM3/GNU/hal.o
LOAD ./hal/CortexM3/GNU/hw_reg_access.o
LOAD ./hal/CortexM3/cortex_nvic.o
LOAD ./drivers_config/sys_config/sys_config.o
LOAD ./drivers/w25q64fvssig/w25q64fvssig.o
LOAD ./drivers/mss_uart/mss_uart.o
LOAD ./drivers/mss_sys_services/mss_comblk.o
LOAD ./drivers/mss_sys_services/mss_sys_services.o
LOAD ./drivers/mss_spi/mss_spi.o
LOAD ./drivers/mss_pdma/mss_pdma.o
LOAD ./drivers/mss_nvm/mss_nvm.o
LOAD ./drivers/mss_hpdma/mss_hpdma.o
LOAD ./drivers/mss_gpio/mss_gpio.o
LOAD ./drivers/CoreGPIO/core_gpio.o
LOAD ./CMSIS/startup_gcc/newlib_stubs.o
LOAD ./CMSIS/startup_gcc/startup_m2sxxx.o
LOAD ./CMSIS/system_m2sxxx.o
LOAD ./main.o
LOAD ./main1.o
START GROUP
LOAD c:/microsemi/softconsole_v4.0/arm-none-eabi-gcc/bin/../lib/gcc/arm-none-eabi/4.9.3/armv7-m\libgcc.a
LOAD c:/microsemi/softconsole_v4.0/arm-none-eabi-gcc/bin/../lib/gcc/arm-none-eabi/4.9.3/../../../../arm-none-eabi/lib/armv7-m\libg.a
LOAD c:/microsemi/softconsole_v4.0/arm-none-eabi-gcc/bin/../lib/gcc/arm-none-eabi/4.9.3/../../../../arm-none-eabi/lib/armv7-m\libc.a
END GROUP
LOAD c:/microsemi/softconsole_v4.0/arm-none-eabi-gcc/bin/../lib/gcc/arm-none-eabi/4.9.3/armv7-m/crtend.o
LOAD c:/microsemi/softconsole_v4.0/arm-none-eabi-gcc/bin/../lib/gcc/arm-none-eabi/4.9.3/armv7-m/crtn.o
START GROUP
LOAD c:/microsemi/softconsole_v4.0/arm-none-eabi-gcc/bin/../lib/gcc/arm-none-eabi/4.9.3/../../../../arm-none-eabi/lib/armv7-m\libc.a
LOAD c:/microsemi/softconsole_v4.0/arm-none-eabi-gcc/bin/../lib/gcc/arm-none-eabi/4.9.3/armv7-m\libgcc.a
LOAD c:/microsemi/softconsole_v4.0/arm-none-eabi-gcc/bin/../lib/gcc/arm-none-eabi/4.9.3/../../../../arm-none-eabi/lib/armv7-m\libm.a
END GROUP
                0x00000000                __DYNAMIC = 0x0
                0x20000000                RAM_START_ADDRESS = 0x20000000
                0x00010000                RAM_SIZE = 0x10000
                0x00001000                MAIN_STACK_SIZE = 0x1000
                0x00001000                MIN_SIZE_HEAP = 0x1000
                0x20010000                PROVIDE (__main_stack_start, (RAM_START_ADDRESS + RAM_SIZE))
                0x20010000                PROVIDE (_estack, __main_stack_start)
                0x00000000                PROVIDE (__mirrored_nvm, 0x0)
                0x00000000                PROVIDE (__smartfusion2_memory_remap, 0x0)

.vector_table   0x20000000      0x190
                0x20000000                __vector_table_load = LOADADDR (.vector_table)
                0x20000000                __vector_table_start = .
                0x20000000                __vector_table_vma_base_address = .
 *(.isr_vector)
 .isr_vector    0x20000000      0x190 ./CMSIS/startup_gcc/startup_m2sxxx.o
                0x20000000                g_pfnVectors
                0x20000190                . = ALIGN (0x10)
                0x20000190                _evector_table = .

.boot_code      0x20000190      0x330
 *(.boot_code)
 .boot_code     0x20000190      0x324 ./CMSIS/startup_gcc/startup_m2sxxx.o
                0x20000190                Reset_Handler
                0x2000037e                NMI_Handler
                0x20000380                HardFault_Handler
                0x20000382                MemManage_Handler
                0x20000384                BusFault_Handler
                0x20000386                UsageFault_Handler
                0x20000388                SVC_Handler
                0x2000038a                DebugMon_Handler
                0x2000038c                PendSV_Handler
                0x2000038e                SysTick_Handler
                0x20000390                WdogWakeup_IRQHandler
                0x20000392                RTC_Wakeup_IRQHandler
                0x20000398                I2C0_IRQHandler
                0x2000039a                I2C0_SMBAlert_IRQHandler
                0x2000039c                I2C0_SMBus_IRQHandler
                0x2000039e                I2C1_IRQHandler
                0x200003a0                I2C1_SMBAlert_IRQHandler
                0x200003a2                I2C1_SMBus_IRQHandler
                0x200003a8                EthernetMAC_IRQHandler
                0x200003ac                Timer1_IRQHandler
                0x200003ae                Timer2_IRQHandler
                0x200003b0                CAN_IRQHandler
                0x200003b2                ENVM0_IRQHandler
                0x200003b4                ENVM1_IRQHandler
                0x200003b8                USB_IRQHandler
                0x200003ba                USB_DMA_IRQHandler
                0x200003bc                PLL_Lock_IRQHandler
                0x200003be                PLL_LockLost_IRQHandler
                0x200003c0                CommSwitchError_IRQHandler
                0x200003c2                CacheError_IRQHandler
                0x200003c4                DDR_IRQHandler
                0x200003ca                ECC_Error_IRQHandler
                0x200003cc                MDDR_IOCalib_IRQHandler
                0x200003ce                FAB_PLL_Lock_IRQHandler
                0x200003d0                FAB_PLL_LockLost_IRQHandler
                0x200003d2                FIC64_IRQHandler
                0x200003d4                FabricIrq0_IRQHandler
                0x200003d6                FabricIrq1_IRQHandler
                0x200003d8                FabricIrq2_IRQHandler
                0x200003da                FabricIrq3_IRQHandler
                0x200003dc                FabricIrq4_IRQHandler
                0x200003de                FabricIrq5_IRQHandler
                0x200003e0                FabricIrq6_IRQHandler
                0x200003e2                FabricIrq7_IRQHandler
                0x200003e4                FabricIrq8_IRQHandler
                0x200003e6                FabricIrq9_IRQHandler
                0x200003e8                FabricIrq10_IRQHandler
                0x200003ea                FabricIrq11_IRQHandler
                0x200003ec                FabricIrq12_IRQHandler
                0x200003ee                FabricIrq13_IRQHandler
                0x200003f0                FabricIrq14_IRQHandler
                0x200003f2                FabricIrq15_IRQHandler
                0x200003f4                GPIO0_IRQHandler
                0x200003f6                GPIO1_IRQHandler
                0x200003f8                GPIO2_IRQHandler
                0x200003fa                GPIO3_IRQHandler
                0x200003fc                GPIO4_IRQHandler
                0x200003fe                GPIO5_IRQHandler
                0x20000400                GPIO6_IRQHandler
                0x20000402                GPIO7_IRQHandler
                0x20000404                GPIO8_IRQHandler
                0x20000406                GPIO9_IRQHandler
                0x20000408                GPIO10_IRQHandler
                0x2000040a                GPIO11_IRQHandler
                0x2000040c                GPIO12_IRQHandler
                0x2000040e                GPIO13_IRQHandler
                0x20000410                GPIO14_IRQHandler
                0x20000412                GPIO15_IRQHandler
                0x20000414                GPIO16_IRQHandler
                0x20000416                GPIO17_IRQHandler
                0x20000418                GPIO18_IRQHandler
                0x2000041a                GPIO19_IRQHandler
                0x2000041c                GPIO20_IRQHandler
                0x2000041e                GPIO21_IRQHandler
                0x20000420                GPIO22_IRQHandler
                0x20000422                GPIO23_IRQHandler
                0x20000424                GPIO24_IRQHandler
                0x20000426                GPIO25_IRQHandler
                0x20000428                GPIO26_IRQHandler
                0x2000042a                GPIO27_IRQHandler
                0x2000042c                GPIO28_IRQHandler
                0x2000042e                GPIO29_IRQHandler
                0x20000430                GPIO30_IRQHandler
                0x20000432                GPIO31_IRQHandler
                0x20000434                mscc_post_hw_cfg_init
                0x200004c0                . = ALIGN (0x10)
 *fill*         0x200004b4        0xc 

.text           0x200004c0     0x36a0
 CREATE_OBJECT_SYMBOLS
                0x200004c0                __text_load = LOADADDR (.text)
                0x200004c0                __text_start = .
 *(.text .text.* .gnu.linkonce.t.*)
 .text          0x200004c0       0x5c c:/microsemi/softconsole_v4.0/arm-none-eabi-gcc/bin/../lib/gcc/arm-none-eabi/4.9.3/armv7-m/crtbegin.o
 .text.FLASH_init
                0x2000051c       0x48 ./drivers/w25q64fvssig/w25q64fvssig.o
                0x2000051c                FLASH_init
 .text.FLASH_read_device_id
                0x20000564       0x94 ./drivers/w25q64fvssig/w25q64fvssig.o
                0x20000564                FLASH_read_device_id
 .text.FLASH_read
                0x200005f8       0xe4 ./drivers/w25q64fvssig/w25q64fvssig.o
                0x200005f8                FLASH_read
 .text.FLASH_global_unprotect
                0x200006dc       0x5c ./drivers/w25q64fvssig/w25q64fvssig.o
                0x200006dc                FLASH_global_unprotect
 .text.FLASH_erase_4k_block
                0x20000738       0x74 ./drivers/w25q64fvssig/w25q64fvssig.o
                0x20000738                FLASH_erase_4k_block
 .text.write_cmd_data
                0x200007ac       0x64 ./drivers/w25q64fvssig/w25q64fvssig.o
                0x200007ac                write_cmd_data
 .text.FLASH_program
                0x20000810      0x148 ./drivers/w25q64fvssig/w25q64fvssig.o
                0x20000810                FLASH_program
 .text.wait_ready
                0x20000958       0x38 ./drivers/w25q64fvssig/w25q64fvssig.o
 .text.NVIC_ClearPendingIRQ
                0x20000990       0x34 ./drivers/mss_uart/mss_uart.o
 .text.set_bit_reg8
                0x200009c4       0x38 ./drivers/mss_uart/mss_uart.o
 .text.clear_bit_reg8
                0x200009fc       0x38 ./drivers/mss_uart/mss_uart.o
 .text.read_bit_reg8
                0x20000a34       0x38 ./drivers/mss_uart/mss_uart.o
 .text.MSS_UART_init
                0x20000a6c       0x70 ./drivers/mss_uart/mss_uart.o
                0x20000a6c                MSS_UART_init
 .text.MSS_UART_polled_tx
                0x20000adc       0xc4 ./drivers/mss_uart/mss_uart.o
                0x20000adc                MSS_UART_polled_tx
 .text.UART0_IRQHandler
                0x20000ba0       0x20 ./drivers/mss_uart/mss_uart.o
                0x20000ba0                UART0_IRQHandler
 .text.UART1_IRQHandler
                0x20000bc0       0x20 ./drivers/mss_uart/mss_uart.o
                0x20000bc0                UART1_IRQHandler
 .text.config_baud_divisors
                0x20000be0      0x148 ./drivers/mss_uart/mss_uart.o
 .text.global_init
                0x20000d28      0x1d8 ./drivers/mss_uart/mss_uart.o
 .text.MSS_UART_isr
                0x20000f00      0x1f0 ./drivers/mss_uart/mss_uart.o
 .text.default_tx_handler
                0x200010f0       0xe8 ./drivers/mss_uart/mss_uart.o
 .text.ComBlk_IRQHandler
                0x200011d8       0x48 ./drivers/mss_sys_services/mss_comblk.o
                0x200011d8                ComBlk_IRQHandler
 .text.handle_tx_okay_irq
                0x20001220      0x1b0 ./drivers/mss_sys_services/mss_comblk.o
 .text.handle_rx_okay_irq
                0x200013d0      0x204 ./drivers/mss_sys_services/mss_comblk.o
 .text.complete_request
                0x200015d4       0x40 ./drivers/mss_sys_services/mss_comblk.o
 .text.abort_current_cmd
                0x20001614       0x4c ./drivers/mss_sys_services/mss_comblk.o
 .text.fill_tx_fifo
                0x20001660       0x64 ./drivers/mss_sys_services/mss_comblk.o
 .text.process_sys_ctrl_command
                0x200016c4       0x28 ./drivers/mss_sys_services/mss_comblk.o
 .text.NVIC_EnableIRQ
                0x200016ec       0x30 ./drivers/mss_spi/mss_spi.o
 .text.NVIC_DisableIRQ
                0x2000171c       0x34 ./drivers/mss_spi/mss_spi.o
 .text.NVIC_ClearPendingIRQ
                0x20001750       0x34 ./drivers/mss_spi/mss_spi.o
 .text.MSS_SPI_init
                0x20001784       0xe0 ./drivers/mss_spi/mss_spi.o
                0x20001784                MSS_SPI_init
 .text.recover_from_rx_overflow
                0x20001864      0x124 ./drivers/mss_spi/mss_spi.o
 .text.MSS_SPI_configure_master_mode
                0x20001988      0x12c ./drivers/mss_spi/mss_spi.o
                0x20001988                MSS_SPI_configure_master_mode
 .text.MSS_SPI_set_slave_select
                0x20001ab4       0xec ./drivers/mss_spi/mss_spi.o
                0x20001ab4                MSS_SPI_set_slave_select
 .text.MSS_SPI_clear_slave_select
                0x20001ba0       0x84 ./drivers/mss_spi/mss_spi.o
                0x20001ba0                MSS_SPI_clear_slave_select
 .text.MSS_SPI_transfer_block
                0x20001c24      0x1f0 ./drivers/mss_spi/mss_spi.o
                0x20001c24                MSS_SPI_transfer_block
 .text.MSS_SPI_enable
                0x20001e14       0x38 ./drivers/mss_spi/mss_spi.o
                0x20001e14                MSS_SPI_enable
 .text.MSS_SPI_disable
                0x20001e4c       0x38 ./drivers/mss_spi/mss_spi.o
                0x20001e4c                MSS_SPI_disable
 .text.MSS_SPI_set_transfer_byte_count
                0x20001e84       0x74 ./drivers/mss_spi/mss_spi.o
                0x20001e84                MSS_SPI_set_transfer_byte_count
 .text.MSS_SPI_tx_done
                0x20001ef8       0x24 ./drivers/mss_spi/mss_spi.o
                0x20001ef8                MSS_SPI_tx_done
 .text.fill_slave_tx_fifo
                0x20001f1c       0xd8 ./drivers/mss_spi/mss_spi.o
 .text.read_slave_rx_fifo
                0x20001ff4       0xa8 ./drivers/mss_spi/mss_spi.o
 .text.mss_spi_isr
                0x2000209c      0x280 ./drivers/mss_spi/mss_spi.o
 .text.SPI0_IRQHandler
                0x2000231c       0x20 ./drivers/mss_spi/mss_spi.o
                0x2000231c                SPI0_IRQHandler
 .text.SPI1_IRQHandler
                0x2000233c       0x20 ./drivers/mss_spi/mss_spi.o
                0x2000233c                SPI1_IRQHandler
 .text.NVIC_ClearPendingIRQ
                0x2000235c       0x34 ./drivers/mss_pdma/mss_pdma.o
 .text.PDMA_init
                0x20002390       0x78 ./drivers/mss_pdma/mss_pdma.o
                0x20002390                PDMA_init
 .text.PDMA_configure
                0x20002408       0xd4 ./drivers/mss_pdma/mss_pdma.o
                0x20002408                PDMA_configure
 .text.PDMA_start
                0x200024dc       0x48 ./drivers/mss_pdma/mss_pdma.o
                0x200024dc                PDMA_start
 .text.setup_transfer
                0x20002524      0x160 ./drivers/mss_pdma/mss_pdma.o
 .text.PDMA_load_next_buffer
                0x20002684      0x134 ./drivers/mss_pdma/mss_pdma.o
                0x20002684                PDMA_load_next_buffer
 .text.get_channel_id_from_status
                0x200027b8       0xa0 ./drivers/mss_pdma/mss_pdma.o
 .text.DMA_IRQHandler
                0x20002858       0x7c ./drivers/mss_pdma/mss_pdma.o
                0x20002858                DMA_IRQHandler
 .text.start_transfer
                0x200028d4      0x14c ./drivers/mss_hpdma/mss_hpdma.o
 .text.HPDMA_Complete_IRQHandler
                0x20002a20       0xf4 ./drivers/mss_hpdma/mss_hpdma.o
                0x20002a20                HPDMA_Complete_IRQHandler
 .text.HPDMA_Error_IRQHandler
                0x20002b14      0x100 ./drivers/mss_hpdma/mss_hpdma.o
                0x20002b14                HPDMA_Error_IRQHandler
 .text._exit    0x20002c14        0xc ./CMSIS/startup_gcc/newlib_stubs.o
                0x20002c14                _exit
 .text._write_r
                0x20002c20       0x1c ./CMSIS/startup_gcc/newlib_stubs.o
                0x20002c20                _write_r
 .text._sbrk    0x20002c3c       0x9c ./CMSIS/startup_gcc/newlib_stubs.o
                0x20002c3c                _sbrk
 .text.SystemInit
                0x20002cd8       0x20 ./CMSIS/system_m2sxxx.o
                0x20002cd8                SystemInit
 .text.SystemCoreClockUpdate
                0x20002cf8       0xf4 ./CMSIS/system_m2sxxx.o
                0x20002cf8                SystemCoreClockUpdate
 .text.get_rcosc_25_50mhz_frequency
                0x20002dec       0x3c ./CMSIS/system_m2sxxx.o
 .text.set_clock_frequency_globals
                0x20002e28       0x5c ./CMSIS/system_m2sxxx.o
 .text.get_silicon_revision
                0x20002e84       0x48 ./CMSIS/system_m2sxxx.o
 .text.silicon_workarounds
                0x20002ecc       0x20 ./CMSIS/system_m2sxxx.o
 .text.m2s050_rev_a_workarounds
                0x20002eec       0x30 ./CMSIS/system_m2sxxx.o
 .text.main     0x20002f1c       0xb4 ./main.o
                0x20002f1c                main
 .text.verify_write
                0x20002fd0       0x54 ./main.o
 .text.__libc_init_array
                0x20003024       0x50 c:/microsemi/softconsole_v4.0/arm-none-eabi-gcc/bin/../lib/gcc/arm-none-eabi/4.9.3/../../../../arm-none-eabi/lib/armv7-m\libg.a(lib_a-init.o)
                0x20003024                __libc_init_array
 .text.malloc   0x20003074       0x10 c:/microsemi/softconsole_v4.0/arm-none-eabi-gcc/bin/../lib/gcc/arm-none-eabi/4.9.3/../../../../arm-none-eabi/lib/armv7-m\libg.a(lib_a-malloc.o)
                0x20003074                malloc
 .text.free     0x20003084       0x10 c:/microsemi/softconsole_v4.0/arm-none-eabi-gcc/bin/../lib/gcc/arm-none-eabi/4.9.3/../../../../arm-none-eabi/lib/armv7-m\libg.a(lib_a-malloc.o)
                0x20003084                free
 .text._malloc_r
                0x20003094      0x50c c:/microsemi/softconsole_v4.0/arm-none-eabi-gcc/bin/../lib/gcc/arm-none-eabi/4.9.3/../../../../arm-none-eabi/lib/armv7-m\libg.a(lib_a-mallocr.o)
                0x20003094                _malloc_r
 .text          0x200035a0       0xec c:/microsemi/softconsole_v4.0/arm-none-eabi-gcc/bin/../lib/gcc/arm-none-eabi/4.9.3/../../../../arm-none-eabi/lib/armv7-m\libg.a(lib_a-memcpy.o)
                0x200035a0                memcpy
 .text.memset   0x2000368c       0x9c c:/microsemi/softconsole_v4.0/arm-none-eabi-gcc/bin/../lib/gcc/arm-none-eabi/4.9.3/../../../../arm-none-eabi/lib/armv7-m\libg.a(lib_a-memset.o)
                0x2000368c                memset
 .text.__malloc_lock
                0x20003728        0x4 c:/microsemi/softconsole_v4.0/arm-none-eabi-gcc/bin/../lib/gcc/arm-none-eabi/4.9.3/../../../../arm-none-eabi/lib/armv7-m\libg.a(lib_a-mlock.o)
                0x20003728                __malloc_lock
 .text.__malloc_unlock
                0x2000372c        0x4 c:/microsemi/softconsole_v4.0/arm-none-eabi-gcc/bin/../lib/gcc/arm-none-eabi/4.9.3/../../../../arm-none-eabi/lib/armv7-m\libg.a(lib_a-mlock.o)
                0x2000372c                __malloc_unlock
 .text._sbrk_r  0x20003730       0x24 c:/microsemi/softconsole_v4.0/arm-none-eabi-gcc/bin/../lib/gcc/arm-none-eabi/4.9.3/../../../../arm-none-eabi/lib/armv7-m\libg.a(lib_a-sbrkr.o)
                0x20003730                _sbrk_r
 .text.startup.register_fini
                0x20003754       0x14 c:/microsemi/softconsole_v4.0/arm-none-eabi-gcc/bin/../lib/gcc/arm-none-eabi/4.9.3/../../../../arm-none-eabi/lib/armv7-m\libg.a(lib_a-__call_atexit.o)
 .text.atexit   0x20003768        0xc c:/microsemi/softconsole_v4.0/arm-none-eabi-gcc/bin/../lib/gcc/arm-none-eabi/4.9.3/../../../../arm-none-eabi/lib/armv7-m\libg.a(lib_a-atexit.o)
                0x20003768                atexit
 .text.__libc_fini_array
                0x20003774       0x2c c:/microsemi/softconsole_v4.0/arm-none-eabi-gcc/bin/../lib/gcc/arm-none-eabi/4.9.3/../../../../arm-none-eabi/lib/armv7-m\libg.a(lib_a-fini.o)
                0x20003774                __libc_fini_array
 .text._malloc_trim_r
                0x200037a0       0x9c c:/microsemi/softconsole_v4.0/arm-none-eabi-gcc/bin/../lib/gcc/arm-none-eabi/4.9.3/../../../../arm-none-eabi/lib/armv7-m\libg.a(lib_a-freer.o)
                0x200037a0                _malloc_trim_r
 .text._free_r  0x2000383c      0x1b0 c:/microsemi/softconsole_v4.0/arm-none-eabi-gcc/bin/../lib/gcc/arm-none-eabi/4.9.3/../../../../arm-none-eabi/lib/armv7-m\libg.a(lib_a-freer.o)
                0x2000383c                _free_r
 .text.__register_exitproc
                0x200039ec       0xa4 c:/microsemi/softconsole_v4.0/arm-none-eabi-gcc/bin/../lib/gcc/arm-none-eabi/4.9.3/../../../../arm-none-eabi/lib/armv7-m\libg.a(lib_a-__atexit.o)
                0x200039ec                __register_exitproc
 *(.plt)
 *(.gnu.warning)
 *(.glue_7t)
 .glue_7t       0x00000000        0x0 linker stubs
 *(.glue_7)
 .glue_7        0x00000000        0x0 linker stubs
 *(.vfp11_veneer)
 .vfp11_veneer  0x00000000        0x0 linker stubs
                0x20003a90                . = ALIGN (0x4)
 *crtbegin.o(.ctors)
 *(EXCLUDE_FILE(*crtend.o) .ctors)
 *(SORT(.ctors.*))
 *crtend.o(.ctors)
 *crtbegin.o(.dtors)
 *(EXCLUDE_FILE(*crtend.o) .dtors)
 *(SORT(.dtors.*))
 *crtend.o(.dtors)
 *(.rodata .rodata.* .gnu.linkonce.r.*)
 .rodata        0x20003a90       0x60 ./drivers/mss_pdma/mss_pdma.o
 .rodata        0x20003af0       0x30 ./CMSIS/startup_gcc/newlib_stubs.o
 .rodata        0x20003b20        0x8 ./CMSIS/system_m2sxxx.o
 .rodata.str1.4
                0x20003b28        0x4 c:/microsemi/softconsole_v4.0/arm-none-eabi-gcc/bin/../lib/gcc/arm-none-eabi/4.9.3/../../../../arm-none-eabi/lib/armv7-m\libg.a(lib_a-impure.o)
                                  0x2 (size before relaxing)
 .rodata._global_impure_ptr
                0x20003b2c        0x4 c:/microsemi/softconsole_v4.0/arm-none-eabi-gcc/bin/../lib/gcc/arm-none-eabi/4.9.3/../../../../arm-none-eabi/lib/armv7-m\libg.a(lib_a-impure.o)
                0x20003b2c                _global_impure_ptr
 *(.ARM.extab* .gnu.linkonce.armextab.*)
 *(.gcc_except_table)
 *(.eh_frame_hdr)
 *(.eh_frame)
 .eh_frame      0x20003b30        0x0 c:/microsemi/softconsole_v4.0/arm-none-eabi-gcc/bin/../lib/gcc/arm-none-eabi/4.9.3/armv7-m/crtbegin.o
 *(.vector_table)
 *(.init)
 .init          0x20003b30        0x4 c:/microsemi/softconsole_v4.0/arm-none-eabi-gcc/bin/../lib/gcc/arm-none-eabi/4.9.3/armv7-m/crti.o
                0x20003b30                _init
 .init          0x20003b34        0x8 c:/microsemi/softconsole_v4.0/arm-none-eabi-gcc/bin/../lib/gcc/arm-none-eabi/4.9.3/armv7-m/crtn.o
 *(.fini)
 .fini          0x20003b3c        0x4 c:/microsemi/softconsole_v4.0/arm-none-eabi-gcc/bin/../lib/gcc/arm-none-eabi/4.9.3/armv7-m/crti.o
                0x20003b3c                _fini
 .fini          0x20003b40        0x8 c:/microsemi/softconsole_v4.0/arm-none-eabi-gcc/bin/../lib/gcc/arm-none-eabi/4.9.3/armv7-m/crtn.o
                0x20003b48                PROVIDE (__preinit_array_start, .)
 *(.preinit_array)
                0x20003b48                PROVIDE (__preinit_array_end, .)
                0x20003b48                PROVIDE (__init_array_start, .)
 *(SORT(.init_array.*))
 .init_array.00000
                0x20003b48        0x4 c:/microsemi/softconsole_v4.0/arm-none-eabi-gcc/bin/../lib/gcc/arm-none-eabi/4.9.3/../../../../arm-none-eabi/lib/armv7-m\libg.a(lib_a-__call_atexit.o)
 *(.init_array)
 .init_array    0x20003b4c        0x4 c:/microsemi/softconsole_v4.0/arm-none-eabi-gcc/bin/../lib/gcc/arm-none-eabi/4.9.3/armv7-m/crtbegin.o
                0x20003b50                PROVIDE (__init_array_end, .)
                0x20003b50                PROVIDE (__fini_array_start, .)
 *(.fini_array)
 .fini_array    0x20003b50        0x4 c:/microsemi/softconsole_v4.0/arm-none-eabi-gcc/bin/../lib/gcc/arm-none-eabi/4.9.3/armv7-m/crtbegin.o
 *(SORT(.fini_array.*))
                0x20003b54                PROVIDE (__fini_array_end, .)
                0x20003b60                . = ALIGN (0x10)
 *fill*         0x20003b54        0xc 
                0x20003b60                __exidx_start = .

.v4_bx          0x20003b60        0x0
 .v4_bx         0x00000000        0x0 linker stubs

.iplt           0x20003b60        0x0
 .iplt          0x00000000        0x0 c:/microsemi/softconsole_v4.0/arm-none-eabi-gcc/bin/../lib/gcc/arm-none-eabi/4.9.3/armv7-m/crtbegin.o

.rel.dyn        0x20003b60        0x0
 .rel.iplt      0x00000000        0x0 c:/microsemi/softconsole_v4.0/arm-none-eabi-gcc/bin/../lib/gcc/arm-none-eabi/4.9.3/armv7-m/crtbegin.o

.ARM.exidx
 *(.ARM.exidx* .gnu.linkonce.armexidx.*)
                0x20003b60                __exidx_end = .
                0x20003b60                _etext = .
                0x20003b60                PROVIDE (__text_end, .)

.data           0x20003b60     0x2120
                0x20003b60                __data_load = LOADADDR (.data)
                0x20003b60                _sidata = LOADADDR (.data)
                0x20003b60                __data_start = .
                0x20003b60                _sdata = .
 *(.jcr)
 .jcr           0x20003b60        0x0 c:/microsemi/softconsole_v4.0/arm-none-eabi-gcc/bin/../lib/gcc/arm-none-eabi/4.9.3/armv7-m/crtbegin.o
 .jcr           0x20003b60        0x4 c:/microsemi/softconsole_v4.0/arm-none-eabi-gcc/bin/../lib/gcc/arm-none-eabi/4.9.3/armv7-m/crtend.o
 *(.got.plt)
 *(.got)
 *(.shdata)
 *(.data .data.* .gnu.linkonce.d.*)
 .data.SystemCoreClock
                0x20003b64        0x4 ./CMSIS/system_m2sxxx.o
                0x20003b64                SystemCoreClock
 .data.g_FrequencyPCLK0
                0x20003b68        0x4 ./CMSIS/system_m2sxxx.o
                0x20003b68                g_FrequencyPCLK0
 .data.g_FrequencyPCLK1
                0x20003b6c        0x4 ./CMSIS/system_m2sxxx.o
                0x20003b6c                g_FrequencyPCLK1
 .data.g_FrequencyPCLK2
                0x20003b70        0x4 ./CMSIS/system_m2sxxx.o
                0x20003b70                g_FrequencyPCLK2
 .data.g_FrequencyFIC0
                0x20003b74        0x4 ./CMSIS/system_m2sxxx.o
                0x20003b74                g_FrequencyFIC0
 .data.g_FrequencyFIC1
                0x20003b78        0x4 ./CMSIS/system_m2sxxx.o
                0x20003b78                g_FrequencyFIC1
 .data.g_FrequencyFIC64
                0x20003b7c        0x4 ./CMSIS/system_m2sxxx.o
                0x20003b7c                g_FrequencyFIC64
 .data.g_flash_wr_buf
                0x20003b80     0x18bc ./main.o
 *fill*         0x2000543c        0x4 
 .data.impure_data
                0x20005440      0x428 c:/microsemi/softconsole_v4.0/arm-none-eabi-gcc/bin/../lib/gcc/arm-none-eabi/4.9.3/../../../../arm-none-eabi/lib/armv7-m\libg.a(lib_a-impure.o)
 .data._impure_ptr
                0x20005868        0x4 c:/microsemi/softconsole_v4.0/arm-none-eabi-gcc/bin/../lib/gcc/arm-none-eabi/4.9.3/../../../../arm-none-eabi/lib/armv7-m\libg.a(lib_a-impure.o)
                0x20005868                _impure_ptr
 .data.__malloc_av_
                0x2000586c      0x408 c:/microsemi/softconsole_v4.0/arm-none-eabi-gcc/bin/../lib/gcc/arm-none-eabi/4.9.3/../../../../arm-none-eabi/lib/armv7-m\libg.a(lib_a-mallocr.o)
                0x2000586c                __malloc_av_
 .data.__malloc_trim_threshold
                0x20005c74        0x4 c:/microsemi/softconsole_v4.0/arm-none-eabi-gcc/bin/../lib/gcc/arm-none-eabi/4.9.3/../../../../arm-none-eabi/lib/armv7-m\libg.a(lib_a-mallocr.o)
                0x20005c74                __malloc_trim_threshold
 .data.__malloc_sbrk_base
                0x20005c78        0x4 c:/microsemi/softconsole_v4.0/arm-none-eabi-gcc/bin/../lib/gcc/arm-none-eabi/4.9.3/../../../../arm-none-eabi/lib/armv7-m\libg.a(lib_a-mallocr.o)
                0x20005c78                __malloc_sbrk_base
                0x20005c80                . = ALIGN (0x10)
 *fill*         0x20005c7c        0x4 
                0x20005c80                _edata = .

.igot.plt       0x20005c80        0x0
 .igot.plt      0x00000000        0x0 c:/microsemi/softconsole_v4.0/arm-none-eabi-gcc/bin/../lib/gcc/arm-none-eabi/4.9.3/armv7-m/crtbegin.o

.bss            0x20005c80     0x1b20
                0x20005c80                __bss_start__ = .
                0x20005c80                _sbss = .
 *(.shbss)
 *(.bss .bss.* .gnu.linkonce.b.*)
 .bss           0x20005c80       0x1c c:/microsemi/softconsole_v4.0/arm-none-eabi-gcc/bin/../lib/gcc/arm-none-eabi/4.9.3/armv7-m/crtbegin.o
 .bss.g_comblk_cmd_opcode
                0x20005c9c        0x1 ./drivers/mss_sys_services/mss_comblk.o
 *fill*         0x20005c9d        0x3 
 .bss.g_comblk_p_cmd
                0x20005ca0        0x4 ./drivers/mss_sys_services/mss_comblk.o
 .bss.g_comblk_cmd_size
                0x20005ca4        0x2 ./drivers/mss_sys_services/mss_comblk.o
 *fill*         0x20005ca6        0x2 
 .bss.g_comblk_p_data
                0x20005ca8        0x4 ./drivers/mss_sys_services/mss_comblk.o
 .bss.g_comblk_data_size
                0x20005cac        0x4 ./drivers/mss_sys_services/mss_comblk.o
 .bss.g_comblk_p_response
                0x20005cb0        0x4 ./drivers/mss_sys_services/mss_comblk.o
 .bss.g_comblk_response_size
                0x20005cb4        0x2 ./drivers/mss_sys_services/mss_comblk.o
 .bss.g_comblk_response_idx
                0x20005cb6        0x2 ./drivers/mss_sys_services/mss_comblk.o
 .bss.g_comblk_completion_handler
                0x20005cb8        0x4 ./drivers/mss_sys_services/mss_comblk.o
 .bss.g_comblk_page_handler
                0x20005cbc        0x4 ./drivers/mss_sys_services/mss_comblk.o
 .bss.g_request_in_progress
                0x20005cc0        0x1 ./drivers/mss_sys_services/mss_comblk.o
 .bss.g_comblk_state
                0x20005cc1        0x1 ./drivers/mss_sys_services/mss_comblk.o
 *fill*         0x20005cc2        0x2 
 .bss.g_async_event_handler
                0x20005cc4        0x4 ./drivers/mss_sys_services/mss_comblk.o
 .bss.g_pdma_next_channel
                0x20005cc8        0x8 ./drivers/mss_pdma/mss_pdma.o
 .bss.g_pdma_started_a
                0x20005cd0        0x8 ./drivers/mss_pdma/mss_pdma.o
 .bss.g_pdma_started_b
                0x20005cd8        0x8 ./drivers/mss_pdma/mss_pdma.o
 .bss.g_pdma_isr_table
                0x20005ce0       0x20 ./drivers/mss_pdma/mss_pdma.o
 .bss.g_transfer
                0x20005d00       0x18 ./drivers/mss_hpdma/mss_hpdma.o
 .bss.g_hpdma_end_desc
                0x20005d18        0x4 ./drivers/mss_hpdma/mss_hpdma.o
 .bss.g_hpdma_current_desc
                0x20005d1c        0x4 ./drivers/mss_hpdma/mss_hpdma.o
 .bss.heap_end.5162
                0x20005d20        0x4 ./CMSIS/startup_gcc/newlib_stubs.o
 .bss.g_flash_rd_buf.7098
                0x20005d24     0x18bc ./main.o
 .bss.__malloc_max_total_mem
                0x200075e0        0x4 c:/microsemi/softconsole_v4.0/arm-none-eabi-gcc/bin/../lib/gcc/arm-none-eabi/4.9.3/../../../../arm-none-eabi/lib/armv7-m\libg.a(lib_a-mallocr.o)
                0x200075e0                __malloc_max_total_mem
 .bss.__malloc_max_sbrked_mem
                0x200075e4        0x4 c:/microsemi/softconsole_v4.0/arm-none-eabi-gcc/bin/../lib/gcc/arm-none-eabi/4.9.3/../../../../arm-none-eabi/lib/armv7-m\libg.a(lib_a-mallocr.o)
                0x200075e4                __malloc_max_sbrked_mem
 .bss.__malloc_top_pad
                0x200075e8        0x4 c:/microsemi/softconsole_v4.0/arm-none-eabi-gcc/bin/../lib/gcc/arm-none-eabi/4.9.3/../../../../arm-none-eabi/lib/armv7-m\libg.a(lib_a-mallocr.o)
                0x200075e8                __malloc_top_pad
 .bss.__malloc_current_mallinfo
                0x200075ec       0x28 c:/microsemi/softconsole_v4.0/arm-none-eabi-gcc/bin/../lib/gcc/arm-none-eabi/4.9.3/../../../../arm-none-eabi/lib/armv7-m\libg.a(lib_a-mallocr.o)
                0x200075ec                __malloc_current_mallinfo
 *(COMMON)
 COMMON         0x20007614       0x80 ./drivers/mss_uart/mss_uart.o
                0x20007614                g_mss_uart1
                0x20007654                g_mss_uart0
 COMMON         0x20007694      0x108 ./drivers/mss_spi/mss_spi.o
                0x20007694                g_mss_spi1
                0x20007718                g_mss_spi0
 COMMON         0x2000779c        0x4 c:/microsemi/softconsole_v4.0/arm-none-eabi-gcc/bin/../lib/gcc/arm-none-eabi/4.9.3/../../../../arm-none-eabi/lib/armv7-m\libg.a(lib_a-reent.o)
                0x2000779c                errno
                0x200077a0                . = ALIGN (0x10)
                0x200077a0                __bss_end__ = .
                0x200077a0                _end = .
                0x200077a0                __end = _end
                0x200077a0                _ebss = .
                0x200077a0                PROVIDE (end, .)

.heap           0x200077a0     0x7860
                0x200077a0                __heap_start__ = .
                0x200087a0                . = (. + MIN_SIZE_HEAP)
 *fill*         0x200077a0     0x1000 
                0x2000f000                . = (. + (((ABSOLUTE (RAM_START_ADDRESS) + RAM_SIZE) - MAIN_STACK_SIZE) - .))
 *fill*         0x200087a0     0x6860 
                0x2000f000                _eheap = .

.stack          0x2000f000     0x1000
                0x2000f000                __stack_start__ = .
                0x20010000                . = (. + MAIN_STACK_SIZE)
 *fill*         0x2000f000     0x1000 
                0x20010000                _estack = .

.stab
 *(.stab)

.stabstr
 *(.stabstr)

.debug
 *(.debug)

.line
 *(.line)

.debug_srcinfo
 *(.debug_srcinfo)

.debug_sfnames
 *(.debug_sfnames)

.debug_aranges  0x00000000      0x9d8
 *(.debug_aranges)
 .debug_aranges
                0x00000000       0x20 ./hal/CortexM3/GNU/hal.o
 .debug_aranges
                0x00000020       0x20 ./hal/CortexM3/GNU/hw_reg_access.o
 .debug_aranges
                0x00000040       0x48 ./hal/CortexM3/cortex_nvic.o
 .debug_aranges
                0x00000088       0x18 ./drivers_config/sys_config/sys_config.o
 .debug_aranges
                0x000000a0       0x70 ./drivers/w25q64fvssig/w25q64fvssig.o
 .debug_aranges
                0x00000110      0x1d0 ./drivers/mss_uart/mss_uart.o
 .debug_aranges
                0x000002e0       0x90 ./drivers/mss_sys_services/mss_comblk.o
 .debug_aranges
                0x00000370      0x1c8 ./drivers/mss_sys_services/mss_sys_services.o
 .debug_aranges
                0x00000538       0xe0 ./drivers/mss_spi/mss_spi.o
 .debug_aranges
                0x00000618       0x88 ./drivers/mss_pdma/mss_pdma.o
 .debug_aranges
                0x000006a0       0x80 ./drivers/mss_nvm/mss_nvm.o
 .debug_aranges
                0x00000720       0x80 ./drivers/mss_hpdma/mss_hpdma.o
 .debug_aranges
                0x000007a0       0x68 ./drivers/mss_gpio/mss_gpio.o
 .debug_aranges
                0x00000808       0x78 ./drivers/CoreGPIO/core_gpio.o
 .debug_aranges
                0x00000880       0xa8 ./CMSIS/startup_gcc/newlib_stubs.o
 .debug_aranges
                0x00000928       0x20 ./CMSIS/startup_gcc/startup_m2sxxx.o
 .debug_aranges
                0x00000948       0x50 ./CMSIS/system_m2sxxx.o
 .debug_aranges
                0x00000998       0x28 ./main.o
 .debug_aranges
                0x000009c0       0x18 ./main1.o

.debug_pubnames
 *(.debug_pubnames)

.debug_info     0x00000000     0xd33a
 *(.debug_info .gnu.linkonce.wi.*)
 .debug_info    0x00000000       0x82 ./hal/CortexM3/GNU/hal.o
 .debug_info    0x00000082       0x8c ./hal/CortexM3/GNU/hw_reg_access.o
 .debug_info    0x0000010e      0x18b ./hal/CortexM3/cortex_nvic.o
 .debug_info    0x00000299       0x96 ./drivers_config/sys_config/sys_config.o
 .debug_info    0x0000032f      0xadb ./drivers/w25q64fvssig/w25q64fvssig.o
 .debug_info    0x00000e0a     0x1cc5 ./drivers/mss_uart/mss_uart.o
 .debug_info    0x00002acf      0xb0d ./drivers/mss_sys_services/mss_comblk.o
 .debug_info    0x000035dc     0x1e16 ./drivers/mss_sys_services/mss_sys_services.o
 .debug_info    0x000053f2     0x1592 ./drivers/mss_spi/mss_spi.o
 .debug_info    0x00006984     0x10bc ./drivers/mss_pdma/mss_pdma.o
 .debug_info    0x00007a40     0x1158 ./drivers/mss_nvm/mss_nvm.o
 .debug_info    0x00008b98     0x1169 ./drivers/mss_hpdma/mss_hpdma.o
 .debug_info    0x00009d01     0x1013 ./drivers/mss_gpio/mss_gpio.o
 .debug_info    0x0000ad14      0x5ea ./drivers/CoreGPIO/core_gpio.o
 .debug_info    0x0000b2fe      0x692 ./CMSIS/startup_gcc/newlib_stubs.o
 .debug_info    0x0000b990       0x8e ./CMSIS/startup_gcc/startup_m2sxxx.o
 .debug_info    0x0000ba1e      0xaa3 ./CMSIS/system_m2sxxx.o
 .debug_info    0x0000c4c1      0xe58 ./main.o
 .debug_info    0x0000d319       0x21 ./main1.o

.debug_abbrev   0x00000000     0x1a74
 *(.debug_abbrev)
 .debug_abbrev  0x00000000       0x14 ./hal/CortexM3/GNU/hal.o
 .debug_abbrev  0x00000014       0x14 ./hal/CortexM3/GNU/hw_reg_access.o
 .debug_abbrev  0x00000028       0xa3 ./hal/CortexM3/cortex_nvic.o
 .debug_abbrev  0x000000cb       0x4e ./drivers_config/sys_config/sys_config.o
 .debug_abbrev  0x00000119      0x1c6 ./drivers/w25q64fvssig/w25q64fvssig.o
 .debug_abbrev  0x000002df      0x2e6 ./drivers/mss_uart/mss_uart.o
 .debug_abbrev  0x000005c5      0x1d2 ./drivers/mss_sys_services/mss_comblk.o
 .debug_abbrev  0x00000797      0x251 ./drivers/mss_sys_services/mss_sys_services.o
 .debug_abbrev  0x000009e8      0x22c ./drivers/mss_spi/mss_spi.o
 .debug_abbrev  0x00000c14      0x21d ./drivers/mss_pdma/mss_pdma.o
 .debug_abbrev  0x00000e31      0x1cb ./drivers/mss_nvm/mss_nvm.o
 .debug_abbrev  0x00000ffc      0x246 ./drivers/mss_hpdma/mss_hpdma.o
 .debug_abbrev  0x00001242      0x19a ./drivers/mss_gpio/mss_gpio.o
 .debug_abbrev  0x000013dc      0x15c ./drivers/CoreGPIO/core_gpio.o
 .debug_abbrev  0x00001538      0x1c4 ./CMSIS/startup_gcc/newlib_stubs.o
 .debug_abbrev  0x000016fc       0x14 ./CMSIS/startup_gcc/startup_m2sxxx.o
 .debug_abbrev  0x00001710      0x189 ./CMSIS/system_m2sxxx.o
 .debug_abbrev  0x00001899      0x1c8 ./main.o
 .debug_abbrev  0x00001a61       0x13 ./main1.o

.debug_line     0x00000000     0x599f
 *(.debug_line)
 .debug_line    0x00000000       0x4d ./hal/CortexM3/GNU/hal.o
 .debug_line    0x0000004d       0x8b ./hal/CortexM3/GNU/hw_reg_access.o
 .debug_line    0x000000d8      0x2b0 ./hal/CortexM3/cortex_nvic.o
 .debug_line    0x00000388      0x2aa ./drivers_config/sys_config/sys_config.o
 .debug_line    0x00000632      0x537 ./drivers/w25q64fvssig/w25q64fvssig.o
 .debug_line    0x00000b69      0xe31 ./drivers/mss_uart/mss_uart.o
 .debug_line    0x0000199a      0x53d ./drivers/mss_sys_services/mss_comblk.o
 .debug_line    0x00001ed7      0xdaf ./drivers/mss_sys_services/mss_sys_services.o
 .debug_line    0x00002c86      0x7c9 ./drivers/mss_spi/mss_spi.o
 .debug_line    0x0000344f      0x446 ./drivers/mss_pdma/mss_pdma.o
 .debug_line    0x00003895      0x689 ./drivers/mss_nvm/mss_nvm.o
 .debug_line    0x00003f1e      0x467 ./drivers/mss_hpdma/mss_hpdma.o
 .debug_line    0x00004385      0x3de ./drivers/mss_gpio/mss_gpio.o
 .debug_line    0x00004763      0x4bb ./drivers/CoreGPIO/core_gpio.o
 .debug_line    0x00004c1e      0x41a ./CMSIS/startup_gcc/newlib_stubs.o
 .debug_line    0x00005038      0x190 ./CMSIS/startup_gcc/startup_m2sxxx.o
 .debug_line    0x000051c8      0x354 ./CMSIS/system_m2sxxx.o
 .debug_line    0x0000551c      0x458 ./main.o
 .debug_line    0x00005974       0x2b ./main1.o

.debug_frame    0x00000000     0x297c
 *(.debug_frame)
 .debug_frame   0x00000000       0xf8 ./hal/CortexM3/cortex_nvic.o
 .debug_frame   0x000000f8      0x1a8 ./drivers/w25q64fvssig/w25q64fvssig.o
 .debug_frame   0x000002a0      0x820 ./drivers/mss_uart/mss_uart.o
 .debug_frame   0x00000ac0      0x240 ./drivers/mss_sys_services/mss_comblk.o
 .debug_frame   0x00000d00      0x7e0 ./drivers/mss_sys_services/mss_sys_services.o
 .debug_frame   0x000014e0      0x3c0 ./drivers/mss_spi/mss_spi.o
 .debug_frame   0x000018a0      0x234 ./drivers/mss_pdma/mss_pdma.o
 .debug_frame   0x00001ad4      0x208 ./drivers/mss_nvm/mss_nvm.o
 .debug_frame   0x00001cdc      0x210 ./drivers/mss_hpdma/mss_hpdma.o
 .debug_frame   0x00001eec      0x198 ./drivers/mss_gpio/mss_gpio.o
 .debug_frame   0x00002084      0x1c0 ./drivers/CoreGPIO/core_gpio.o
 .debug_frame   0x00002244      0x2a8 ./CMSIS/startup_gcc/newlib_stubs.o
 .debug_frame   0x000024ec      0x10c ./CMSIS/system_m2sxxx.o
 .debug_frame   0x000025f8       0x58 ./main.o
 .debug_frame   0x00002650       0x20 c:/microsemi/softconsole_v4.0/arm-none-eabi-gcc/bin/../lib/gcc/arm-none-eabi/4.9.3/../../../../arm-none-eabi/lib/armv7-m\libg.a(lib_a-errno.o)
 .debug_frame   0x00002670       0x28 c:/microsemi/softconsole_v4.0/arm-none-eabi-gcc/bin/../lib/gcc/arm-none-eabi/4.9.3/../../../../arm-none-eabi/lib/armv7-m\libg.a(lib_a-exit.o)
 .debug_frame   0x00002698       0x2c c:/microsemi/softconsole_v4.0/arm-none-eabi-gcc/bin/../lib/gcc/arm-none-eabi/4.9.3/../../../../arm-none-eabi/lib/armv7-m\libg.a(lib_a-init.o)
 .debug_frame   0x000026c4       0x30 c:/microsemi/softconsole_v4.0/arm-none-eabi-gcc/bin/../lib/gcc/arm-none-eabi/4.9.3/../../../../arm-none-eabi/lib/armv7-m\libg.a(lib_a-malloc.o)
 .debug_frame   0x000026f4       0x54 c:/microsemi/softconsole_v4.0/arm-none-eabi-gcc/bin/../lib/gcc/arm-none-eabi/4.9.3/../../../../arm-none-eabi/lib/armv7-m\libg.a(lib_a-mallocr.o)
 .debug_frame   0x00002748       0x34 c:/microsemi/softconsole_v4.0/arm-none-eabi-gcc/bin/../lib/gcc/arm-none-eabi/4.9.3/../../../../arm-none-eabi/lib/armv7-m\libg.a(lib_a-memset.o)
 .debug_frame   0x0000277c       0x30 c:/microsemi/softconsole_v4.0/arm-none-eabi-gcc/bin/../lib/gcc/arm-none-eabi/4.9.3/../../../../arm-none-eabi/lib/armv7-m\libg.a(lib_a-mlock.o)
 .debug_frame   0x000027ac       0x2c c:/microsemi/softconsole_v4.0/arm-none-eabi-gcc/bin/../lib/gcc/arm-none-eabi/4.9.3/../../../../arm-none-eabi/lib/armv7-m\libg.a(lib_a-sbrkr.o)
 .debug_frame   0x000027d8       0x50 c:/microsemi/softconsole_v4.0/arm-none-eabi-gcc/bin/../lib/gcc/arm-none-eabi/4.9.3/../../../../arm-none-eabi/lib/armv7-m\libg.a(lib_a-__call_atexit.o)
 .debug_frame   0x00002828       0x20 c:/microsemi/softconsole_v4.0/arm-none-eabi-gcc/bin/../lib/gcc/arm-none-eabi/4.9.3/../../../../arm-none-eabi/lib/armv7-m\libg.a(lib_a-atexit.o)
 .debug_frame   0x00002848       0x34 c:/microsemi/softconsole_v4.0/arm-none-eabi-gcc/bin/../lib/gcc/arm-none-eabi/4.9.3/../../../../arm-none-eabi/lib/armv7-m\libg.a(lib_a-fini.o)
 .debug_frame   0x0000287c       0x74 c:/microsemi/softconsole_v4.0/arm-none-eabi-gcc/bin/../lib/gcc/arm-none-eabi/4.9.3/../../../../arm-none-eabi/lib/armv7-m\libg.a(lib_a-freer.o)
 .debug_frame   0x000028f0       0x58 c:/microsemi/softconsole_v4.0/arm-none-eabi-gcc/bin/../lib/gcc/arm-none-eabi/4.9.3/../../../../arm-none-eabi/lib/armv7-m\libg.a(lib_a-reent.o)
 .debug_frame   0x00002948       0x34 c:/microsemi/softconsole_v4.0/arm-none-eabi-gcc/bin/../lib/gcc/arm-none-eabi/4.9.3/../../../../arm-none-eabi/lib/armv7-m\libg.a(lib_a-__atexit.o)

.debug_str      0x00000000    0x16bbf
 *(.debug_str)
 .debug_str     0x00000000     0x348e ./hal/CortexM3/cortex_nvic.o
                               0x3616 (size before relaxing)
 .debug_str     0x0000348e     0x5709 ./drivers_config/sys_config/sys_config.o
                               0x870b (size before relaxing)
 .debug_str     0x00008b97     0x3af3 ./drivers/w25q64fvssig/w25q64fvssig.o
                               0xc51a (size before relaxing)
 .debug_str     0x0000c68a     0x1df6 ./drivers/mss_uart/mss_uart.o
                               0xb094 (size before relaxing)
 .debug_str     0x0000e480      0x4b6 ./drivers/mss_sys_services/mss_comblk.o
                               0x94d3 (size before relaxing)
 .debug_str     0x0000e936     0x24bb ./drivers/mss_sys_services/mss_sys_services.o
                               0xd6f5 (size before relaxing)
 .debug_str     0x00010df1      0x711 ./drivers/mss_spi/mss_spi.o
                               0xc260 (size before relaxing)
 .debug_str     0x00011502      0x56a ./drivers/mss_pdma/mss_pdma.o
                               0xab25 (size before relaxing)
 .debug_str     0x00011a6c      0xcc3 ./drivers/mss_nvm/mss_nvm.o
                               0x9e43 (size before relaxing)
 .debug_str     0x0001272f      0x754 ./drivers/mss_hpdma/mss_hpdma.o
                               0x9ded (size before relaxing)
 .debug_str     0x00012e83      0x9e1 ./drivers/mss_gpio/mss_gpio.o
                               0xa041 (size before relaxing)
 .debug_str     0x00013864      0xf6c ./drivers/CoreGPIO/core_gpio.o
                               0x46db (size before relaxing)
 .debug_str     0x000147d0     0x1e04 ./CMSIS/startup_gcc/newlib_stubs.o
                               0x6a25 (size before relaxing)
 .debug_str     0x000165d4      0x530 ./CMSIS/system_m2sxxx.o
                               0x93ba (size before relaxing)
 .debug_str     0x00016b04       0xb0 ./main.o
                               0xd1c2 (size before relaxing)
 .debug_str     0x00016bb4        0xb ./main1.o
                               0x2464 (size before relaxing)

.debug_loc
 *(.debug_loc)

.debug_macinfo
 *(.debug_macinfo)

.debug_weaknames
 *(.debug_weaknames)

.debug_funcnames
 *(.debug_funcnames)

.debug_typenames
 *(.debug_typenames)

.debug_varnames
 *(.debug_varnames)

.note.gnu.arm.ident
 *(.note.gnu.arm.ident)

.ARM.attributes
                0x00000000       0x29
 *(.ARM.attributes)
 .ARM.attributes
                0x00000000       0x1d c:/microsemi/softconsole_v4.0/arm-none-eabi-gcc/bin/../lib/gcc/arm-none-eabi/4.9.3/armv7-m/crti.o
 .ARM.attributes
                0x0000001d       0x2d c:/microsemi/softconsole_v4.0/arm-none-eabi-gcc/bin/../lib/gcc/arm-none-eabi/4.9.3/armv7-m/crtbegin.o
 .ARM.attributes
                0x0000004a       0x1b c:/microsemi/softconsole_v4.0/arm-none-eabi-gcc/bin/../lib/gcc/arm-none-eabi/4.9.3/../../../../arm-none-eabi/lib/armv7-m/crt0.o
 .ARM.attributes
                0x00000065       0x21 ./hal/CortexM3/GNU/hal.o
 .ARM.attributes
                0x00000086       0x21 ./hal/CortexM3/GNU/hw_reg_access.o
 .ARM.attributes
                0x000000a7       0x33 ./hal/CortexM3/cortex_nvic.o
 .ARM.attributes
                0x000000da       0x33 ./drivers_config/sys_config/sys_config.o
 .ARM.attributes
                0x0000010d       0x33 ./drivers/w25q64fvssig/w25q64fvssig.o
 .ARM.attributes
                0x00000140       0x33 ./drivers/mss_uart/mss_uart.o
 .ARM.attributes
                0x00000173       0x33 ./drivers/mss_sys_services/mss_comblk.o
 .ARM.attributes
                0x000001a6       0x33 ./drivers/mss_sys_services/mss_sys_services.o
 .ARM.attributes
                0x000001d9       0x33 ./drivers/mss_spi/mss_spi.o
 .ARM.attributes
                0x0000020c       0x33 ./drivers/mss_pdma/mss_pdma.o
 .ARM.attributes
                0x0000023f       0x33 ./drivers/mss_nvm/mss_nvm.o
 .ARM.attributes
                0x00000272       0x33 ./drivers/mss_hpdma/mss_hpdma.o
 .ARM.attributes
                0x000002a5       0x33 ./drivers/mss_gpio/mss_gpio.o
 .ARM.attributes
                0x000002d8       0x33 ./drivers/CoreGPIO/core_gpio.o
 .ARM.attributes
                0x0000030b       0x33 ./CMSIS/startup_gcc/newlib_stubs.o
 .ARM.attributes
                0x0000033e       0x21 ./CMSIS/startup_gcc/startup_m2sxxx.o
 .ARM.attributes
                0x0000035f       0x33 ./CMSIS/system_m2sxxx.o
 .ARM.attributes
                0x00000392       0x33 ./main.o
 .ARM.attributes
                0x000003c5       0x33 ./main1.o
 .ARM.attributes
                0x000003f8       0x2d c:/microsemi/softconsole_v4.0/arm-none-eabi-gcc/bin/../lib/gcc/arm-none-eabi/4.9.3/../../../../arm-none-eabi/lib/armv7-m\libg.a(lib_a-errno.o)
 .ARM.attributes
                0x00000425       0x2d c:/microsemi/softconsole_v4.0/arm-none-eabi-gcc/bin/../lib/gcc/arm-none-eabi/4.9.3/../../../../arm-none-eabi/lib/armv7-m\libg.a(lib_a-exit.o)
 .ARM.attributes
                0x00000452       0x2d c:/microsemi/softconsole_v4.0/arm-none-eabi-gcc/bin/../lib/gcc/arm-none-eabi/4.9.3/../../../../arm-none-eabi/lib/armv7-m\libg.a(lib_a-impure.o)
 .ARM.attributes
                0x0000047f       0x2d c:/microsemi/softconsole_v4.0/arm-none-eabi-gcc/bin/../lib/gcc/arm-none-eabi/4.9.3/../../../../arm-none-eabi/lib/armv7-m\libg.a(lib_a-init.o)
 .ARM.attributes
                0x000004ac       0x2d c:/microsemi/softconsole_v4.0/arm-none-eabi-gcc/bin/../lib/gcc/arm-none-eabi/4.9.3/../../../../arm-none-eabi/lib/armv7-m\libg.a(lib_a-malloc.o)
 .ARM.attributes
                0x000004d9       0x2d c:/microsemi/softconsole_v4.0/arm-none-eabi-gcc/bin/../lib/gcc/arm-none-eabi/4.9.3/../../../../arm-none-eabi/lib/armv7-m\libg.a(lib_a-mallocr.o)
 .ARM.attributes
                0x00000506       0x1b c:/microsemi/softconsole_v4.0/arm-none-eabi-gcc/bin/../lib/gcc/arm-none-eabi/4.9.3/../../../../arm-none-eabi/lib/armv7-m\libg.a(lib_a-memcpy.o)
 .ARM.attributes
                0x00000521       0x2d c:/microsemi/softconsole_v4.0/arm-none-eabi-gcc/bin/../lib/gcc/arm-none-eabi/4.9.3/../../../../arm-none-eabi/lib/armv7-m\libg.a(lib_a-memset.o)
 .ARM.attributes
                0x0000054e       0x2d c:/microsemi/softconsole_v4.0/arm-none-eabi-gcc/bin/../lib/gcc/arm-none-eabi/4.9.3/../../../../arm-none-eabi/lib/armv7-m\libg.a(lib_a-mlock.o)
 .ARM.attributes
                0x0000057b       0x2d c:/microsemi/softconsole_v4.0/arm-none-eabi-gcc/bin/../lib/gcc/arm-none-eabi/4.9.3/../../../../arm-none-eabi/lib/armv7-m\libg.a(lib_a-sbrkr.o)
 .ARM.attributes
                0x000005a8       0x2d c:/microsemi/softconsole_v4.0/arm-none-eabi-gcc/bin/../lib/gcc/arm-none-eabi/4.9.3/../../../../arm-none-eabi/lib/armv7-m\libg.a(lib_a-__call_atexit.o)
 .ARM.attributes
                0x000005d5       0x2d c:/microsemi/softconsole_v4.0/arm-none-eabi-gcc/bin/../lib/gcc/arm-none-eabi/4.9.3/../../../../arm-none-eabi/lib/armv7-m\libg.a(lib_a-atexit.o)
 .ARM.attributes
                0x00000602       0x2d c:/microsemi/softconsole_v4.0/arm-none-eabi-gcc/bin/../lib/gcc/arm-none-eabi/4.9.3/../../../../arm-none-eabi/lib/armv7-m\libg.a(lib_a-fini.o)
 .ARM.attributes
                0x0000062f       0x2d c:/microsemi/softconsole_v4.0/arm-none-eabi-gcc/bin/../lib/gcc/arm-none-eabi/4.9.3/../../../../arm-none-eabi/lib/armv7-m\libg.a(lib_a-freer.o)
 .ARM.attributes
                0x0000065c       0x2d c:/microsemi/softconsole_v4.0/arm-none-eabi-gcc/bin/../lib/gcc/arm-none-eabi/4.9.3/../../../../arm-none-eabi/lib/armv7-m\libg.a(lib_a-reent.o)
 .ARM.attributes
                0x00000689       0x2d c:/microsemi/softconsole_v4.0/arm-none-eabi-gcc/bin/../lib/gcc/arm-none-eabi/4.9.3/../../../../arm-none-eabi/lib/armv7-m\libg.a(lib_a-__atexit.o)
 .ARM.attributes
                0x000006b6       0x2d c:/microsemi/softconsole_v4.0/arm-none-eabi-gcc/bin/../lib/gcc/arm-none-eabi/4.9.3/armv7-m/crtend.o
 .ARM.attributes
                0x000006e3       0x1d c:/microsemi/softconsole_v4.0/arm-none-eabi-gcc/bin/../lib/gcc/arm-none-eabi/4.9.3/armv7-m/crtn.o

/DISCARD/
 *(.note.GNU-stack)
 *(.isr_vector)
OUTPUT(spi_flash_pdma_example.elf elf32-littlearm)

.debug_ranges   0x00000000      0x868
 .debug_ranges  0x00000000       0x38 ./hal/CortexM3/cortex_nvic.o
 .debug_ranges  0x00000038       0x60 ./drivers/w25q64fvssig/w25q64fvssig.o
 .debug_ranges  0x00000098      0x1c0 ./drivers/mss_uart/mss_uart.o
 .debug_ranges  0x00000258       0x80 ./drivers/mss_sys_services/mss_comblk.o
 .debug_ranges  0x000002d8      0x1b8 ./drivers/mss_sys_services/mss_sys_services.o
 .debug_ranges  0x00000490       0xd0 ./drivers/mss_spi/mss_spi.o
 .debug_ranges  0x00000560       0x78 ./drivers/mss_pdma/mss_pdma.o
 .debug_ranges  0x000005d8       0x70 ./drivers/mss_nvm/mss_nvm.o
 .debug_ranges  0x00000648       0x70 ./drivers/mss_hpdma/mss_hpdma.o
 .debug_ranges  0x000006b8       0x58 ./drivers/mss_gpio/mss_gpio.o
 .debug_ranges  0x00000710       0x68 ./drivers/CoreGPIO/core_gpio.o
 .debug_ranges  0x00000778       0x98 ./CMSIS/startup_gcc/newlib_stubs.o
 .debug_ranges  0x00000810       0x40 ./CMSIS/system_m2sxxx.o
 .debug_ranges  0x00000850       0x18 ./main.o

.debug_macro    0x00000000     0x511b
 .debug_macro   0x00000000       0xa8 ./hal/CortexM3/cortex_nvic.o
 .debug_macro   0x000000a8      0x862 ./hal/CortexM3/cortex_nvic.o
 .debug_macro   0x0000090a       0x22 ./hal/CortexM3/cortex_nvic.o
 .debug_macro   0x0000092c       0x44 ./hal/CortexM3/cortex_nvic.o
 .debug_macro   0x00000970       0x58 ./hal/CortexM3/cortex_nvic.o
 .debug_macro   0x000009c8       0x22 ./hal/CortexM3/cortex_nvic.o
 .debug_macro   0x000009ea      0x1df ./hal/CortexM3/cortex_nvic.o
 .debug_macro   0x00000bc9       0x58 ./hal/CortexM3/cortex_nvic.o
 .debug_macro   0x00000c21       0x35 ./hal/CortexM3/cortex_nvic.o
 .debug_macro   0x00000c56       0x9c ./hal/CortexM3/cortex_nvic.o
 .debug_macro   0x00000cf2       0x1c ./hal/CortexM3/cortex_nvic.o
 .debug_macro   0x00000d0e       0xa9 ./drivers_config/sys_config/sys_config.o
 .debug_macro   0x00000db7       0x26 ./drivers_config/sys_config/sys_config.o
 .debug_macro   0x00000ddd       0x3a ./drivers_config/sys_config/sys_config.o
 .debug_macro   0x00000e17       0x34 ./drivers_config/sys_config/sys_config.o
 .debug_macro   0x00000e4b      0xc83 ./drivers_config/sys_config/sys_config.o
 .debug_macro   0x00001ace      0x265 ./drivers_config/sys_config/sys_config.o
 .debug_macro   0x00001d33       0x3a ./drivers_config/sys_config/sys_config.o
 .debug_macro   0x00001d6d       0x34 ./drivers_config/sys_config/sys_config.o
 .debug_macro   0x00001da1      0x1d5 ./drivers/w25q64fvssig/w25q64fvssig.o
 .debug_macro   0x00001f76       0x16 ./drivers/w25q64fvssig/w25q64fvssig.o
 .debug_macro   0x00001f8c      0x10e ./drivers/w25q64fvssig/w25q64fvssig.o
 .debug_macro   0x0000209a       0x86 ./drivers/w25q64fvssig/w25q64fvssig.o
 .debug_macro   0x00002120       0x52 ./drivers/w25q64fvssig/w25q64fvssig.o
 .debug_macro   0x00002172       0x16 ./drivers/w25q64fvssig/w25q64fvssig.o
 .debug_macro   0x00002188       0x43 ./drivers/w25q64fvssig/w25q64fvssig.o
 .debug_macro   0x000021cb      0x180 ./drivers/w25q64fvssig/w25q64fvssig.o
 .debug_macro   0x0000234b      0x27a ./drivers/w25q64fvssig/w25q64fvssig.o
 .debug_macro   0x000025c5       0x16 ./drivers/w25q64fvssig/w25q64fvssig.o
 .debug_macro   0x000025db       0x29 ./drivers/w25q64fvssig/w25q64fvssig.o
 .debug_macro   0x00002604      0x273 ./drivers/w25q64fvssig/w25q64fvssig.o
 .debug_macro   0x00002877      0x168 ./drivers/mss_uart/mss_uart.o
 .debug_macro   0x000029df      0x16d ./drivers/mss_uart/mss_uart.o
 .debug_macro   0x00002b4c      0x177 ./drivers/mss_uart/mss_uart.o
 .debug_macro   0x00002cc3       0xe2 ./drivers/mss_uart/mss_uart.o
 .debug_macro   0x00002da5       0x22 ./drivers/mss_uart/mss_uart.o
 .debug_macro   0x00002dc7      0x14b ./drivers/mss_sys_services/mss_comblk.o
 .debug_macro   0x00002f12      0x3bd ./drivers/mss_sys_services/mss_sys_services.o
 .debug_macro   0x000032cf      0x2f8 ./drivers/mss_sys_services/mss_sys_services.o
 .debug_macro   0x000035c7       0x10 ./drivers/mss_sys_services/mss_sys_services.o
 .debug_macro   0x000035d7       0x35 ./drivers/mss_sys_services/mss_sys_services.o
 .debug_macro   0x0000360c      0x233 ./drivers/mss_spi/mss_spi.o
 .debug_macro   0x0000383f      0x184 ./drivers/mss_pdma/mss_pdma.o
 .debug_macro   0x000039c3      0x292 ./drivers/mss_nvm/mss_nvm.o
 .debug_macro   0x00003c55       0x16 ./drivers/mss_nvm/mss_nvm.o
 .debug_macro   0x00003c6b      0x134 ./drivers/mss_hpdma/mss_hpdma.o
 .debug_macro   0x00003d9f       0x4a ./drivers/mss_hpdma/mss_hpdma.o
 .debug_macro   0x00003de9       0x10 ./drivers/mss_hpdma/mss_hpdma.o
 .debug_macro   0x00003df9       0xf2 ./drivers/mss_gpio/mss_gpio.o
 .debug_macro   0x00003eeb      0x11c ./drivers/mss_gpio/mss_gpio.o
 .debug_macro   0x00004007      0x10d ./drivers/CoreGPIO/core_gpio.o
 .debug_macro   0x00004114      0x11c ./drivers/CoreGPIO/core_gpio.o
 .debug_macro   0x00004230       0x64 ./drivers/CoreGPIO/core_gpio.o
 .debug_macro   0x00004294       0x64 ./drivers/CoreGPIO/core_gpio.o
 .debug_macro   0x000042f8      0x186 ./CMSIS/startup_gcc/newlib_stubs.o
 .debug_macro   0x0000447e       0x16 ./CMSIS/startup_gcc/newlib_stubs.o
 .debug_macro   0x00004494       0x10 ./CMSIS/startup_gcc/newlib_stubs.o
 .debug_macro   0x000044a4       0x22 ./CMSIS/startup_gcc/newlib_stubs.o
 .debug_macro   0x000044c6       0xbe ./CMSIS/startup_gcc/newlib_stubs.o
 .debug_macro   0x00004584      0x48e ./CMSIS/startup_gcc/newlib_stubs.o
 .debug_macro   0x00004a12       0x16 ./CMSIS/startup_gcc/newlib_stubs.o
 .debug_macro   0x00004a28       0x10 ./CMSIS/startup_gcc/newlib_stubs.o
 .debug_macro   0x00004a38       0x10 ./CMSIS/startup_gcc/newlib_stubs.o
 .debug_macro   0x00004a48       0x10 ./CMSIS/startup_gcc/newlib_stubs.o
 .debug_macro   0x00004a58       0x35 ./CMSIS/startup_gcc/newlib_stubs.o
 .debug_macro   0x00004a8d      0x122 ./CMSIS/startup_gcc/newlib_stubs.o
 .debug_macro   0x00004baf       0x10 ./CMSIS/startup_gcc/newlib_stubs.o
 .debug_macro   0x00004bbf      0x241 ./CMSIS/startup_gcc/newlib_stubs.o
 .debug_macro   0x00004e00      0x155 ./CMSIS/system_m2sxxx.o
 .debug_macro   0x00004f55      0x1b5 ./main.o
 .debug_macro   0x0000510a       0x11 ./main1.o

.comment        0x00000000       0x70
 .comment       0x00000000       0x70 ./hal/CortexM3/cortex_nvic.o
                                 0x71 (size before relaxing)
 .comment       0x00000000       0x71 ./drivers_config/sys_config/sys_config.o
 .comment       0x00000000       0x71 ./drivers/w25q64fvssig/w25q64fvssig.o
 .comment       0x00000000       0x71 ./drivers/mss_uart/mss_uart.o
 .comment       0x00000000       0x71 ./drivers/mss_sys_services/mss_comblk.o
 .comment       0x00000000       0x71 ./drivers/mss_sys_services/mss_sys_services.o
 .comment       0x00000000       0x71 ./drivers/mss_spi/mss_spi.o
 .comment       0x00000000       0x71 ./drivers/mss_pdma/mss_pdma.o
 .comment       0x00000000       0x71 ./drivers/mss_nvm/mss_nvm.o
 .comment       0x00000000       0x71 ./drivers/mss_hpdma/mss_hpdma.o
 .comment       0x00000000       0x71 ./drivers/mss_gpio/mss_gpio.o
 .comment       0x00000000       0x71 ./drivers/CoreGPIO/core_gpio.o
 .comment       0x00000000       0x71 ./CMSIS/startup_gcc/newlib_stubs.o
 .comment       0x00000000       0x71 ./CMSIS/system_m2sxxx.o
 .comment       0x00000000       0x71 ./main.o
 .comment       0x00000000       0x71 ./main1.o
