Archive member included because of file (symbol)

c:/microsemi/softconsole_v4.0/arm-none-eabi-gcc/bin/../lib/gcc/arm-none-eabi/4.9.3/../../../../arm-none-eabi/lib/armv7-m\libg.a(lib_a-errno.o)
                              ./CMSIS/startup_gcc/newlib_stubs.o (__errno)
c:/microsemi/softconsole_v4.0/arm-none-eabi-gcc/bin/../lib/gcc/arm-none-eabi/4.9.3/../../../../arm-none-eabi/lib/armv7-m\libg.a(lib_a-exit.o)
                              c:/microsemi/softconsole_v4.0/arm-none-eabi-gcc/bin/../lib/gcc/arm-none-eabi/4.9.3/../../../../arm-none-eabi/lib/armv7-m/crt0.o (exit)
c:/microsemi/softconsole_v4.0/arm-none-eabi-gcc/bin/../lib/gcc/arm-none-eabi/4.9.3/../../../../arm-none-eabi/lib/armv7-m\libg.a(lib_a-impure.o)
                              c:/microsemi/softconsole_v4.0/arm-none-eabi-gcc/bin/../lib/gcc/arm-none-eabi/4.9.3/../../../../arm-none-eabi/lib/armv7-m\libg.a(lib_a-exit.o) (_global_impure_ptr)
c:/microsemi/softconsole_v4.0/arm-none-eabi-gcc/bin/../lib/gcc/arm-none-eabi/4.9.3/../../../../arm-none-eabi/lib/armv7-m\libg.a(lib_a-init.o)
                              c:/microsemi/softconsole_v4.0/arm-none-eabi-gcc/bin/../lib/gcc/arm-none-eabi/4.9.3/../../../../arm-none-eabi/lib/armv7-m/crt0.o (__libc_init_array)
c:/microsemi/softconsole_v4.0/arm-none-eabi-gcc/bin/../lib/gcc/arm-none-eabi/4.9.3/../../../../arm-none-eabi/lib/armv7-m\libg.a(lib_a-memset.o)
                              c:/microsemi/softconsole_v4.0/arm-none-eabi-gcc/bin/../lib/gcc/arm-none-eabi/4.9.3/../../../../arm-none-eabi/lib/armv7-m/crt0.o (memset)
c:/microsemi/softconsole_v4.0/arm-none-eabi-gcc/bin/../lib/gcc/arm-none-eabi/4.9.3/../../../../arm-none-eabi/lib/armv7-m\libg.a(lib_a-__call_atexit.o)
                              c:/microsemi/softconsole_v4.0/arm-none-eabi-gcc/bin/../lib/gcc/arm-none-eabi/4.9.3/../../../../arm-none-eabi/lib/armv7-m\libg.a(lib_a-exit.o) (__call_exitprocs)
c:/microsemi/softconsole_v4.0/arm-none-eabi-gcc/bin/../lib/gcc/arm-none-eabi/4.9.3/../../../../arm-none-eabi/lib/armv7-m\libg.a(lib_a-atexit.o)
                              c:/microsemi/softconsole_v4.0/arm-none-eabi-gcc/bin/../lib/gcc/arm-none-eabi/4.9.3/../../../../arm-none-eabi/lib/armv7-m\libg.a(lib_a-__call_atexit.o) (atexit)
c:/microsemi/softconsole_v4.0/arm-none-eabi-gcc/bin/../lib/gcc/arm-none-eabi/4.9.3/../../../../arm-none-eabi/lib/armv7-m\libg.a(lib_a-fini.o)
                              c:/microsemi/softconsole_v4.0/arm-none-eabi-gcc/bin/../lib/gcc/arm-none-eabi/4.9.3/../../../../arm-none-eabi/lib/armv7-m\libg.a(lib_a-__call_atexit.o) (__libc_fini_array)
c:/microsemi/softconsole_v4.0/arm-none-eabi-gcc/bin/../lib/gcc/arm-none-eabi/4.9.3/../../../../arm-none-eabi/lib/armv7-m\libg.a(lib_a-__atexit.o)
                              c:/microsemi/softconsole_v4.0/arm-none-eabi-gcc/bin/../lib/gcc/arm-none-eabi/4.9.3/../../../../arm-none-eabi/lib/armv7-m\libg.a(lib_a-atexit.o) (__register_exitproc)

Allocating common symbols
Common symbol       size              file

g_gpio              0x8               ./main.o
g_uart              0x8               ./main.o
rx_buffer           0x2               ./main.o

Discarded input sections

 .text          0x00000000        0x0 c:/microsemi/softconsole_v4.0/arm-none-eabi-gcc/bin/../lib/gcc/arm-none-eabi/4.9.3/armv7-m/crti.o
 .data          0x00000000        0x0 c:/microsemi/softconsole_v4.0/arm-none-eabi-gcc/bin/../lib/gcc/arm-none-eabi/4.9.3/armv7-m/crti.o
 .bss           0x00000000        0x0 c:/microsemi/softconsole_v4.0/arm-none-eabi-gcc/bin/../lib/gcc/arm-none-eabi/4.9.3/armv7-m/crti.o
 .data          0x00000000        0x4 c:/microsemi/softconsole_v4.0/arm-none-eabi-gcc/bin/../lib/gcc/arm-none-eabi/4.9.3/armv7-m/crtbegin.o
 .text          0x00000000       0x74 c:/microsemi/softconsole_v4.0/arm-none-eabi-gcc/bin/../lib/gcc/arm-none-eabi/4.9.3/../../../../arm-none-eabi/lib/armv7-m/crt0.o
 .data          0x00000000        0x0 c:/microsemi/softconsole_v4.0/arm-none-eabi-gcc/bin/../lib/gcc/arm-none-eabi/4.9.3/../../../../arm-none-eabi/lib/armv7-m/crt0.o
 .bss           0x00000000        0x0 c:/microsemi/softconsole_v4.0/arm-none-eabi-gcc/bin/../lib/gcc/arm-none-eabi/4.9.3/../../../../arm-none-eabi/lib/armv7-m/crt0.o
 .ARM.extab     0x00000000        0x0 c:/microsemi/softconsole_v4.0/arm-none-eabi-gcc/bin/../lib/gcc/arm-none-eabi/4.9.3/../../../../arm-none-eabi/lib/armv7-m/crt0.o
 .ARM.exidx     0x00000000        0x8 c:/microsemi/softconsole_v4.0/arm-none-eabi-gcc/bin/../lib/gcc/arm-none-eabi/4.9.3/../../../../arm-none-eabi/lib/armv7-m/crt0.o
 .text          0x00000000        0xe ./hal/CortexM3/GNU/hal.o
 .data          0x00000000        0x0 ./hal/CortexM3/GNU/hal.o
 .bss           0x00000000        0x0 ./hal/CortexM3/GNU/hal.o
 .data          0x00000000        0x0 ./hal/CortexM3/GNU/hw_reg_access.o
 .bss           0x00000000        0x0 ./hal/CortexM3/GNU/hw_reg_access.o
 .group         0x00000000        0x8 ./hal/CortexM3/cortex_nvic.o
 .group         0x00000000        0x8 ./hal/CortexM3/cortex_nvic.o
 .group         0x00000000        0x8 ./hal/CortexM3/cortex_nvic.o
 .group         0x00000000        0x8 ./hal/CortexM3/cortex_nvic.o
 .group         0x00000000        0x8 ./hal/CortexM3/cortex_nvic.o
 .group         0x00000000        0x8 ./hal/CortexM3/cortex_nvic.o
 .group         0x00000000        0x8 ./hal/CortexM3/cortex_nvic.o
 .group         0x00000000        0x8 ./hal/CortexM3/cortex_nvic.o
 .group         0x00000000        0x8 ./hal/CortexM3/cortex_nvic.o
 .group         0x00000000        0x8 ./hal/CortexM3/cortex_nvic.o
 .text          0x00000000        0x0 ./hal/CortexM3/cortex_nvic.o
 .data          0x00000000        0x0 ./hal/CortexM3/cortex_nvic.o
 .bss           0x00000000        0x0 ./hal/CortexM3/cortex_nvic.o
 .text.NVIC_init
                0x00000000       0x10 ./hal/CortexM3/cortex_nvic.o
 .text.NVIC_set_handler
                0x00000000       0x18 ./hal/CortexM3/cortex_nvic.o
 .text.NVIC_set_priority
                0x00000000       0x18 ./hal/CortexM3/cortex_nvic.o
 .text.NVIC_enable_interrupt
                0x00000000       0x14 ./hal/CortexM3/cortex_nvic.o
 .text.NVIC_disable_interrupt
                0x00000000       0x14 ./hal/CortexM3/cortex_nvic.o
 .text.NVIC_clear_interrupt
                0x00000000       0x14 ./hal/CortexM3/cortex_nvic.o
 .group         0x00000000        0x8 ./drivers_config/sys_config/sys_config.o
 .group         0x00000000        0x8 ./drivers_config/sys_config/sys_config.o
 .group         0x00000000        0x8 ./drivers_config/sys_config/sys_config.o
 .group         0x00000000        0x8 ./drivers_config/sys_config/sys_config.o
 .group         0x00000000        0x8 ./drivers_config/sys_config/sys_config.o
 .group         0x00000000        0x8 ./drivers_config/sys_config/sys_config.o
 .group         0x00000000        0x8 ./drivers_config/sys_config/sys_config.o
 .group         0x00000000        0x8 ./drivers_config/sys_config/sys_config.o
 .group         0x00000000        0x8 ./drivers_config/sys_config/sys_config.o
 .group         0x00000000        0x8 ./drivers_config/sys_config/sys_config.o
 .group         0x00000000        0x8 ./drivers_config/sys_config/sys_config.o
 .group         0x00000000        0x8 ./drivers_config/sys_config/sys_config.o
 .group         0x00000000        0x8 ./drivers_config/sys_config/sys_config.o
 .text          0x00000000        0x0 ./drivers_config/sys_config/sys_config.o
 .data          0x00000000        0x0 ./drivers_config/sys_config/sys_config.o
 .bss           0x00000000        0x0 ./drivers_config/sys_config/sys_config.o
 .debug_macro   0x00000000      0x862 ./drivers_config/sys_config/sys_config.o
 .debug_macro   0x00000000       0x22 ./drivers_config/sys_config/sys_config.o
 .debug_macro   0x00000000       0x44 ./drivers_config/sys_config/sys_config.o
 .debug_macro   0x00000000       0x58 ./drivers_config/sys_config/sys_config.o
 .debug_macro   0x00000000       0x22 ./drivers_config/sys_config/sys_config.o
 .debug_macro   0x00000000      0x1df ./drivers_config/sys_config/sys_config.o
 .group         0x00000000        0x8 ./drivers/CoreUARTapb/core_uart_apb.o
 .group         0x00000000        0x8 ./drivers/CoreUARTapb/core_uart_apb.o
 .group         0x00000000        0x8 ./drivers/CoreUARTapb/core_uart_apb.o
 .group         0x00000000        0x8 ./drivers/CoreUARTapb/core_uart_apb.o
 .group         0x00000000        0x8 ./drivers/CoreUARTapb/core_uart_apb.o
 .group         0x00000000        0x8 ./drivers/CoreUARTapb/core_uart_apb.o
 .group         0x00000000        0x8 ./drivers/CoreUARTapb/core_uart_apb.o
 .group         0x00000000        0x8 ./drivers/CoreUARTapb/core_uart_apb.o
 .group         0x00000000        0x8 ./drivers/CoreUARTapb/core_uart_apb.o
 .group         0x00000000        0x8 ./drivers/CoreUARTapb/core_uart_apb.o
 .group         0x00000000        0x8 ./drivers/CoreUARTapb/core_uart_apb.o
 .group         0x00000000        0x8 ./drivers/CoreUARTapb/core_uart_apb.o
 .group         0x00000000        0x8 ./drivers/CoreUARTapb/core_uart_apb.o
 .text          0x00000000        0x0 ./drivers/CoreUARTapb/core_uart_apb.o
 .data          0x00000000        0x0 ./drivers/CoreUARTapb/core_uart_apb.o
 .bss           0x00000000        0x0 ./drivers/CoreUARTapb/core_uart_apb.o
 .text.UART_send
                0x00000000       0x80 ./drivers/CoreUARTapb/core_uart_apb.o
 .text.UART_fill_tx_fifo
                0x00000000       0x9c ./drivers/CoreUARTapb/core_uart_apb.o
 .text.UART_get_rx
                0x00000000       0xc0 ./drivers/CoreUARTapb/core_uart_apb.o
 .text.UART_polled_tx_string
                0x00000000       0x74 ./drivers/CoreUARTapb/core_uart_apb.o
 .text.UART_get_rx_status
                0x00000000       0x3c ./drivers/CoreUARTapb/core_uart_apb.o
 .debug_macro   0x00000000      0x862 ./drivers/CoreUARTapb/core_uart_apb.o
 .debug_macro   0x00000000       0x22 ./drivers/CoreUARTapb/core_uart_apb.o
 .debug_macro   0x00000000       0x44 ./drivers/CoreUARTapb/core_uart_apb.o
 .debug_macro   0x00000000       0x58 ./drivers/CoreUARTapb/core_uart_apb.o
 .debug_macro   0x00000000       0x22 ./drivers/CoreUARTapb/core_uart_apb.o
 .debug_macro   0x00000000      0x1df ./drivers/CoreUARTapb/core_uart_apb.o
 .debug_macro   0x00000000       0x58 ./drivers/CoreUARTapb/core_uart_apb.o
 .debug_macro   0x00000000       0x35 ./drivers/CoreUARTapb/core_uart_apb.o
 .debug_macro   0x00000000       0x9c ./drivers/CoreUARTapb/core_uart_apb.o
 .debug_macro   0x00000000       0x1c ./drivers/CoreUARTapb/core_uart_apb.o
 .group         0x00000000        0x8 ./CMSIS/startup_gcc/newlib_stubs.o
 .group         0x00000000        0x8 ./CMSIS/startup_gcc/newlib_stubs.o
 .group         0x00000000        0x8 ./CMSIS/startup_gcc/newlib_stubs.o
 .group         0x00000000        0x8 ./CMSIS/startup_gcc/newlib_stubs.o
 .group         0x00000000        0x8 ./CMSIS/startup_gcc/newlib_stubs.o
 .group         0x00000000        0x8 ./CMSIS/startup_gcc/newlib_stubs.o
 .group         0x00000000        0x8 ./CMSIS/startup_gcc/newlib_stubs.o
 .group         0x00000000        0x8 ./CMSIS/startup_gcc/newlib_stubs.o
 .group         0x00000000        0x8 ./CMSIS/startup_gcc/newlib_stubs.o
 .group         0x00000000        0x8 ./CMSIS/startup_gcc/newlib_stubs.o
 .group         0x00000000        0x8 ./CMSIS/startup_gcc/newlib_stubs.o
 .group         0x00000000        0x8 ./CMSIS/startup_gcc/newlib_stubs.o
 .group         0x00000000        0x8 ./CMSIS/startup_gcc/newlib_stubs.o
 .group         0x00000000        0x8 ./CMSIS/startup_gcc/newlib_stubs.o
 .group         0x00000000        0x8 ./CMSIS/startup_gcc/newlib_stubs.o
 .group         0x00000000        0x8 ./CMSIS/startup_gcc/newlib_stubs.o
 .group         0x00000000        0x8 ./CMSIS/startup_gcc/newlib_stubs.o
 .group         0x00000000        0x8 ./CMSIS/startup_gcc/newlib_stubs.o
 .group         0x00000000        0x8 ./CMSIS/startup_gcc/newlib_stubs.o
 .group         0x00000000        0x8 ./CMSIS/startup_gcc/newlib_stubs.o
 .group         0x00000000        0x8 ./CMSIS/startup_gcc/newlib_stubs.o
 .group         0x00000000        0x8 ./CMSIS/startup_gcc/newlib_stubs.o
 .group         0x00000000        0x8 ./CMSIS/startup_gcc/newlib_stubs.o
 .group         0x00000000        0x8 ./CMSIS/startup_gcc/newlib_stubs.o
 .group         0x00000000        0x8 ./CMSIS/startup_gcc/newlib_stubs.o
 .group         0x00000000        0x8 ./CMSIS/startup_gcc/newlib_stubs.o
 .group         0x00000000        0x8 ./CMSIS/startup_gcc/newlib_stubs.o
 .group         0x00000000        0x8 ./CMSIS/startup_gcc/newlib_stubs.o
 .group         0x00000000        0x8 ./CMSIS/startup_gcc/newlib_stubs.o
 .group         0x00000000        0x8 ./CMSIS/startup_gcc/newlib_stubs.o
 .group         0x00000000        0x8 ./CMSIS/startup_gcc/newlib_stubs.o
 .text          0x00000000        0x0 ./CMSIS/startup_gcc/newlib_stubs.o
 .data          0x00000000        0x0 ./CMSIS/startup_gcc/newlib_stubs.o
 .bss           0x00000000        0x0 ./CMSIS/startup_gcc/newlib_stubs.o
 .bss.__env     0x00000000        0x4 ./CMSIS/startup_gcc/newlib_stubs.o
 .data.environ  0x00000000        0x4 ./CMSIS/startup_gcc/newlib_stubs.o
 .text._close   0x00000000       0x18 ./CMSIS/startup_gcc/newlib_stubs.o
 .text._execve  0x00000000       0x24 ./CMSIS/startup_gcc/newlib_stubs.o
 .text._exit    0x00000000        0xc ./CMSIS/startup_gcc/newlib_stubs.o
 .text._fork    0x00000000       0x18 ./CMSIS/startup_gcc/newlib_stubs.o
 .text._fstat   0x00000000       0x20 ./CMSIS/startup_gcc/newlib_stubs.o
 .text._getpid  0x00000000       0x10 ./CMSIS/startup_gcc/newlib_stubs.o
 .text._isatty  0x00000000       0x18 ./CMSIS/startup_gcc/newlib_stubs.o
 .text._kill    0x00000000       0x20 ./CMSIS/startup_gcc/newlib_stubs.o
 .text._link    0x00000000       0x20 ./CMSIS/startup_gcc/newlib_stubs.o
 .text._lseek   0x00000000       0x1c ./CMSIS/startup_gcc/newlib_stubs.o
 .text._open    0x00000000       0x1c ./CMSIS/startup_gcc/newlib_stubs.o
 .text._read    0x00000000       0x1c ./CMSIS/startup_gcc/newlib_stubs.o
 .text._write_r
                0x00000000       0x1c ./CMSIS/startup_gcc/newlib_stubs.o
 .rodata        0x00000000       0x30 ./CMSIS/startup_gcc/newlib_stubs.o
 .text._sbrk    0x00000000       0x9c ./CMSIS/startup_gcc/newlib_stubs.o
 .text._stat    0x00000000       0x20 ./CMSIS/startup_gcc/newlib_stubs.o
 .text._times   0x00000000       0x18 ./CMSIS/startup_gcc/newlib_stubs.o
 .text._unlink  0x00000000       0x20 ./CMSIS/startup_gcc/newlib_stubs.o
 .text._wait    0x00000000       0x20 ./CMSIS/startup_gcc/newlib_stubs.o
 .bss.heap_end.5162
                0x00000000        0x4 ./CMSIS/startup_gcc/newlib_stubs.o
 .debug_macro   0x00000000      0x862 ./CMSIS/startup_gcc/newlib_stubs.o
 .debug_macro   0x00000000       0x58 ./CMSIS/startup_gcc/newlib_stubs.o
 .debug_macro   0x00000000       0x22 ./CMSIS/startup_gcc/newlib_stubs.o
 .debug_macro   0x00000000       0x35 ./CMSIS/startup_gcc/newlib_stubs.o
 .debug_macro   0x00000000       0x9c ./CMSIS/startup_gcc/newlib_stubs.o
 .debug_macro   0x00000000       0x22 ./CMSIS/startup_gcc/newlib_stubs.o
 .text          0x00000000        0x0 ./CMSIS/startup_gcc/startup_m2sxxx.o
 .data          0x00000000        0x0 ./CMSIS/startup_gcc/startup_m2sxxx.o
 .bss           0x00000000        0x0 ./CMSIS/startup_gcc/startup_m2sxxx.o
 .group         0x00000000        0x8 ./CMSIS/system_m2sxxx.o
 .group         0x00000000        0x8 ./CMSIS/system_m2sxxx.o
 .group         0x00000000        0x8 ./CMSIS/system_m2sxxx.o
 .group         0x00000000        0x8 ./CMSIS/system_m2sxxx.o
 .group         0x00000000        0x8 ./CMSIS/system_m2sxxx.o
 .group         0x00000000        0x8 ./CMSIS/system_m2sxxx.o
 .group         0x00000000        0x8 ./CMSIS/system_m2sxxx.o
 .group         0x00000000        0x8 ./CMSIS/system_m2sxxx.o
 .group         0x00000000        0x8 ./CMSIS/system_m2sxxx.o
 .group         0x00000000        0x8 ./CMSIS/system_m2sxxx.o
 .group         0x00000000        0x8 ./CMSIS/system_m2sxxx.o
 .group         0x00000000        0x8 ./CMSIS/system_m2sxxx.o
 .group         0x00000000        0x8 ./CMSIS/system_m2sxxx.o
 .text          0x00000000        0x0 ./CMSIS/system_m2sxxx.o
 .data          0x00000000        0x0 ./CMSIS/system_m2sxxx.o
 .bss           0x00000000        0x0 ./CMSIS/system_m2sxxx.o
 .data.SystemCoreClock
                0x00000000        0x4 ./CMSIS/system_m2sxxx.o
 .data.g_FrequencyPCLK0
                0x00000000        0x4 ./CMSIS/system_m2sxxx.o
 .data.g_FrequencyPCLK1
                0x00000000        0x4 ./CMSIS/system_m2sxxx.o
 .data.g_FrequencyPCLK2
                0x00000000        0x4 ./CMSIS/system_m2sxxx.o
 .data.g_FrequencyFIC0
                0x00000000        0x4 ./CMSIS/system_m2sxxx.o
 .data.g_FrequencyFIC1
                0x00000000        0x4 ./CMSIS/system_m2sxxx.o
 .data.g_FrequencyFIC64
                0x00000000        0x4 ./CMSIS/system_m2sxxx.o
 .rodata        0x00000000        0x8 ./CMSIS/system_m2sxxx.o
 .text.SystemCoreClockUpdate
                0x00000000       0xf8 ./CMSIS/system_m2sxxx.o
 .text.get_rcosc_25_50mhz_frequency
                0x00000000       0x3c ./CMSIS/system_m2sxxx.o
 .text.set_clock_frequency_globals
                0x00000000       0x5c ./CMSIS/system_m2sxxx.o
 .debug_macro   0x00000000      0x862 ./CMSIS/system_m2sxxx.o
 .debug_macro   0x00000000       0x26 ./CMSIS/system_m2sxxx.o
 .debug_macro   0x00000000       0x3a ./CMSIS/system_m2sxxx.o
 .debug_macro   0x00000000       0x22 ./CMSIS/system_m2sxxx.o
 .debug_macro   0x00000000       0x44 ./CMSIS/system_m2sxxx.o
 .debug_macro   0x00000000       0x58 ./CMSIS/system_m2sxxx.o
 .debug_macro   0x00000000       0x22 ./CMSIS/system_m2sxxx.o
 .debug_macro   0x00000000      0x1df ./CMSIS/system_m2sxxx.o
 .debug_macro   0x00000000       0x34 ./CMSIS/system_m2sxxx.o
 .debug_macro   0x00000000      0xc83 ./CMSIS/system_m2sxxx.o
 .debug_macro   0x00000000      0x265 ./CMSIS/system_m2sxxx.o
 .debug_macro   0x00000000       0x3a ./CMSIS/system_m2sxxx.o
 .debug_macro   0x00000000       0x34 ./CMSIS/system_m2sxxx.o
 .group         0x00000000        0x8 ./core_gpio.o
 .group         0x00000000        0x8 ./core_gpio.o
 .group         0x00000000        0x8 ./core_gpio.o
 .group         0x00000000        0x8 ./core_gpio.o
 .group         0x00000000        0x8 ./core_gpio.o
 .group         0x00000000        0x8 ./core_gpio.o
 .group         0x00000000        0x8 ./core_gpio.o
 .group         0x00000000        0x8 ./core_gpio.o
 .group         0x00000000        0x8 ./core_gpio.o
 .group         0x00000000        0x8 ./core_gpio.o
 .group         0x00000000        0x8 ./core_gpio.o
 .group         0x00000000        0x8 ./core_gpio.o
 .group         0x00000000        0x8 ./core_gpio.o
 .text          0x00000000        0x0 ./core_gpio.o
 .data          0x00000000        0x0 ./core_gpio.o
 .bss           0x00000000        0x0 ./core_gpio.o
 .text.GPIO_config
                0x00000000       0x4c ./core_gpio.o
 .text.GPIO_set_outputs
                0x00000000       0xc8 ./core_gpio.o
 .text.GPIO_get_inputs
                0x00000000       0xcc ./core_gpio.o
 .text.GPIO_get_outputs
                0x00000000       0xcc ./core_gpio.o
 .text.GPIO_drive_inout
                0x00000000       0xc8 ./core_gpio.o
 .text.GPIO_enable_irq
                0x00000000       0x4c ./core_gpio.o
 .text.GPIO_disable_irq
                0x00000000       0x4c ./core_gpio.o
 .text.GPIO_clear_irq
                0x00000000       0xb4 ./core_gpio.o
 .text.GPIO_get_irq_sources
                0x00000000       0xcc ./core_gpio.o
 .text.GPIO_clear_all_irq_sources
                0x00000000       0xac ./core_gpio.o
 .debug_macro   0x00000000      0x862 ./core_gpio.o
 .debug_macro   0x00000000       0x22 ./core_gpio.o
 .debug_macro   0x00000000       0x44 ./core_gpio.o
 .debug_macro   0x00000000       0x58 ./core_gpio.o
 .debug_macro   0x00000000       0x22 ./core_gpio.o
 .debug_macro   0x00000000      0x1df ./core_gpio.o
 .debug_macro   0x00000000       0x64 ./core_gpio.o
 .debug_macro   0x00000000       0x58 ./core_gpio.o
 .debug_macro   0x00000000       0x35 ./core_gpio.o
 .debug_macro   0x00000000       0x9c ./core_gpio.o
 .debug_macro   0x00000000       0x1c ./core_gpio.o
 .group         0x00000000        0x8 ./main.o
 .group         0x00000000        0x8 ./main.o
 .group         0x00000000        0x8 ./main.o
 .group         0x00000000        0x8 ./main.o
 .group         0x00000000        0x8 ./main.o
 .group         0x00000000        0x8 ./main.o
 .group         0x00000000        0x8 ./main.o
 .group         0x00000000        0x8 ./main.o
 .group         0x00000000        0x8 ./main.o
 .group         0x00000000        0x8 ./main.o
 .group         0x00000000        0x8 ./main.o
 .group         0x00000000        0x8 ./main.o
 .group         0x00000000        0x8 ./main.o
 .group         0x00000000        0x8 ./main.o
 .group         0x00000000        0x8 ./main.o
 .text          0x00000000        0x0 ./main.o
 .data          0x00000000        0x0 ./main.o
 .bss           0x00000000        0x0 ./main.o
 .bss.g_tx_buffer
                0x00000000        0x4 ./main.o
 .bss.g_tx_size
                0x00000000        0x4 ./main.o
 .debug_macro   0x00000000      0x862 ./main.o
 .debug_macro   0x00000000       0x22 ./main.o
 .debug_macro   0x00000000       0x44 ./main.o
 .debug_macro   0x00000000       0x58 ./main.o
 .debug_macro   0x00000000       0x22 ./main.o
 .debug_macro   0x00000000      0x1df ./main.o
 .debug_macro   0x00000000       0x64 ./main.o
 .debug_macro   0x00000000       0x46 ./main.o
 .debug_macro   0x00000000       0x26 ./main.o
 .debug_macro   0x00000000       0x3a ./main.o
 .debug_macro   0x00000000       0x34 ./main.o
 .debug_macro   0x00000000      0xc83 ./main.o
 .debug_macro   0x00000000      0x265 ./main.o
 .text          0x00000000        0x0 c:/microsemi/softconsole_v4.0/arm-none-eabi-gcc/bin/../lib/gcc/arm-none-eabi/4.9.3/../../../../arm-none-eabi/lib/armv7-m\libg.a(lib_a-errno.o)
 .data          0x00000000        0x0 c:/microsemi/softconsole_v4.0/arm-none-eabi-gcc/bin/../lib/gcc/arm-none-eabi/4.9.3/../../../../arm-none-eabi/lib/armv7-m\libg.a(lib_a-errno.o)
 .bss           0x00000000        0x0 c:/microsemi/softconsole_v4.0/arm-none-eabi-gcc/bin/../lib/gcc/arm-none-eabi/4.9.3/../../../../arm-none-eabi/lib/armv7-m\libg.a(lib_a-errno.o)
 .text.__errno  0x00000000        0xc c:/microsemi/softconsole_v4.0/arm-none-eabi-gcc/bin/../lib/gcc/arm-none-eabi/4.9.3/../../../../arm-none-eabi/lib/armv7-m\libg.a(lib_a-errno.o)
 .text          0x00000000        0x0 c:/microsemi/softconsole_v4.0/arm-none-eabi-gcc/bin/../lib/gcc/arm-none-eabi/4.9.3/../../../../arm-none-eabi/lib/armv7-m\libg.a(lib_a-exit.o)
 .data          0x00000000        0x0 c:/microsemi/softconsole_v4.0/arm-none-eabi-gcc/bin/../lib/gcc/arm-none-eabi/4.9.3/../../../../arm-none-eabi/lib/armv7-m\libg.a(lib_a-exit.o)
 .bss           0x00000000        0x0 c:/microsemi/softconsole_v4.0/arm-none-eabi-gcc/bin/../lib/gcc/arm-none-eabi/4.9.3/../../../../arm-none-eabi/lib/armv7-m\libg.a(lib_a-exit.o)
 .text.exit     0x00000000       0x20 c:/microsemi/softconsole_v4.0/arm-none-eabi-gcc/bin/../lib/gcc/arm-none-eabi/4.9.3/../../../../arm-none-eabi/lib/armv7-m\libg.a(lib_a-exit.o)
 .text          0x00000000        0x0 c:/microsemi/softconsole_v4.0/arm-none-eabi-gcc/bin/../lib/gcc/arm-none-eabi/4.9.3/../../../../arm-none-eabi/lib/armv7-m\libg.a(lib_a-impure.o)
 .data          0x00000000        0x0 c:/microsemi/softconsole_v4.0/arm-none-eabi-gcc/bin/../lib/gcc/arm-none-eabi/4.9.3/../../../../arm-none-eabi/lib/armv7-m\libg.a(lib_a-impure.o)
 .bss           0x00000000        0x0 c:/microsemi/softconsole_v4.0/arm-none-eabi-gcc/bin/../lib/gcc/arm-none-eabi/4.9.3/../../../../arm-none-eabi/lib/armv7-m\libg.a(lib_a-impure.o)
 .data._impure_ptr
                0x00000000        0x4 c:/microsemi/softconsole_v4.0/arm-none-eabi-gcc/bin/../lib/gcc/arm-none-eabi/4.9.3/../../../../arm-none-eabi/lib/armv7-m\libg.a(lib_a-impure.o)
 .text          0x00000000        0x0 c:/microsemi/softconsole_v4.0/arm-none-eabi-gcc/bin/../lib/gcc/arm-none-eabi/4.9.3/../../../../arm-none-eabi/lib/armv7-m\libg.a(lib_a-init.o)
 .data          0x00000000        0x0 c:/microsemi/softconsole_v4.0/arm-none-eabi-gcc/bin/../lib/gcc/arm-none-eabi/4.9.3/../../../../arm-none-eabi/lib/armv7-m\libg.a(lib_a-init.o)
 .bss           0x00000000        0x0 c:/microsemi/softconsole_v4.0/arm-none-eabi-gcc/bin/../lib/gcc/arm-none-eabi/4.9.3/../../../../arm-none-eabi/lib/armv7-m\libg.a(lib_a-init.o)
 .text          0x00000000        0x0 c:/microsemi/softconsole_v4.0/arm-none-eabi-gcc/bin/../lib/gcc/arm-none-eabi/4.9.3/../../../../arm-none-eabi/lib/armv7-m\libg.a(lib_a-memset.o)
 .data          0x00000000        0x0 c:/microsemi/softconsole_v4.0/arm-none-eabi-gcc/bin/../lib/gcc/arm-none-eabi/4.9.3/../../../../arm-none-eabi/lib/armv7-m\libg.a(lib_a-memset.o)
 .bss           0x00000000        0x0 c:/microsemi/softconsole_v4.0/arm-none-eabi-gcc/bin/../lib/gcc/arm-none-eabi/4.9.3/../../../../arm-none-eabi/lib/armv7-m\libg.a(lib_a-memset.o)
 .text.memset   0x00000000       0x9c c:/microsemi/softconsole_v4.0/arm-none-eabi-gcc/bin/../lib/gcc/arm-none-eabi/4.9.3/../../../../arm-none-eabi/lib/armv7-m\libg.a(lib_a-memset.o)
 .text          0x00000000        0x0 c:/microsemi/softconsole_v4.0/arm-none-eabi-gcc/bin/../lib/gcc/arm-none-eabi/4.9.3/../../../../arm-none-eabi/lib/armv7-m\libg.a(lib_a-__call_atexit.o)
 .data          0x00000000        0x0 c:/microsemi/softconsole_v4.0/arm-none-eabi-gcc/bin/../lib/gcc/arm-none-eabi/4.9.3/../../../../arm-none-eabi/lib/armv7-m\libg.a(lib_a-__call_atexit.o)
 .bss           0x00000000        0x0 c:/microsemi/softconsole_v4.0/arm-none-eabi-gcc/bin/../lib/gcc/arm-none-eabi/4.9.3/../../../../arm-none-eabi/lib/armv7-m\libg.a(lib_a-__call_atexit.o)
 .text.__call_exitprocs
                0x00000000       0xd4 c:/microsemi/softconsole_v4.0/arm-none-eabi-gcc/bin/../lib/gcc/arm-none-eabi/4.9.3/../../../../arm-none-eabi/lib/armv7-m\libg.a(lib_a-__call_atexit.o)
 .text          0x00000000        0x0 c:/microsemi/softconsole_v4.0/arm-none-eabi-gcc/bin/../lib/gcc/arm-none-eabi/4.9.3/../../../../arm-none-eabi/lib/armv7-m\libg.a(lib_a-atexit.o)
 .data          0x00000000        0x0 c:/microsemi/softconsole_v4.0/arm-none-eabi-gcc/bin/../lib/gcc/arm-none-eabi/4.9.3/../../../../arm-none-eabi/lib/armv7-m\libg.a(lib_a-atexit.o)
 .bss           0x00000000        0x0 c:/microsemi/softconsole_v4.0/arm-none-eabi-gcc/bin/../lib/gcc/arm-none-eabi/4.9.3/../../../../arm-none-eabi/lib/armv7-m\libg.a(lib_a-atexit.o)
 .text          0x00000000        0x0 c:/microsemi/softconsole_v4.0/arm-none-eabi-gcc/bin/../lib/gcc/arm-none-eabi/4.9.3/../../../../arm-none-eabi/lib/armv7-m\libg.a(lib_a-fini.o)
 .data          0x00000000        0x0 c:/microsemi/softconsole_v4.0/arm-none-eabi-gcc/bin/../lib/gcc/arm-none-eabi/4.9.3/../../../../arm-none-eabi/lib/armv7-m\libg.a(lib_a-fini.o)
 .bss           0x00000000        0x0 c:/microsemi/softconsole_v4.0/arm-none-eabi-gcc/bin/../lib/gcc/arm-none-eabi/4.9.3/../../../../arm-none-eabi/lib/armv7-m\libg.a(lib_a-fini.o)
 .text          0x00000000        0x0 c:/microsemi/softconsole_v4.0/arm-none-eabi-gcc/bin/../lib/gcc/arm-none-eabi/4.9.3/../../../../arm-none-eabi/lib/armv7-m\libg.a(lib_a-__atexit.o)
 .data          0x00000000        0x0 c:/microsemi/softconsole_v4.0/arm-none-eabi-gcc/bin/../lib/gcc/arm-none-eabi/4.9.3/../../../../arm-none-eabi/lib/armv7-m\libg.a(lib_a-__atexit.o)
 .bss           0x00000000        0x0 c:/microsemi/softconsole_v4.0/arm-none-eabi-gcc/bin/../lib/gcc/arm-none-eabi/4.9.3/../../../../arm-none-eabi/lib/armv7-m\libg.a(lib_a-__atexit.o)
 .text          0x00000000        0x0 c:/microsemi/softconsole_v4.0/arm-none-eabi-gcc/bin/../lib/gcc/arm-none-eabi/4.9.3/armv7-m/crtend.o
 .data          0x00000000        0x0 c:/microsemi/softconsole_v4.0/arm-none-eabi-gcc/bin/../lib/gcc/arm-none-eabi/4.9.3/armv7-m/crtend.o
 .bss           0x00000000        0x0 c:/microsemi/softconsole_v4.0/arm-none-eabi-gcc/bin/../lib/gcc/arm-none-eabi/4.9.3/armv7-m/crtend.o
 .eh_frame      0x00000000        0x4 c:/microsemi/softconsole_v4.0/arm-none-eabi-gcc/bin/../lib/gcc/arm-none-eabi/4.9.3/armv7-m/crtend.o
 .text          0x00000000        0x0 c:/microsemi/softconsole_v4.0/arm-none-eabi-gcc/bin/../lib/gcc/arm-none-eabi/4.9.3/armv7-m/crtn.o
 .data          0x00000000        0x0 c:/microsemi/softconsole_v4.0/arm-none-eabi-gcc/bin/../lib/gcc/arm-none-eabi/4.9.3/armv7-m/crtn.o
 .bss           0x00000000        0x0 c:/microsemi/softconsole_v4.0/arm-none-eabi-gcc/bin/../lib/gcc/arm-none-eabi/4.9.3/armv7-m/crtn.o

Memory Configuration

Name             Origin             Length             Attributes
ram              0x20000000         0x00010000         xrw
*default*        0x00000000         0xffffffff

Linker script and memory map

LOAD c:/microsemi/softconsole_v4.0/arm-none-eabi-gcc/bin/../lib/gcc/arm-none-eabi/4.9.3/armv7-m/crti.o
LOAD c:/microsemi/softconsole_v4.0/arm-none-eabi-gcc/bin/../lib/gcc/arm-none-eabi/4.9.3/armv7-m/crtbegin.o
LOAD c:/microsemi/softconsole_v4.0/arm-none-eabi-gcc/bin/../lib/gcc/arm-none-eabi/4.9.3/../../../../arm-none-eabi/lib/armv7-m/crt0.o
LOAD ./hal/CortexM3/GNU/hal.o
LOAD ./hal/CortexM3/GNU/hw_reg_access.o
LOAD ./hal/CortexM3/cortex_nvic.o
LOAD ./drivers_config/sys_config/sys_config.o
LOAD ./drivers/CoreUARTapb/core_uart_apb.o
LOAD ./CMSIS/startup_gcc/newlib_stubs.o
LOAD ./CMSIS/startup_gcc/startup_m2sxxx.o
LOAD ./CMSIS/system_m2sxxx.o
LOAD ./core_gpio.o
LOAD ./main.o
START GROUP
LOAD c:/microsemi/softconsole_v4.0/arm-none-eabi-gcc/bin/../lib/gcc/arm-none-eabi/4.9.3/armv7-m\libgcc.a
LOAD c:/microsemi/softconsole_v4.0/arm-none-eabi-gcc/bin/../lib/gcc/arm-none-eabi/4.9.3/../../../../arm-none-eabi/lib/armv7-m\libg.a
LOAD c:/microsemi/softconsole_v4.0/arm-none-eabi-gcc/bin/../lib/gcc/arm-none-eabi/4.9.3/../../../../arm-none-eabi/lib/armv7-m\libc.a
END GROUP
LOAD c:/microsemi/softconsole_v4.0/arm-none-eabi-gcc/bin/../lib/gcc/arm-none-eabi/4.9.3/armv7-m/crtend.o
LOAD c:/microsemi/softconsole_v4.0/arm-none-eabi-gcc/bin/../lib/gcc/arm-none-eabi/4.9.3/armv7-m/crtn.o
START GROUP
LOAD c:/microsemi/softconsole_v4.0/arm-none-eabi-gcc/bin/../lib/gcc/arm-none-eabi/4.9.3/../../../../arm-none-eabi/lib/armv7-m\libc.a
LOAD c:/microsemi/softconsole_v4.0/arm-none-eabi-gcc/bin/../lib/gcc/arm-none-eabi/4.9.3/armv7-m\libgcc.a
LOAD c:/microsemi/softconsole_v4.0/arm-none-eabi-gcc/bin/../lib/gcc/arm-none-eabi/4.9.3/../../../../arm-none-eabi/lib/armv7-m\libm.a
END GROUP
                0x00000000                __DYNAMIC = 0x0
                0x20000000                RAM_START_ADDRESS = 0x20000000
                0x00010000                RAM_SIZE = 0x10000
                0x00001000                MAIN_STACK_SIZE = 0x1000
                0x00001000                MIN_SIZE_HEAP = 0x1000
                0x20010000                PROVIDE (__main_stack_start, (RAM_START_ADDRESS + RAM_SIZE))
                0x20010000                PROVIDE (_estack, __main_stack_start)
                0x00000000                PROVIDE (__mirrored_nvm, 0x0)
                0x00000000                PROVIDE (__smartfusion2_memory_remap, 0x0)

.vector_table   0x20000000      0x190
                0x20000000                __vector_table_load = LOADADDR (.vector_table)
                0x20000000                __vector_table_start = .
                0x20000000                __vector_table_vma_base_address = .
 *(.isr_vector)
 .isr_vector    0x20000000      0x190 ./CMSIS/startup_gcc/startup_m2sxxx.o
                0x20000000                g_pfnVectors
                0x20000190                . = ALIGN (0x10)
                0x20000190                _evector_table = .

.boot_code      0x20000190      0x330
 *(.boot_code)
 .boot_code     0x20000190      0x324 ./CMSIS/startup_gcc/startup_m2sxxx.o
                0x20000190                Reset_Handler
                0x2000037e                NMI_Handler
                0x20000380                HardFault_Handler
                0x20000382                MemManage_Handler
                0x20000384                BusFault_Handler
                0x20000386                UsageFault_Handler
                0x20000388                SVC_Handler
                0x2000038a                DebugMon_Handler
                0x2000038c                PendSV_Handler
                0x2000038e                SysTick_Handler
                0x20000390                WdogWakeup_IRQHandler
                0x20000392                RTC_Wakeup_IRQHandler
                0x20000394                SPI0_IRQHandler
                0x20000396                SPI1_IRQHandler
                0x20000398                I2C0_IRQHandler
                0x2000039a                I2C0_SMBAlert_IRQHandler
                0x2000039c                I2C0_SMBus_IRQHandler
                0x2000039e                I2C1_IRQHandler
                0x200003a0                I2C1_SMBAlert_IRQHandler
                0x200003a2                I2C1_SMBus_IRQHandler
                0x200003a4                UART0_IRQHandler
                0x200003a6                UART1_IRQHandler
                0x200003a8                EthernetMAC_IRQHandler
                0x200003aa                DMA_IRQHandler
                0x200003ac                Timer1_IRQHandler
                0x200003ae                Timer2_IRQHandler
                0x200003b0                CAN_IRQHandler
                0x200003b2                ENVM0_IRQHandler
                0x200003b4                ENVM1_IRQHandler
                0x200003b6                ComBlk_IRQHandler
                0x200003b8                USB_IRQHandler
                0x200003ba                USB_DMA_IRQHandler
                0x200003bc                PLL_Lock_IRQHandler
                0x200003be                PLL_LockLost_IRQHandler
                0x200003c0                CommSwitchError_IRQHandler
                0x200003c2                CacheError_IRQHandler
                0x200003c4                DDR_IRQHandler
                0x200003c6                HPDMA_Complete_IRQHandler
                0x200003c8                HPDMA_Error_IRQHandler
                0x200003ca                ECC_Error_IRQHandler
                0x200003cc                MDDR_IOCalib_IRQHandler
                0x200003ce                FAB_PLL_Lock_IRQHandler
                0x200003d0                FAB_PLL_LockLost_IRQHandler
                0x200003d2                FIC64_IRQHandler
                0x200003d4                FabricIrq0_IRQHandler
                0x200003d6                FabricIrq1_IRQHandler
                0x200003d8                FabricIrq2_IRQHandler
                0x200003dc                FabricIrq4_IRQHandler
                0x200003de                FabricIrq5_IRQHandler
                0x200003e0                FabricIrq6_IRQHandler
                0x200003e2                FabricIrq7_IRQHandler
                0x200003e4                FabricIrq8_IRQHandler
                0x200003e6                FabricIrq9_IRQHandler
                0x200003e8                FabricIrq10_IRQHandler
                0x200003ea                FabricIrq11_IRQHandler
                0x200003ec                FabricIrq12_IRQHandler
                0x200003ee                FabricIrq13_IRQHandler
                0x200003f0                FabricIrq14_IRQHandler
                0x200003f2                FabricIrq15_IRQHandler
                0x200003f4                GPIO0_IRQHandler
                0x200003f6                GPIO1_IRQHandler
                0x200003f8                GPIO2_IRQHandler
                0x200003fa                GPIO3_IRQHandler
                0x200003fc                GPIO4_IRQHandler
                0x200003fe                GPIO5_IRQHandler
                0x20000400                GPIO6_IRQHandler
                0x20000402                GPIO7_IRQHandler
                0x20000404                GPIO8_IRQHandler
                0x20000406                GPIO9_IRQHandler
                0x20000408                GPIO10_IRQHandler
                0x2000040a                GPIO11_IRQHandler
                0x2000040c                GPIO12_IRQHandler
                0x2000040e                GPIO13_IRQHandler
                0x20000410                GPIO14_IRQHandler
                0x20000412                GPIO15_IRQHandler
                0x20000414                GPIO16_IRQHandler
                0x20000416                GPIO17_IRQHandler
                0x20000418                GPIO18_IRQHandler
                0x2000041a                GPIO19_IRQHandler
                0x2000041c                GPIO20_IRQHandler
                0x2000041e                GPIO21_IRQHandler
                0x20000420                GPIO22_IRQHandler
                0x20000422                GPIO23_IRQHandler
                0x20000424                GPIO24_IRQHandler
                0x20000426                GPIO25_IRQHandler
                0x20000428                GPIO26_IRQHandler
                0x2000042a                GPIO27_IRQHandler
                0x2000042c                GPIO28_IRQHandler
                0x2000042e                GPIO29_IRQHandler
                0x20000430                GPIO30_IRQHandler
                0x20000432                GPIO31_IRQHandler
                0x20000434                mscc_post_hw_cfg_init
                0x200004c0                . = ALIGN (0x10)
 *fill*         0x200004b4        0xc 

.text           0x200004c0      0x700
 CREATE_OBJECT_SYMBOLS
                0x200004c0                __text_load = LOADADDR (.text)
                0x200004c0                __text_start = .
 *(.text .text.* .gnu.linkonce.t.*)
 .text          0x200004c0       0x5c c:/microsemi/softconsole_v4.0/arm-none-eabi-gcc/bin/../lib/gcc/arm-none-eabi/4.9.3/armv7-m/crtbegin.o
 .text          0x2000051c       0x90 ./hal/CortexM3/GNU/hw_reg_access.o
                0x2000051c                HW_set_32bit_reg
                0x20000520                HW_get_32bit_reg
                0x20000524                HW_set_32bit_reg_field
                0x20000540                HW_get_32bit_reg_field
                0x2000054c                HW_set_16bit_reg
                0x20000550                HW_get_16bit_reg
                0x20000554                HW_set_16bit_reg_field
                0x20000570                HW_get_16bit_reg_field
                0x2000057c                HW_set_8bit_reg
                0x20000580                HW_get_8bit_reg
                0x20000584                HW_set_8bit_reg_field
                0x200005a0                HW_get_8bit_reg_field
 .text.UART_init
                0x200005ac      0x110 ./drivers/CoreUARTapb/core_uart_apb.o
                0x200005ac                UART_init
 .text.SystemInit
                0x200006bc       0x20 ./CMSIS/system_m2sxxx.o
                0x200006bc                SystemInit
 .text.get_silicon_revision
                0x200006dc       0x48 ./CMSIS/system_m2sxxx.o
 .text.silicon_workarounds
                0x20000724       0x20 ./CMSIS/system_m2sxxx.o
 .text.m2s050_rev_a_workarounds
                0x20000744       0x30 ./CMSIS/system_m2sxxx.o
 .text.GPIO_init
                0x20000774       0xd0 ./core_gpio.o
                0x20000774                GPIO_init
 .text.GPIO_set_output
                0x20000844      0x17c ./core_gpio.o
                0x20000844                GPIO_set_output
 .text.NVIC_EnableIRQ
                0x200009c0       0x30 ./main.o
 .text.main     0x200009f0       0x38 ./main.o
                0x200009f0                main
 .text.FabricIrq3_IRQHandler
                0x20000a28       0x20 ./main.o
                0x20000a28                FabricIrq3_IRQHandler
 .text.__libc_init_array
                0x20000a48       0x50 c:/microsemi/softconsole_v4.0/arm-none-eabi-gcc/bin/../lib/gcc/arm-none-eabi/4.9.3/../../../../arm-none-eabi/lib/armv7-m\libg.a(lib_a-init.o)
                0x20000a48                __libc_init_array
 .text.startup.register_fini
                0x20000a98       0x14 c:/microsemi/softconsole_v4.0/arm-none-eabi-gcc/bin/../lib/gcc/arm-none-eabi/4.9.3/../../../../arm-none-eabi/lib/armv7-m\libg.a(lib_a-__call_atexit.o)
 .text.atexit   0x20000aac        0xc c:/microsemi/softconsole_v4.0/arm-none-eabi-gcc/bin/../lib/gcc/arm-none-eabi/4.9.3/../../../../arm-none-eabi/lib/armv7-m\libg.a(lib_a-atexit.o)
                0x20000aac                atexit
 .text.__libc_fini_array
                0x20000ab8       0x2c c:/microsemi/softconsole_v4.0/arm-none-eabi-gcc/bin/../lib/gcc/arm-none-eabi/4.9.3/../../../../arm-none-eabi/lib/armv7-m\libg.a(lib_a-fini.o)
                0x20000ab8                __libc_fini_array
 .text.__register_exitproc
                0x20000ae4       0xa4 c:/microsemi/softconsole_v4.0/arm-none-eabi-gcc/bin/../lib/gcc/arm-none-eabi/4.9.3/../../../../arm-none-eabi/lib/armv7-m\libg.a(lib_a-__atexit.o)
                0x20000ae4                __register_exitproc
 *(.plt)
 *(.gnu.warning)
 *(.glue_7t)
 .glue_7t       0x00000000        0x0 linker stubs
 *(.glue_7)
 .glue_7        0x00000000        0x0 linker stubs
 *(.vfp11_veneer)
 .vfp11_veneer  0x00000000        0x0 linker stubs
                0x20000b88                . = ALIGN (0x4)
 *crtbegin.o(.ctors)
 *(EXCLUDE_FILE(*crtend.o) .ctors)
 *(SORT(.ctors.*))
 *crtend.o(.ctors)
 *crtbegin.o(.dtors)
 *(EXCLUDE_FILE(*crtend.o) .dtors)
 *(SORT(.dtors.*))
 *crtend.o(.dtors)
 *(.rodata .rodata.* .gnu.linkonce.r.*)
 .rodata.str1.4
                0x20000b88        0x4 c:/microsemi/softconsole_v4.0/arm-none-eabi-gcc/bin/../lib/gcc/arm-none-eabi/4.9.3/../../../../arm-none-eabi/lib/armv7-m\libg.a(lib_a-impure.o)
                                  0x2 (size before relaxing)
 .rodata._global_impure_ptr
                0x20000b8c        0x4 c:/microsemi/softconsole_v4.0/arm-none-eabi-gcc/bin/../lib/gcc/arm-none-eabi/4.9.3/../../../../arm-none-eabi/lib/armv7-m\libg.a(lib_a-impure.o)
                0x20000b8c                _global_impure_ptr
 *(.ARM.extab* .gnu.linkonce.armextab.*)
 *(.gcc_except_table)
 *(.eh_frame_hdr)
 *(.eh_frame)
 .eh_frame      0x20000b90        0x0 c:/microsemi/softconsole_v4.0/arm-none-eabi-gcc/bin/../lib/gcc/arm-none-eabi/4.9.3/armv7-m/crtbegin.o
 *(.vector_table)
 *(.init)
 .init          0x20000b90        0x4 c:/microsemi/softconsole_v4.0/arm-none-eabi-gcc/bin/../lib/gcc/arm-none-eabi/4.9.3/armv7-m/crti.o
                0x20000b90                _init
 .init          0x20000b94        0x8 c:/microsemi/softconsole_v4.0/arm-none-eabi-gcc/bin/../lib/gcc/arm-none-eabi/4.9.3/armv7-m/crtn.o
 *(.fini)
 .fini          0x20000b9c        0x4 c:/microsemi/softconsole_v4.0/arm-none-eabi-gcc/bin/../lib/gcc/arm-none-eabi/4.9.3/armv7-m/crti.o
                0x20000b9c                _fini
 .fini          0x20000ba0        0x8 c:/microsemi/softconsole_v4.0/arm-none-eabi-gcc/bin/../lib/gcc/arm-none-eabi/4.9.3/armv7-m/crtn.o
                0x20000ba8                PROVIDE (__preinit_array_start, .)
 *(.preinit_array)
                0x20000ba8                PROVIDE (__preinit_array_end, .)
                0x20000ba8                PROVIDE (__init_array_start, .)
 *(SORT(.init_array.*))
 .init_array.00000
                0x20000ba8        0x4 c:/microsemi/softconsole_v4.0/arm-none-eabi-gcc/bin/../lib/gcc/arm-none-eabi/4.9.3/../../../../arm-none-eabi/lib/armv7-m\libg.a(lib_a-__call_atexit.o)
 *(.init_array)
 .init_array    0x20000bac        0x4 c:/microsemi/softconsole_v4.0/arm-none-eabi-gcc/bin/../lib/gcc/arm-none-eabi/4.9.3/armv7-m/crtbegin.o
                0x20000bb0                PROVIDE (__init_array_end, .)
                0x20000bb0                PROVIDE (__fini_array_start, .)
 *(.fini_array)
 .fini_array    0x20000bb0        0x4 c:/microsemi/softconsole_v4.0/arm-none-eabi-gcc/bin/../lib/gcc/arm-none-eabi/4.9.3/armv7-m/crtbegin.o
 *(SORT(.fini_array.*))
                0x20000bb4                PROVIDE (__fini_array_end, .)
                0x20000bc0                . = ALIGN (0x10)
 *fill*         0x20000bb4        0xc 
                0x20000bc0                __exidx_start = .

.v4_bx          0x20000bc0        0x0
 .v4_bx         0x00000000        0x0 linker stubs

.iplt           0x20000bc0        0x0
 .iplt          0x00000000        0x0 c:/microsemi/softconsole_v4.0/arm-none-eabi-gcc/bin/../lib/gcc/arm-none-eabi/4.9.3/armv7-m/crtbegin.o

.rel.dyn        0x20000bc0        0x0
 .rel.iplt      0x00000000        0x0 c:/microsemi/softconsole_v4.0/arm-none-eabi-gcc/bin/../lib/gcc/arm-none-eabi/4.9.3/armv7-m/crtbegin.o

.ARM.exidx
 *(.ARM.exidx* .gnu.linkonce.armexidx.*)
                0x20000bc0                __exidx_end = .
                0x20000bc0                _etext = .
                0x20000bc0                PROVIDE (__text_end, .)

.data           0x20000bc0      0x430
                0x20000bc0                __data_load = LOADADDR (.data)
                0x20000bc0                _sidata = LOADADDR (.data)
                0x20000bc0                __data_start = .
                0x20000bc0                _sdata = .
 *(.jcr)
 .jcr           0x20000bc0        0x0 c:/microsemi/softconsole_v4.0/arm-none-eabi-gcc/bin/../lib/gcc/arm-none-eabi/4.9.3/armv7-m/crtbegin.o
 .jcr           0x20000bc0        0x4 c:/microsemi/softconsole_v4.0/arm-none-eabi-gcc/bin/../lib/gcc/arm-none-eabi/4.9.3/armv7-m/crtend.o
 *(.got.plt)
 *(.got)
 *(.shdata)
 *(.data .data.* .gnu.linkonce.d.*)
 *fill*         0x20000bc4        0x4 
 .data.impure_data
                0x20000bc8      0x428 c:/microsemi/softconsole_v4.0/arm-none-eabi-gcc/bin/../lib/gcc/arm-none-eabi/4.9.3/../../../../arm-none-eabi/lib/armv7-m\libg.a(lib_a-impure.o)
                0x20000ff0                . = ALIGN (0x10)
                0x20000ff0                _edata = .

.igot.plt       0x20000ff0        0x0
 .igot.plt      0x00000000        0x0 c:/microsemi/softconsole_v4.0/arm-none-eabi-gcc/bin/../lib/gcc/arm-none-eabi/4.9.3/armv7-m/crtbegin.o

.bss            0x20000ff0       0x30
                0x20000ff0                __bss_start__ = .
                0x20000ff0                _sbss = .
 *(.shbss)
 *(.bss .bss.* .gnu.linkonce.b.*)
 .bss           0x20000ff0       0x1c c:/microsemi/softconsole_v4.0/arm-none-eabi-gcc/bin/../lib/gcc/arm-none-eabi/4.9.3/armv7-m/crtbegin.o
 *(COMMON)
 COMMON         0x2000100c       0x12 ./main.o
                0x2000100c                g_gpio
                0x20001014                g_uart
                0x2000101c                rx_buffer
                0x20001020                . = ALIGN (0x10)
 *fill*         0x2000101e        0x2 
                0x20001020                __bss_end__ = .
                0x20001020                _end = .
                0x20001020                __end = _end
                0x20001020                _ebss = .
                0x20001020                PROVIDE (end, .)

.heap           0x20001020     0xdfe0
                0x20001020                __heap_start__ = .
                0x20002020                . = (. + MIN_SIZE_HEAP)
 *fill*         0x20001020     0x1000 
                0x2000f000                . = (. + (((ABSOLUTE (RAM_START_ADDRESS) + RAM_SIZE) - MAIN_STACK_SIZE) - .))
 *fill*         0x20002020     0xcfe0 
                0x2000f000                _eheap = .

.stack          0x2000f000     0x1000
                0x2000f000                __stack_start__ = .
                0x20010000                . = (. + MAIN_STACK_SIZE)
 *fill*         0x2000f000     0x1000 
                0x20010000                _estack = .

.stab
 *(.stab)

.stabstr
 *(.stabstr)

.debug
 *(.debug)

.line
 *(.line)

.debug_srcinfo
 *(.debug_srcinfo)

.debug_sfnames
 *(.debug_sfnames)

.debug_aranges  0x00000000      0x2a8
 *(.debug_aranges)
 .debug_aranges
                0x00000000       0x20 ./hal/CortexM3/GNU/hal.o
 .debug_aranges
                0x00000020       0x20 ./hal/CortexM3/GNU/hw_reg_access.o
 .debug_aranges
                0x00000040       0x48 ./hal/CortexM3/cortex_nvic.o
 .debug_aranges
                0x00000088       0x18 ./drivers_config/sys_config/sys_config.o
 .debug_aranges
                0x000000a0       0x48 ./drivers/CoreUARTapb/core_uart_apb.o
 .debug_aranges
                0x000000e8       0xa8 ./CMSIS/startup_gcc/newlib_stubs.o
 .debug_aranges
                0x00000190       0x20 ./CMSIS/startup_gcc/startup_m2sxxx.o
 .debug_aranges
                0x000001b0       0x50 ./CMSIS/system_m2sxxx.o
 .debug_aranges
                0x00000200       0x78 ./core_gpio.o
 .debug_aranges
                0x00000278       0x30 ./main.o

.debug_pubnames
 *(.debug_pubnames)

.debug_info     0x00000000     0x24bd
 *(.debug_info .gnu.linkonce.wi.*)
 .debug_info    0x00000000       0x86 ./hal/CortexM3/GNU/hal.o
 .debug_info    0x00000086       0x90 ./hal/CortexM3/GNU/hw_reg_access.o
 .debug_info    0x00000116      0x18b ./hal/CortexM3/cortex_nvic.o
 .debug_info    0x000002a1       0x96 ./drivers_config/sys_config/sys_config.o
 .debug_info    0x00000337      0x353 ./drivers/CoreUARTapb/core_uart_apb.o
 .debug_info    0x0000068a      0x692 ./CMSIS/startup_gcc/newlib_stubs.o
 .debug_info    0x00000d1c       0x92 ./CMSIS/startup_gcc/startup_m2sxxx.o
 .debug_info    0x00000dae      0xaa3 ./CMSIS/system_m2sxxx.o
 .debug_info    0x00001851      0x5ea ./core_gpio.o
 .debug_info    0x00001e3b      0x682 ./main.o

.debug_abbrev   0x00000000      0x83b
 *(.debug_abbrev)
 .debug_abbrev  0x00000000       0x14 ./hal/CortexM3/GNU/hal.o
 .debug_abbrev  0x00000014       0x14 ./hal/CortexM3/GNU/hw_reg_access.o
 .debug_abbrev  0x00000028       0xa3 ./hal/CortexM3/cortex_nvic.o
 .debug_abbrev  0x000000cb       0x4e ./drivers_config/sys_config/sys_config.o
 .debug_abbrev  0x00000119       0xfb ./drivers/CoreUARTapb/core_uart_apb.o
 .debug_abbrev  0x00000214      0x1c4 ./CMSIS/startup_gcc/newlib_stubs.o
 .debug_abbrev  0x000003d8       0x14 ./CMSIS/startup_gcc/startup_m2sxxx.o
 .debug_abbrev  0x000003ec      0x189 ./CMSIS/system_m2sxxx.o
 .debug_abbrev  0x00000575      0x15c ./core_gpio.o
 .debug_abbrev  0x000006d1      0x16a ./main.o

.debug_line     0x00000000     0x1b19
 *(.debug_line)
 .debug_line    0x00000000       0x4d ./hal/CortexM3/GNU/hal.o
 .debug_line    0x0000004d       0x8b ./hal/CortexM3/GNU/hw_reg_access.o
 .debug_line    0x000000d8      0x2b0 ./hal/CortexM3/cortex_nvic.o
 .debug_line    0x00000388      0x2aa ./drivers_config/sys_config/sys_config.o
 .debug_line    0x00000632      0x43f ./drivers/CoreUARTapb/core_uart_apb.o
 .debug_line    0x00000a71      0x41a ./CMSIS/startup_gcc/newlib_stubs.o
 .debug_line    0x00000e8b      0x190 ./CMSIS/startup_gcc/startup_m2sxxx.o
 .debug_line    0x0000101b      0x354 ./CMSIS/system_m2sxxx.o
 .debug_line    0x0000136f      0x4a8 ./core_gpio.o
 .debug_line    0x00001817      0x302 ./main.o

.debug_frame    0x00000000      0x94c
 *(.debug_frame)
 .debug_frame   0x00000000       0xf8 ./hal/CortexM3/cortex_nvic.o
 .debug_frame   0x000000f8       0xf0 ./drivers/CoreUARTapb/core_uart_apb.o
 .debug_frame   0x000001e8      0x2a8 ./CMSIS/startup_gcc/newlib_stubs.o
 .debug_frame   0x00000490      0x10c ./CMSIS/system_m2sxxx.o
 .debug_frame   0x0000059c      0x1c0 ./core_gpio.o
 .debug_frame   0x0000075c       0x70 ./main.o
 .debug_frame   0x000007cc       0x20 c:/microsemi/softconsole_v4.0/arm-none-eabi-gcc/bin/../lib/gcc/arm-none-eabi/4.9.3/../../../../arm-none-eabi/lib/armv7-m\libg.a(lib_a-errno.o)
 .debug_frame   0x000007ec       0x28 c:/microsemi/softconsole_v4.0/arm-none-eabi-gcc/bin/../lib/gcc/arm-none-eabi/4.9.3/../../../../arm-none-eabi/lib/armv7-m\libg.a(lib_a-exit.o)
 .debug_frame   0x00000814       0x2c c:/microsemi/softconsole_v4.0/arm-none-eabi-gcc/bin/../lib/gcc/arm-none-eabi/4.9.3/../../../../arm-none-eabi/lib/armv7-m\libg.a(lib_a-init.o)
 .debug_frame   0x00000840       0x34 c:/microsemi/softconsole_v4.0/arm-none-eabi-gcc/bin/../lib/gcc/arm-none-eabi/4.9.3/../../../../arm-none-eabi/lib/armv7-m\libg.a(lib_a-memset.o)
 .debug_frame   0x00000874       0x50 c:/microsemi/softconsole_v4.0/arm-none-eabi-gcc/bin/../lib/gcc/arm-none-eabi/4.9.3/../../../../arm-none-eabi/lib/armv7-m\libg.a(lib_a-__call_atexit.o)
 .debug_frame   0x000008c4       0x20 c:/microsemi/softconsole_v4.0/arm-none-eabi-gcc/bin/../lib/gcc/arm-none-eabi/4.9.3/../../../../arm-none-eabi/lib/armv7-m\libg.a(lib_a-atexit.o)
 .debug_frame   0x000008e4       0x34 c:/microsemi/softconsole_v4.0/arm-none-eabi-gcc/bin/../lib/gcc/arm-none-eabi/4.9.3/../../../../arm-none-eabi/lib/armv7-m\libg.a(lib_a-fini.o)
 .debug_frame   0x00000918       0x34 c:/microsemi/softconsole_v4.0/arm-none-eabi-gcc/bin/../lib/gcc/arm-none-eabi/4.9.3/../../../../arm-none-eabi/lib/armv7-m\libg.a(lib_a-__atexit.o)

.debug_str      0x00000000     0xf57b
 *(.debug_str)
 .debug_str     0x00000000     0x3492 ./hal/CortexM3/cortex_nvic.o
                               0x361a (size before relaxing)
 .debug_str     0x00003492     0x5706 ./drivers_config/sys_config/sys_config.o
                               0x870c (size before relaxing)
 .debug_str     0x00008b98      0xf6c ./drivers/CoreUARTapb/core_uart_apb.o
                               0x44e1 (size before relaxing)
 .debug_str     0x00009b04     0x3e57 ./CMSIS/startup_gcc/newlib_stubs.o
                               0x6a29 (size before relaxing)
 .debug_str     0x0000d95b      0xc9b ./CMSIS/system_m2sxxx.o
                               0x93bb (size before relaxing)
 .debug_str     0x0000e5f6      0x9c6 ./core_gpio.o
                               0x46ce (size before relaxing)
 .debug_str     0x0000efbc      0x5bf ./main.o
                               0x9901 (size before relaxing)

.debug_loc
 *(.debug_loc)

.debug_macinfo
 *(.debug_macinfo)

.debug_weaknames
 *(.debug_weaknames)

.debug_funcnames
 *(.debug_funcnames)

.debug_typenames
 *(.debug_typenames)

.debug_varnames
 *(.debug_varnames)

.note.gnu.arm.ident
 *(.note.gnu.arm.ident)

.ARM.attributes
                0x00000000       0x29
 *(.ARM.attributes)
 .ARM.attributes
                0x00000000       0x1d c:/microsemi/softconsole_v4.0/arm-none-eabi-gcc/bin/../lib/gcc/arm-none-eabi/4.9.3/armv7-m/crti.o
 .ARM.attributes
                0x0000001d       0x2d c:/microsemi/softconsole_v4.0/arm-none-eabi-gcc/bin/../lib/gcc/arm-none-eabi/4.9.3/armv7-m/crtbegin.o
 .ARM.attributes
                0x0000004a       0x1b c:/microsemi/softconsole_v4.0/arm-none-eabi-gcc/bin/../lib/gcc/arm-none-eabi/4.9.3/../../../../arm-none-eabi/lib/armv7-m/crt0.o
 .ARM.attributes
                0x00000065       0x21 ./hal/CortexM3/GNU/hal.o
 .ARM.attributes
                0x00000086       0x21 ./hal/CortexM3/GNU/hw_reg_access.o
 .ARM.attributes
                0x000000a7       0x33 ./hal/CortexM3/cortex_nvic.o
 .ARM.attributes
                0x000000da       0x33 ./drivers_config/sys_config/sys_config.o
 .ARM.attributes
                0x0000010d       0x33 ./drivers/CoreUARTapb/core_uart_apb.o
 .ARM.attributes
                0x00000140       0x33 ./CMSIS/startup_gcc/newlib_stubs.o
 .ARM.attributes
                0x00000173       0x21 ./CMSIS/startup_gcc/startup_m2sxxx.o
 .ARM.attributes
                0x00000194       0x33 ./CMSIS/system_m2sxxx.o
 .ARM.attributes
                0x000001c7       0x33 ./core_gpio.o
 .ARM.attributes
                0x000001fa       0x33 ./main.o
 .ARM.attributes
                0x0000022d       0x2d c:/microsemi/softconsole_v4.0/arm-none-eabi-gcc/bin/../lib/gcc/arm-none-eabi/4.9.3/../../../../arm-none-eabi/lib/armv7-m\libg.a(lib_a-errno.o)
 .ARM.attributes
                0x0000025a       0x2d c:/microsemi/softconsole_v4.0/arm-none-eabi-gcc/bin/../lib/gcc/arm-none-eabi/4.9.3/../../../../arm-none-eabi/lib/armv7-m\libg.a(lib_a-exit.o)
 .ARM.attributes
                0x00000287       0x2d c:/microsemi/softconsole_v4.0/arm-none-eabi-gcc/bin/../lib/gcc/arm-none-eabi/4.9.3/../../../../arm-none-eabi/lib/armv7-m\libg.a(lib_a-impure.o)
 .ARM.attributes
                0x000002b4       0x2d c:/microsemi/softconsole_v4.0/arm-none-eabi-gcc/bin/../lib/gcc/arm-none-eabi/4.9.3/../../../../arm-none-eabi/lib/armv7-m\libg.a(lib_a-init.o)
 .ARM.attributes
                0x000002e1       0x2d c:/microsemi/softconsole_v4.0/arm-none-eabi-gcc/bin/../lib/gcc/arm-none-eabi/4.9.3/../../../../arm-none-eabi/lib/armv7-m\libg.a(lib_a-memset.o)
 .ARM.attributes
                0x0000030e       0x2d c:/microsemi/softconsole_v4.0/arm-none-eabi-gcc/bin/../lib/gcc/arm-none-eabi/4.9.3/../../../../arm-none-eabi/lib/armv7-m\libg.a(lib_a-__call_atexit.o)
 .ARM.attributes
                0x0000033b       0x2d c:/microsemi/softconsole_v4.0/arm-none-eabi-gcc/bin/../lib/gcc/arm-none-eabi/4.9.3/../../../../arm-none-eabi/lib/armv7-m\libg.a(lib_a-atexit.o)
 .ARM.attributes
                0x00000368       0x2d c:/microsemi/softconsole_v4.0/arm-none-eabi-gcc/bin/../lib/gcc/arm-none-eabi/4.9.3/../../../../arm-none-eabi/lib/armv7-m\libg.a(lib_a-fini.o)
 .ARM.attributes
                0x00000395       0x2d c:/microsemi/softconsole_v4.0/arm-none-eabi-gcc/bin/../lib/gcc/arm-none-eabi/4.9.3/../../../../arm-none-eabi/lib/armv7-m\libg.a(lib_a-__atexit.o)
 .ARM.attributes
                0x000003c2       0x2d c:/microsemi/softconsole_v4.0/arm-none-eabi-gcc/bin/../lib/gcc/arm-none-eabi/4.9.3/armv7-m/crtend.o
 .ARM.attributes
                0x000003ef       0x1d c:/microsemi/softconsole_v4.0/arm-none-eabi-gcc/bin/../lib/gcc/arm-none-eabi/4.9.3/armv7-m/crtn.o

/DISCARD/
 *(.note.GNU-stack)
 *(.isr_vector)
OUTPUT(SF2_interrupt_tx.elf elf32-littlearm)

.debug_ranges   0x00000000      0x1d0
 .debug_ranges  0x00000000       0x38 ./hal/CortexM3/cortex_nvic.o
 .debug_ranges  0x00000038       0x38 ./drivers/CoreUARTapb/core_uart_apb.o
 .debug_ranges  0x00000070       0x98 ./CMSIS/startup_gcc/newlib_stubs.o
 .debug_ranges  0x00000108       0x40 ./CMSIS/system_m2sxxx.o
 .debug_ranges  0x00000148       0x68 ./core_gpio.o
 .debug_ranges  0x000001b0       0x20 ./main.o

.debug_macro    0x00000000     0x385d
 .debug_macro   0x00000000       0xa8 ./hal/CortexM3/cortex_nvic.o
 .debug_macro   0x000000a8      0x862 ./hal/CortexM3/cortex_nvic.o
 .debug_macro   0x0000090a       0x22 ./hal/CortexM3/cortex_nvic.o
 .debug_macro   0x0000092c       0x44 ./hal/CortexM3/cortex_nvic.o
 .debug_macro   0x00000970       0x58 ./hal/CortexM3/cortex_nvic.o
 .debug_macro   0x000009c8       0x22 ./hal/CortexM3/cortex_nvic.o
 .debug_macro   0x000009ea      0x1df ./hal/CortexM3/cortex_nvic.o
 .debug_macro   0x00000bc9       0x58 ./hal/CortexM3/cortex_nvic.o
 .debug_macro   0x00000c21       0x35 ./hal/CortexM3/cortex_nvic.o
 .debug_macro   0x00000c56       0x9c ./hal/CortexM3/cortex_nvic.o
 .debug_macro   0x00000cf2       0x1c ./hal/CortexM3/cortex_nvic.o
 .debug_macro   0x00000d0e       0xa9 ./drivers_config/sys_config/sys_config.o
 .debug_macro   0x00000db7       0x26 ./drivers_config/sys_config/sys_config.o
 .debug_macro   0x00000ddd       0x3a ./drivers_config/sys_config/sys_config.o
 .debug_macro   0x00000e17       0x34 ./drivers_config/sys_config/sys_config.o
 .debug_macro   0x00000e4b      0xc83 ./drivers_config/sys_config/sys_config.o
 .debug_macro   0x00001ace      0x265 ./drivers_config/sys_config/sys_config.o
 .debug_macro   0x00001d33       0x3a ./drivers_config/sys_config/sys_config.o
 .debug_macro   0x00001d6d       0x34 ./drivers_config/sys_config/sys_config.o
 .debug_macro   0x00001da1      0x119 ./drivers/CoreUARTapb/core_uart_apb.o
 .debug_macro   0x00001eba       0x64 ./drivers/CoreUARTapb/core_uart_apb.o
 .debug_macro   0x00001f1e      0x106 ./drivers/CoreUARTapb/core_uart_apb.o
 .debug_macro   0x00002024       0x46 ./drivers/CoreUARTapb/core_uart_apb.o
 .debug_macro   0x0000206a      0x186 ./CMSIS/startup_gcc/newlib_stubs.o
 .debug_macro   0x000021f0       0x16 ./CMSIS/startup_gcc/newlib_stubs.o
 .debug_macro   0x00002206      0x10e ./CMSIS/startup_gcc/newlib_stubs.o
 .debug_macro   0x00002314       0x86 ./CMSIS/startup_gcc/newlib_stubs.o
 .debug_macro   0x0000239a       0x4a ./CMSIS/startup_gcc/newlib_stubs.o
 .debug_macro   0x000023e4       0x52 ./CMSIS/startup_gcc/newlib_stubs.o
 .debug_macro   0x00002436       0x16 ./CMSIS/startup_gcc/newlib_stubs.o
 .debug_macro   0x0000244c       0x43 ./CMSIS/startup_gcc/newlib_stubs.o
 .debug_macro   0x0000248f      0x180 ./CMSIS/startup_gcc/newlib_stubs.o
 .debug_macro   0x0000260f      0x27a ./CMSIS/startup_gcc/newlib_stubs.o
 .debug_macro   0x00002889       0x16 ./CMSIS/startup_gcc/newlib_stubs.o
 .debug_macro   0x0000289f       0x29 ./CMSIS/startup_gcc/newlib_stubs.o
 .debug_macro   0x000028c8       0x16 ./CMSIS/startup_gcc/newlib_stubs.o
 .debug_macro   0x000028de       0x10 ./CMSIS/startup_gcc/newlib_stubs.o
 .debug_macro   0x000028ee       0x35 ./CMSIS/startup_gcc/newlib_stubs.o
 .debug_macro   0x00002923       0x22 ./CMSIS/startup_gcc/newlib_stubs.o
 .debug_macro   0x00002945       0xbe ./CMSIS/startup_gcc/newlib_stubs.o
 .debug_macro   0x00002a03      0x48e ./CMSIS/startup_gcc/newlib_stubs.o
 .debug_macro   0x00002e91       0x16 ./CMSIS/startup_gcc/newlib_stubs.o
 .debug_macro   0x00002ea7       0x10 ./CMSIS/startup_gcc/newlib_stubs.o
 .debug_macro   0x00002eb7       0x10 ./CMSIS/startup_gcc/newlib_stubs.o
 .debug_macro   0x00002ec7       0x10 ./CMSIS/startup_gcc/newlib_stubs.o
 .debug_macro   0x00002ed7       0x35 ./CMSIS/startup_gcc/newlib_stubs.o
 .debug_macro   0x00002f0c      0x122 ./CMSIS/startup_gcc/newlib_stubs.o
 .debug_macro   0x0000302e       0x10 ./CMSIS/startup_gcc/newlib_stubs.o
 .debug_macro   0x0000303e      0x241 ./CMSIS/startup_gcc/newlib_stubs.o
 .debug_macro   0x0000327f      0x155 ./CMSIS/system_m2sxxx.o
 .debug_macro   0x000033d4      0x10d ./core_gpio.o
 .debug_macro   0x000034e1      0x11c ./core_gpio.o
 .debug_macro   0x000035fd       0x64 ./core_gpio.o
 .debug_macro   0x00003661       0xca ./main.o
 .debug_macro   0x0000372b       0x10 ./main.o
 .debug_macro   0x0000373b      0x122 ./main.o

.comment        0x00000000       0x70
 .comment       0x00000000       0x70 ./hal/CortexM3/cortex_nvic.o
                                 0x71 (size before relaxing)
 .comment       0x00000000       0x71 ./drivers_config/sys_config/sys_config.o
 .comment       0x00000000       0x71 ./drivers/CoreUARTapb/core_uart_apb.o
 .comment       0x00000000       0x71 ./CMSIS/startup_gcc/newlib_stubs.o
 .comment       0x00000000       0x71 ./CMSIS/system_m2sxxx.o
 .comment       0x00000000       0x71 ./core_gpio.o
 .comment       0x00000000       0x71 ./main.o
